################################################################################
#                                                                              #
#      IAR Universal Linker V5.0.2.5/W32                                       #
#                                                                              #
#           Link time     =  18/Aug/2012  16:55:05                             #
#           Target CPU    =  x51                                               #
#           List file     =  E:\Dooya\zigbee-dev\timer_cc2530\iar\Debug\List\t #
#                            imer_cc2530.map                                   #
#           Output file 1 =  E:\Dooya\zigbee-dev\timer_cc2530\iar\Debug\Exe\ti #
#                            mer_cc2530.d51                                    #
#                            Format: debug                                     #
#                            UBROF version 10.0.3                              #
#                            Using library modules for C-SPY (-rt)             #
#           Command line  =  "-IC:\Program Files\IAR Systems\Embedded Workbenc #
#                            h 6.0 Evaluation\8051\CONFIG\"                    #
#                            -D_NR_OF_BANKS=0 -D_CODEBANK_END=0                #
#                            -D_CODEBANK_START=0                               #
#                            E:\Dooya\zigbee-dev\timer_cc2530\iar\Debug\Obj\ha #
#                            l_adc.r51                                         #
#                            E:\Dooya\zigbee-dev\timer_cc2530\iar\Debug\Obj\ha #
#                            l_board.r51                                       #
#                            E:\Dooya\zigbee-dev\timer_cc2530\iar\Debug\Obj\ha #
#                            l_clock.r51                                       #
#                            E:\Dooya\zigbee-dev\timer_cc2530\iar\Debug\Obj\ha #
#                            l_digio.r51                                       #
#                            E:\Dooya\zigbee-dev\timer_cc2530\iar\Debug\Obj\ha #
#                            l_flash.r51                                       #
#                            E:\Dooya\zigbee-dev\timer_cc2530\iar\Debug\Obj\ha #
#                            l_int.r51                                         #
#                            E:\Dooya\zigbee-dev\timer_cc2530\iar\Debug\Obj\ha #
#                            l_mcu.r51                                         #
#                            E:\Dooya\zigbee-dev\timer_cc2530\iar\Debug\Obj\ha #
#                            l_rf.r51                                          #
#                            E:\Dooya\zigbee-dev\timer_cc2530\iar\Debug\Obj\ha #
#                            l_timer.r51                                       #
#                            E:\Dooya\zigbee-dev\timer_cc2530\iar\Debug\Obj\ha #
#                            l_uart.r51                                        #
#                            E:\Dooya\zigbee-dev\timer_cc2530\iar\Debug\Obj\ma #
#                            c.r51                                             #
#                            E:\Dooya\zigbee-dev\timer_cc2530\iar\Debug\Obj\ma #
#                            c_gen.r51                                         #
#                            E:\Dooya\zigbee-dev\timer_cc2530\iar\Debug\Obj\ma #
#                            in.r51                                            #
#                            E:\Dooya\zigbee-dev\timer_cc2530\iar\Debug\Obj\ut #
#                            il.r51                                            #
#                            E:\Dooya\zigbee-dev\timer_cc2530\iar\Debug\Obj\ut #
#                            il_buffer.r51                                     #
#                            E:\Dooya\zigbee-dev\timer_cc2530\iar\Debug\Obj\ut #
#                            il_timer.r51                                      #
#                            -o                                                #
#                            E:\Dooya\zigbee-dev\timer_cc2530\iar\Debug\Exe\ti #
#                            mer_cc2530.d51                                    #
#                            -l                                                #
#                            E:\Dooya\zigbee-dev\timer_cc2530\iar\Debug\List\t #
#                            imer_cc2530.map                                   #
#                            -xes                                              #
#                            "-IC:\Program Files\IAR Systems\Embedded Workbenc #
#                            h 6.0 Evaluation\8051\LIB\"                       #
#                            -f                                                #
#                            "C:\Program Files\IAR Systems\Embedded Workbench  #
#                            6.0 Evaluation\8051\config\devices\Texas Instrume #
#                            nts\lnk51ew_CC2530F128.xcl"                       #
#                            (-D_IDATA0_START=0x00 -D_IDATA0_END=0xFF          #
#                            -D_PDATA0_START=0x1E00 -D_PDATA0_END=0x1EFF       #
#                            -D_IXDATA0_START=0x0001 -D_IXDATA0_END=0x1EFF     #
#                            -D_XDATA0_START=_IXDATA0_START                    #
#                            -D_XDATA0_END=_IXDATA0_END                        #
#                            -D_CODE0_START=0x0000 -D_CODE0_END=0xFFFF         #
#                            -D?REGISTER_BANK=0x0 -D_REGISTER_BANK_START=0x0   #
#                            -D_BREG_START=0x00 -D?VB=0x20 -D?ESP=0x9B         #
#                            -Z(BIT)BREG=_BREG_START -Z(BIT)BIT_N=0-7F         #
#                            -Z(DATA)REGISTERS+8=_REGISTER_BANK_START          #
#                            -Z(DATA)BDATA_Z,BDATA_N,BDATA_I=20-2F             #
#                            -Z(DATA)VREG+_NR_OF_VIRTUAL_REGISTERS=08-7F       #
#                            -Z(DATA)PSP,XSP=08-7F -Z(DATA)DOVERLAY=08-7F      #
#                            -Z(DATA)DATA_I,DATA_Z,DATA_N=08-7F                #
#                            -U(IDATA)0-7F=(DATA)0-7F                          #
#                            -Z(IDATA)IDATA_I,IDATA_Z,IDATA_N=08-_IDATA0_END   #
#                            -Z(IDATA)ISTACK+_IDATA_STACK_SIZE#08-_IDATA0_END  #
#                            -Z(IDATA)IOVERLAY=08-FF -Z(CODE)INTVEC=0          #
#                            -Z(CODE)CSTART=_CODE0_START-_CODE0_END            #
#                            -Z(CODE)BIT_ID,BDATA_ID,DATA_ID,IDATA_ID,IXDATA_I #
#                            D,PDATA_ID,XDATA_ID=_CODE0_START-_CODE0_END       #
#                            -Z(CODE)RCODE,DIFUNCT,CODE_C,CODE_N,NEAR_CODE=_CO #
#                            DE0_START-_CODE0_END                              #
#                            -Z(CODE)CHECKSUM#_CODE0_END                       #
#                            -Z(XDATA)PDATA_Z,PDATA_I=_PDATA0_START-_PDATA0_EN #
#                            D                                                 #
#                            -P(XDATA)PDATA_N=_PDATA0_START-_PDATA0_END        #
#                            -Z(XDATA)PSTACK+_PDATA_STACK_SIZE=_PDATA0_START-_ #
#                            PDATA0_END                                        #
#                            -Z(XDATA)EXT_STACK+_EXTENDED_STACK_SIZE=_EXTENDED #
#                            _STACK_START                                      #
#                            -Z(XDATA)XSTACK+_XDATA_STACK_SIZE=_XDATA0_START-_ #
#                            XDATA0_END                                        #
#                            -Z(XDATA)IXDATA_Z,IXDATA_I=_IXDATA0_START-_IXDATA #
#                            0_END                                             #
#                            -P(XDATA)IXDATA_N=_IXDATA0_START-_IXDATA0_END     #
#                            -Z(XDATA)XDATA_Z,XDATA_I=_XDATA0_START-_XDATA0_EN #
#                            D                                                 #
#                            -P(XDATA)XDATA_N=_XDATA0_START-_XDATA0_END        #
#                            -Z(XDATA)XDATA_HEAP+_XDATA_HEAP_SIZE=_XDATA0_STAR #
#                            T-_XDATA0_END                                     #
#                            -Z(CONST)XDATA_ROM_C=_XDATA0_START-_XDATA0_END    #
#                            -cx51) -D_NR_OF_VIRTUAL_REGISTERS=8               #
#                            -D?PBANK=0x93 -e_small_write=_formatted_write     #
#                            -e_medium_read=_formatted_read -rt -s             #
#                            __program_start                                   #
#                            "C:\Program Files\IAR Systems\Embedded Workbench  #
#                            6.0 Evaluation\8051\LIB\CLIB\cl-pli-nlxd-1e16x01. #
#                            r51"                                              #
#                            -D_IDATA_STACK_SIZE=0x40                          #
#                            -D_EXTENDED_STACK_START=0x00                      #
#                            -D_EXTENDED_STACK_SIZE=0x00                       #
#                            -D_PDATA_STACK_SIZE=0x80                          #
#                            -D_XDATA_STACK_SIZE=0x180                         #
#                            -D_XDATA_HEAP_SIZE=0xFF -D_FAR_HEAP_SIZE=0xFFF    #
#                            -D_HUGE_HEAP_SIZE=0xFFF                           #
#                            -D_FAR22_HEAP_SIZE=0xFFF                          #
#                                                                              #
#                           Copyright (C) 1987-2010 IAR Systems AB.            #
################################################################################





                ****************************************
                *                                      *
                *           CROSS REFERENCE            *
                *                                      *
                ****************************************

       Program entry at : CODE      000000D3  Relocatable, from module : CSTARTUP




                ****************************************
                *                                      *
                *            RUNTIME MODEL             *
                *                                      *
                ****************************************

  __SystemLibrary          = CLib
  __calling_convention     = xdata_reentrant
  __code_model             = near
  __core                   = plain
  __data_model             = large
  __dptr_size              = 16
  __extended_stack         = disabled
  __location_for_constants = data
  __number_of_dptrs        = 1
  __rt_version             = 1

                ****************************************
                *                                      *
                *              ENTRY LIST              *
                *                                      *
                ****************************************

Module  Entry                      Address
------  -----                      -------
?FILLER_BYTES
?ABS_ENTRY_MOD
        _FAR22_HEAP_SIZE           CODE 00000FFF
        _HUGE_HEAP_SIZE            CODE 00000FFF
        _FAR_HEAP_SIZE             CODE 00000FFF
        _XDATA_HEAP_SIZE           CODE 000000FF
        _XDATA_STACK_SIZE          CODE 00000180
        _PDATA_STACK_SIZE          CODE 00000080
        _EXTENDED_STACK_SIZE       CODE 00000000
        _EXTENDED_STACK_START      CODE 00000000
        _IDATA_STACK_SIZE          CODE 00000040
        ?PBANK                     CODE 00000093
        _NR_OF_VIRTUAL_REGISTERS   CODE 00000008
        ?ESP                       CODE 0000009B
        ?VB                        CODE 00000020
        _BREG_START                CODE 00000000
        _REGISTER_BANK_START       CODE 00000000
        ?REGISTER_BANK             CODE 00000000
        _CODE0_END                 CODE 0000FFFF
        _CODE0_START               CODE 00000000
        _XDATA0_END                CODE 00001EFF
        _XDATA0_START              CODE 00000001
        _IXDATA0_END               CODE 00001EFF
        _IXDATA0_START             CODE 00000001
        _PDATA0_END                CODE 00001EFF
        _PDATA0_START              CODE 00001E00
        _IDATA0_END                CODE 000000FF
        _IDATA0_START              CODE 00000000
        _CODEBANK_START            CODE 00000000
        _CODEBANK_END              CODE 00000000
        _NR_OF_BANKS               CODE 00000000
hal_adc ( E:\Dooya\zigbee-dev\timer_cc2530\iar\Debug\Obj\hal_adc.r51 )
        _A_TCON                    DATA 00000088
        ADCCON3                    DATA 000000B6
        ADCL                       DATA 000000BA
        ADCH                       DATA 000000BB
        ADCCFG                     DATA 000000F2
        TCON                       DATA 00000088
hal_board ( E:\Dooya\zigbee-dev\timer_cc2530\iar\Debug\Obj\hal_board.r51 )
        CLKCONSTA                  DATA 0000009E
        PERCFG                     DATA 000000F1
        P1SEL                      DATA 000000F4
        P1INP                      DATA 000000F6
        P2INP                      DATA 000000F7
        _A_U1CSR                   DATA 000000F8
        U1BAUD                     DATA 000000FA
        U1UCR                      DATA 000000FB
        U1GCR                      DATA 000000FC
        P1DIR                      DATA 000000FE
        halBoardInit               CODE 000003CF
        U1CSR                      DATA 000000F8
hal_clock ( E:\Dooya\zigbee-dev\timer_cc2530\iar\Debug\Obj\hal_clock.r51 )
        SLEEPSTA                   DATA 0000009D
        SLEEPCMD                   DATA 000000BE
        CLKCONCMD                  DATA 000000C6
        clockSetMainSrc            CODE 000003D5
        clockSelect32k             CODE 00000409
hal_digio ( E:\Dooya\zigbee-dev\timer_cc2530\iar\Debug\Obj\hal_digio.r51 )
        _A_P0                      DATA 00000080
        P0IFG                      DATA 00000089
        P1IFG                      DATA 0000008A
        P2IFG                      DATA 0000008B
        PICTL                      DATA 0000008C
        P1IEN                      DATA 0000008D
        _A_P1                      DATA 00000090
        IEN2                       DATA 0000009A
        _A_P2                      DATA 000000A0
        _A_IEN0                    DATA 000000A8
        P0IEN                      DATA 000000AB
        P2IEN                      DATA 000000AC
        _A_IEN1                    DATA 000000B8
        _A_IRCON                   DATA 000000C0
        _A_IRCON2                  DATA 000000E8
        P0SEL                      DATA 000000F3
        P2SEL                      DATA 000000F5
        P0DIR                      DATA 000000FD
        P2DIR                      DATA 000000FF
        port0_ISR                  CODE 00000431
        port1_ISR                  CODE 000004C1
        port2_ISR                  CODE 00000551
        port2_ISR::??INTVEC 51     CODE 00000033
        port0_ISR::??INTVEC 107    CODE 0000006B
        port1_ISR::??INTVEC 123    CODE 0000007B
        P0                         DATA 00000080
        P1                         DATA 00000090
        P2                         DATA 000000A0
        IEN0                       DATA 000000A8
        IEN1                       DATA 000000B8
        IRCON                      DATA 000000C0
        IRCON2                     DATA 000000E8
        port0_isr_tbl              XDATA 00000181
        port1_isr_tbl              XDATA 00000191
        port2_isr_tbl              XDATA 000001A1
hal_flash ( E:\Dooya\zigbee-dev\timer_cc2530\iar\Debug\Obj\hal_flash.r51 )
        MEMCTR                     DATA 000000C7
        DMAIRQ                     DATA 000000D1
        DMA0CFGL                   DATA 000000D4
        DMA0CFGH                   DATA 000000D5
        DMAARM                     DATA 000000D6
        HalFlashRead               CODE 000005E1
        IEN0                       DATA 000000A8
        IEN1                       DATA 000000B8
hal_int ( E:\Dooya\zigbee-dev\timer_cc2530\iar\Debug\Obj\hal_int.r51 )
        halIntOn                   CODE 0000067D
        halIntLock                 CODE 00000680
        halIntUnlock               CODE 0000068A
        IEN0                       DATA 000000A8
hal_mcu ( E:\Dooya\zigbee-dev\timer_cc2530\iar\Debug\Obj\hal_mcu.r51 )
        ADCCON1                    DATA 000000B4
        RNDL                       DATA 000000BC
        RNDH                       DATA 000000BD
        WDCTL                      DATA 000000C9
        halMcuInit                 CODE 00000690
hal_rf ( E:\Dooya\zigbee-dev\timer_cc2530\iar\Debug\Obj\hal_rf.r51 )
        RFIRQF1                    DATA 00000091
        S1CON                      DATA 0000009B
        RFD                        DATA 000000D9
        RFST                       DATA 000000E1
        RFIRQF0                    DATA 000000E9
        halRfInit                  CODE 000006A8
        halRfGetChipId             CODE 000006E1
        halRfSetChannel            CODE 000006EF
        halRfSetShortAddr          CODE 00000703
        halRfSetExtAddr            CODE 00000718
        halRfSetPanId              CODE 000007A8
        halRfWriteTxBuf            CODE 000007BD
        halRfTransmit              CODE 000007E9
        halRfReceiveOn             CODE 00000810
        halRfDisableRxInterrupt    CODE 00000817
        halRfEnableRxInterrupt     CODE 0000082A
        halRfRxInterruptConfig     CODE 0000083D
        rfIsr                      CODE 0000085A
        rfIsr::??INTVEC 131        CODE 00000083
        IEN0                       DATA 000000A8
        pfISR                      XDATA 000001AB
hal_timer ( E:\Dooya\zigbee-dev\timer_cc2530\iar\Debug\Obj\hal_timer.r51 )
        T1STAT                     DATA 000000AF
        T3CTL                      DATA 000000CB
        T3CCTL0                    DATA 000000CC
        T3CCTL1                    DATA 000000CE
        _A_TIMIF                   DATA 000000D8
        T1CTL                      DATA 000000E4
        T1CCTL0                    DATA 000000E5
        T1CCTL1                    DATA 000000E6
        T1CCTL2                    DATA 000000E7
        T4CTL                      DATA 000000EB
        T4CCTL0                    DATA 000000EC
        T4CCTL1                    DATA 000000EE
        HalTimerInit               CODE 00000898
        HalTimerConfig             CODE 00000988
        HalTimerStart              CODE 00000AC9
        halTimerSetCount           CODE 00000C01
        halTimerSetPrescale        CODE 00000CF5
        halTimerSetOpMode          CODE 00000D1D
        halTimerSetChannelMode     CODE 00000D86
        HalTimerInterruptEnable    CODE 00000DFC
        halTimerSendCallBack       CODE 00000FAF
        halTimerRemap              CODE 0000102C
        halProcessTimer1           CODE 00001045
        halProcessTimer3           CODE 000010F2
        halProcessTimer4           CODE 00001184
        halTimer1Isr               CODE 00001216
        halTimer3Isr               CODE 00001225
        halTimer4Isr               CODE 00001234
        halTimer1Isr::??INTVEC 75  CODE 0000004B
        halTimer3Isr::??INTVEC 91  CODE 0000005B
        halTimer4Isr::??INTVEC 99  CODE 00000063
        IEN1                       DATA 000000B8
        TIMIF                      DATA 000000D8
        halTimerRecord             XDATA 000001AD
        halTimerChannel            XDATA 000001CB
hal_uart ( E:\Dooya\zigbee-dev\timer_cc2530\iar\Debug\Obj\hal_uart.r51 )
        U0CSR                      DATA 00000086
        U0DBUF                     DATA 000000C1
        U0BAUD                     DATA 000000C2
        U0UCR                      DATA 000000C4
        U0GCR                      DATA 000000C5
        usart0Rx_ISR               CODE 00001247
        usart0Tx_ISR               CODE 00001279
        usart0Rx_ISR::??INTVEC 19  CODE 00000013
        usart0Tx_ISR::??INTVEC 59  CODE 0000003B
        P0                         DATA 00000080
        TCON                       DATA 00000088
        IEN0                       DATA 000000A8
        IRCON2                     DATA 000000E8
        rbTxBuf                    XDATA 000001E9
        puISR                      XDATA 00000282
        halUartTxIntDisable        CODE 00001243
mac ( E:\Dooya\zigbee-dev\timer_cc2530\iar\Debug\Obj\mac.r51 )
        mac_init                   CODE 000012BF
        mac_out                    CODE 0000137C
        mac_tx_handle              CODE 000013AB
        data_updata                CODE 000014A0
        pib                        XDATA 00000284
        pcb                        XDATA 000002A7
        RfRxFrmDoneIsr             CODE 00001517
mac_gen ( E:\Dooya\zigbee-dev\timer_cc2530\iar\Debug\Obj\mac_gen.r51 )
        mac_gen_frm_ctrl           CODE 0000151D
        mac_gen_header             CODE 000015E9
main ( E:\Dooya\zigbee-dev\timer_cc2530\iar\Debug\Obj\main.r51 )
        main                       CODE 00001960
util ( E:\Dooya\zigbee-dev\timer_cc2530\iar\Debug\Obj\util.r51 )
util_buffer ( E:\Dooya\zigbee-dev\timer_cc2530\iar\Debug\Obj\util_buffer.r51 )
        bufGet                     CODE 0000196B
        bufNumBytes                CODE 00001A16
util_timer ( E:\Dooya\zigbee-dev\timer_cc2530\iar\Debug\Obj\util_timer.r51 )
        timer1_init                CODE 00001A2B
        __Constant_c350            XDATA 000002D4
        util_Timer1CallBack        CODE 00001A62
?cexit ( C:\Program Files\IAR Systems\Embedded Workbench 6.0 Evaluation\8051\LIB\CLIB\cl-pli-nlxd-1e16x01.r51 )
        exit                       CODE 00000086
        ?C_EXIT                    CODE 00000086
        ?ROM_MONITOR_NOPS          CODE 00000086
?cmain ( C:\Program Files\IAR Systems\Embedded Workbench 6.0 Evaluation\8051\LIB\CLIB\cl-pli-nlxd-1e16x01.r51 )
        ?cmain                     CODE 0000008B
        __low_level_init_call      CODE 0000008B
        __INIT_XDATA_Z             CODE 00000094
        __INIT_XDATA_I             CODE 000000A4
        ?call_main                 CODE 000000CD
CSTARTUP ( C:\Program Files\IAR Systems\Embedded Workbench 6.0 Evaluation\8051\LIB\CLIB\cl-pli-nlxd-1e16x01.r51 )
        ?REGISTERS                 DATA 00000000
        ?ISTACK_START              IDATA 000000C0
        ?XSTACK_START              XDATA 00000001
        __program_start            CODE 000000D3
        ?RESET_SP                  CODE 000000D6
        ?RESET_XSP                 CODE 000000D9
VIRTUAL_REGISTERS ( C:\Program Files\IAR Systems\Embedded Workbench 6.0 Evaluation\8051\LIB\CLIB\cl-pli-nlxd-1e16x01.r51 )
        ?B0                        BIT 00000020.0
        ?V0                        DATA 00000008
        ?XSP                       DATA 00000010
?SL_GT_X ( C:\Program Files\IAR Systems\Embedded Workbench 6.0 Evaluation\8051\LIB\CLIB\cl-pli-nlxd-1e16x01.r51 )
?L_MUL ( C:\Program Files\IAR Systems\Embedded Workbench 6.0 Evaluation\8051\LIB\CLIB\cl-pli-nlxd-1e16x01.r51 )
        ?L_MUL                     CODE 000000EC
        ?L_MUL_REW                 CODE 000000EF
?UL_DIV_MOD ( C:\Program Files\IAR Systems\Embedded Workbench 6.0 Evaluation\8051\LIB\CLIB\cl-pli-nlxd-1e16x01.r51 )
        ?UL_DIV_MOD                CODE 0000016C
?L_DIV_MOD ( C:\Program Files\IAR Systems\Embedded Workbench 6.0 Evaluation\8051\LIB\CLIB\cl-pli-nlxd-1e16x01.r51 )
?L_NEG_R1 ( C:\Program Files\IAR Systems\Embedded Workbench 6.0 Evaluation\8051\LIB\CLIB\cl-pli-nlxd-1e16x01.r51 )
?L_NEG ( C:\Program Files\IAR Systems\Embedded Workbench 6.0 Evaluation\8051\LIB\CLIB\cl-pli-nlxd-1e16x01.r51 )
?L_MOV_X ( C:\Program Files\IAR Systems\Embedded Workbench 6.0 Evaluation\8051\LIB\CLIB\cl-pli-nlxd-1e16x01.r51 )
?L_MOV_TO_X ( C:\Program Files\IAR Systems\Embedded Workbench 6.0 Evaluation\8051\LIB\CLIB\cl-pli-nlxd-1e16x01.r51 )
?XLOAD_R2345 ( C:\Program Files\IAR Systems\Embedded Workbench 6.0 Evaluation\8051\LIB\CLIB\cl-pli-nlxd-1e16x01.r51 )
        ?XLOAD_R2345               CODE 000001DC
?XSTORE_R2345 ( C:\Program Files\IAR Systems\Embedded Workbench 6.0 Evaluation\8051\LIB\CLIB\cl-pli-nlxd-1e16x01.r51 )
?MOVE_LONG8_XDATA_IDATA ( C:\Program Files\IAR Systems\Embedded Workbench 6.0 Evaluation\8051\LIB\CLIB\cl-pli-nlxd-1e16x01.r51 )
        ?MOVE_LONG8_XDATA_IDATA    CODE 000001E8
iar_move_long_fg ( C:\Program Files\IAR Systems\Embedded Workbench 6.0 Evaluation\8051\LIB\CLIB\cl-pli-nlxd-1e16x01.r51 )
?US_SHR ( C:\Program Files\IAR Systems\Embedded Workbench 6.0 Evaluation\8051\LIB\CLIB\cl-pli-nlxd-1e16x01.r51 )
?S_SHL ( C:\Program Files\IAR Systems\Embedded Workbench 6.0 Evaluation\8051\LIB\CLIB\cl-pli-nlxd-1e16x01.r51 )
        ?S_SHL                     CODE 000001F5
        ?S_SHL_REW                 CODE 000001F8
?ALLOC_XSTACK8 ( C:\Program Files\IAR Systems\Embedded Workbench 6.0 Evaluation\8051\LIB\CLIB\cl-pli-nlxd-1e16x01.r51 )
        ?ALLOC_XSTACK8             CODE 00000208
?DEALLOC_XSTACK8 ( C:\Program Files\IAR Systems\Embedded Workbench 6.0 Evaluation\8051\LIB\CLIB\cl-pli-nlxd-1e16x01.r51 )
        ?DEALLOC_XSTACK8           CODE 0000021E
?ADD_XSTACK_DISP8 ( C:\Program Files\IAR Systems\Embedded Workbench 6.0 Evaluation\8051\LIB\CLIB\cl-pli-nlxd-1e16x01.r51 )
        ?ADD_XSTACK_DISP0_8        CODE 00000238
?XSTACK_DISP8 ( C:\Program Files\IAR Systems\Embedded Workbench 6.0 Evaluation\8051\LIB\CLIB\cl-pli-nlxd-1e16x01.r51 )
        ?XSTACK_DISP0_8            CODE 00000253
?CALL_IND ( C:\Program Files\IAR Systems\Embedded Workbench 6.0 Evaluation\8051\LIB\CLIB\cl-pli-nlxd-1e16x01.r51 )
        ?CALL_IND                  CODE 0000025D
?FUNC_ENTER_XDATA ( C:\Program Files\IAR Systems\Embedded Workbench 6.0 Evaluation\8051\LIB\CLIB\cl-pli-nlxd-1e16x01.r51 )
        ?FUNC_ENTER_XDATA          CODE 0000025F
?FUNC_LEAVE_XDATA ( C:\Program Files\IAR Systems\Embedded Workbench 6.0 Evaluation\8051\LIB\CLIB\cl-pli-nlxd-1e16x01.r51 )
        ?FUNC_LEAVE_XDATA          CODE 000002C5
?INTERRUPT_ENTER_XSP ( C:\Program Files\IAR Systems\Embedded Workbench 6.0 Evaluation\8051\LIB\CLIB\cl-pli-nlxd-1e16x01.r51 )
        ?INTERRUPT_ENTER_XSP       CODE 00000305
?INTERRUPT_LEAVE_XSP ( C:\Program Files\IAR Systems\Embedded Workbench 6.0 Evaluation\8051\LIB\CLIB\cl-pli-nlxd-1e16x01.r51 )
        ?INTERRUPT_LEAVE_XSP       CODE 00000364
iar_stack_enter_leave_dptr ( C:\Program Files\IAR Systems\Embedded Workbench 6.0 Evaluation\8051\LIB\CLIB\cl-pli-nlxd-1e16x01.r51 )
?PUSH_XSTACK_I ( C:\Program Files\IAR Systems\Embedded Workbench 6.0 Evaluation\8051\LIB\CLIB\cl-pli-nlxd-1e16x01.r51 )
        ?PUSH_XSTACK_I_TWO         CODE 000003BC
        ?PUSH_XSTACK_I_ONE         CODE 000003C0
        ?PUSH_XSTACK_I             CODE 000003C2
?memcpy ( C:\Program Files\IAR Systems\Embedded Workbench 6.0 Evaluation\8051\LIB\CLIB\cl-pli-nlxd-1e16x01.r51 )
        memcpy                     CODE 00001A65
?memset ( C:\Program Files\IAR Systems\Embedded Workbench 6.0 Evaluation\8051\LIB\CLIB\cl-pli-nlxd-1e16x01.r51 )
        memset                     CODE 00001AAB
?low_level_init ( C:\Program Files\IAR Systems\Embedded Workbench 6.0 Evaluation\8051\LIB\CLIB\cl-pli-nlxd-1e16x01.r51 )
        __low_level_init           CODE 000000E2


                ****************************************
                *                                      *
                *      SEGMENTS IN ADDRESS ORDER       *
                *                                      *
                ****************************************


SEGMENT              SPACE    START ADDRESS   END ADDRESS     SIZE  TYPE  ALIGN
=======              =====    =============   ===========     ====  ====  =====
INTVEC               CODE          00000000 - 00000085          86   com    0
CSTART               CODE          00000086 - 000000E4          5F   rel    0
DATA_ID              CODE               000000E5                     dse    0
BDATA_ID             CODE               000000E5                     dse    0
BIT_ID               CODE               000000E5                     dse    0
IDATA_ID             CODE               000000E5                     dse    0
IXDATA_ID            CODE               000000E5                     dse    0
PDATA_ID             CODE               000000E5                     dse    0
XDATA_ID             CODE          000000E5 - 000000EB           7   rel    0
RCODE                CODE          000000EC - 000003CE         2E3   rel    0
DIFUNCT              CODE               000003CF                     dse    0
CODE_C               CODE               000003CF                     dse    0
CODE_N               CODE               000003CF                     dse    0
NEAR_CODE            CODE          000003CF - 00001AD7        1709   rel    0
REGISTERS            DATA          00000000 - 00000007           8   rel    0
VREG                 DATA          00000008 - 0000000F           8   rel    0
PSP                  DATA               00000010                     dse    0
XSP                  DATA          00000010 - 00000011           2   rel    0
BREG                 BIT        00000020.0  -  00000020.7        8   rel    0
SFR_AN               DATA          00000080 - 00000080           1   rel    0
                     DATA          00000086 - 00000086           1 
                     DATA          00000088 - 0000008D           6 
                     DATA          00000090 - 00000091           2 
                     DATA          0000009A - 0000009B           2 
                     DATA          0000009D - 0000009E           2 
                     DATA          000000A0 - 000000A0           1 
                     DATA          000000A8 - 000000A8           1 
                     DATA          000000AB - 000000AC           2 
                     DATA          000000AF - 000000AF           1 
                     DATA          000000B4 - 000000B4           1 
                     DATA          000000B6 - 000000B6           1 
                     DATA          000000B8 - 000000B8           1 
                     DATA          000000BA - 000000BE           5 
                     DATA          000000C0 - 000000C2           3 
                     DATA          000000C4 - 000000C7           4 
                     DATA          000000C9 - 000000C9           1 
                     DATA          000000CB - 000000CC           2 
                     DATA          000000CE - 000000CE           1 
                     DATA          000000D1 - 000000D1           1 
                     DATA          000000D4 - 000000D6           3 
                     DATA          000000D8 - 000000D9           2 
                     DATA          000000E1 - 000000E1           1 
                     DATA          000000E4 - 000000E9           6 
                     DATA          000000EB - 000000EC           2 
                     DATA          000000EE - 000000EE           1 
                     DATA          000000F1 - 000000F8           8 
                     DATA          000000FA - 000000FF           6 
XSTACK               XDATA         00000001 - 00000180         180   rel    0
XDATA_Z              XDATA         00000181 - 000002D0         150   rel    0
XDATA_I              XDATA         000002D1 - 000002D7           7   rel    0
ISTACK               IDATA         000000C0 - 000000FF          40   rel    0

                ****************************************
                *                                      *
                *        END OF CROSS REFERENCE        *
                *                                      *
                ****************************************

 6 872 bytes of CODE  memory
    18 bytes of DATA  memory (+ 68 absolute )
   727 bytes of XDATA memory
    64 bytes of IDATA memory
     8 bits  of BIT   memory

Errors: none
Warnings: none

