###############################################################################
#                                                                             #
#                                                       24/Jun/2013  16:35:49 #
# IAR C/C++ Compiler V5.50.1.20465/W32, Evaluation edition for MSP430         #
# Copyright 1996-2012 IAR Systems AB.                                         #
#                                                                             #
#    __rt_version  =  3                                                       #
#    __double_size =  32                                                      #
#    __reg_r4      =  free                                                    #
#    __reg_r5      =  free                                                    #
#    __pic         =  no                                                      #
#    __core        =  430                                                     #
#    Source file   =  E:\Dooya\dooya_dev\DU0106\Source\smoke\src\radio\cc1101 #
#                     _handle.c                                               #
#    Command line  =  E:\Dooya\dooya_dev\DU0106\Source\smoke\src\radio\cc1101 #
#                     _handle.c -lC E:\Dooya\dooya_dev\DU0106\Source\smoke\ia #
#                     r\Debug\List\ -lA E:\Dooya\dooya_dev\DU0106\Source\smok #
#                     e\iar\Debug\List\ -o E:\Dooya\dooya_dev\DU0106\Source\s #
#                     moke\iar\Debug\Obj\ --no_cse --no_unroll --no_inline    #
#                     --no_code_motion --no_tbaa --debug -D__MSP430G2433__    #
#                     -e --double=32 --dlib_config "C:\Program Files\IAR      #
#                     Systems\Embedded Workbench 6.4                          #
#                     Evaluation\430\LIB\DLIB\dl430fn.h" -I                   #
#                     E:\Dooya\dooya_dev\DU0106\Source\smoke\iar\..\src\app\  #
#                     -I E:\Dooya\dooya_dev\DU0106\Source\smoke\iar\..\src\bs #
#                     p\ -I E:\Dooya\dooya_dev\DU0106\Source\smoke\iar\..\src #
#                     \lib\ -I E:\Dooya\dooya_dev\DU0106\Source\smoke\iar\..\ #
#                     src\Radio\ -I E:\Dooya\dooya_dev\DU0106\Source\smoke\ia #
#                     r\..\src\Radio\CC1101\ -I E:\Dooya\dooya_dev\DU0106\Sou #
#                     rce\smoke\iar\..\src\Radio\Si4455\ -Ol                  #
#    List file     =  E:\Dooya\dooya_dev\DU0106\Source\smoke\iar\Debug\List\c #
#                     c1101_handle.lst                                        #
#    Object file   =  E:\Dooya\dooya_dev\DU0106\Source\smoke\iar\Debug\Obj\cc #
#                     1101_handle.r43                                         #
#                                                                             #
#                                                                             #
###############################################################################

E:\Dooya\dooya_dev\DU0106\Source\smoke\src\radio\cc1101_handle.c
      1          #include "bsp.h"
      2          

   \                                 In  segment DATA16_I, align 1, align-sorted
   \   000000                REQUIRE ?cstart_init_copy
      3          uint8_t send_dat[] = {0x01,0x02};
   \                     send_dat:
   \   000000                DS8 2
   \   000002                REQUIRE `?<Initializer for send_dat>`
      4          

   \                                 In  segment CODE, align 2
      5          void radio_handle(void)
   \                     radio_handle:
      6          {
      7          	;
      8          }
   \   000000   3041         RET
      9          

   \                                 In  segment CODE, align 2
     10          void radio_timer_send(void)
   \                     radio_timer_send:
     11          {
     12          	CC1101_Write_Fifo(send_dat, sizeof(send_dat));
   \   000000   6D43         MOV.B   #0x2, R13
   \   000002   3C40....     MOV.W   #send_dat, R12
   \   000006   B012....     CALL    #CC1101_Write_Fifo
     13          	CC1101_Send_Packet();
   \   00000A   3040....     BR      #CC1101_Send_Packet
     14          }

   \                                 In  segment DATA16_ID, align 1, align-sorted
   \                     `?<Initializer for send_dat>`:
   \   000000   0102         DC8 1, 2

   Maximum stack usage in bytes:

   CSTACK Function
   ------ --------
       2  radio_handle
       2  radio_timer_send
            2 -> CC1101_Send_Packet
            2 -> CC1101_Write_Fifo


   Segment part sizes:

   Bytes  Function/Label
   -----  --------------
       2  ?<Initializer for send_dat>
       2  radio_handle
      14  radio_timer_send
       2  send_dat

 
 16 bytes in segment CODE
  2 bytes in segment DATA16_I
  2 bytes in segment DATA16_ID
 
 16 bytes of CODE  memory
  2 bytes of CONST memory
  2 bytes of DATA  memory

Errors: none
Warnings: none
