################################################################################
#                                                                              #
#      IAR Universal Linker V5.3.2.26                                          #
#                                                                              #
#           Link time     =  24/Jun/2013  17:27:50                             #
#           Target CPU    =  MSP430                                            #
#           List file     =  E:\Dooya\dooya_dev\DU0106\Source\smoke\iar\Debug\ #
#                            List\smoke.map                                    #
#           Output file 1 =  E:\Dooya\dooya_dev\DU0106\Source\smoke\iar\Debug\ #
#                            Exe\smoke.d43                                     #
#                            Format: debug                                     #
#                            UBROF version 10.0.6                              #
#                            Using library modules for C-SPY (-rt)             #
#           Command line  =  E:\Dooya\dooya_dev\DU0106\Source\smoke\iar\Debug\ #
#                            Obj\RfTranceiver.r43                              #
#                            E:\Dooya\dooya_dev\DU0106\Source\smoke\iar\Debug\ #
#                            Obj\cc1101_handle.r43                             #
#                            E:\Dooya\dooya_dev\DU0106\Source\smoke\iar\Debug\ #
#                            Obj\gpio.r43                                      #
#                            E:\Dooya\dooya_dev\DU0106\Source\smoke\iar\Debug\ #
#                            Obj\main.r43                                      #
#                            E:\Dooya\dooya_dev\DU0106\Source\smoke\iar\Debug\ #
#                            Obj\spi.r43                                       #
#                            E:\Dooya\dooya_dev\DU0106\Source\smoke\iar\Debug\ #
#                            Obj\timer.r43                                     #
#                            -o                                                #
#                            E:\Dooya\dooya_dev\DU0106\Source\smoke\iar\Debug\ #
#                            Exe\smoke.d43                                     #
#                            -l                                                #
#                            E:\Dooya\dooya_dev\DU0106\Source\smoke\iar\Debug\ #
#                            List\smoke.map                                    #
#                            -xms                                              #
#                            "-IC:\Program Files\IAR Systems\Embedded Workbenc #
#                            h 6.4 Evaluation\430\LIB\"                        #
#                            -f                                                #
#                            "C:\Program Files\IAR Systems\Embedded Workbench  #
#                            6.4 Evaluation\430\CONFIG\lnk430G2433.xcl"        #
#                            (-cmsp430 -QCODE_I=CODE_ID                        #
#                            -Z(DATA)DATA16_I,DATA16_Z,DATA16_N,TLS16_I,DATA16 #
#                            _HEAP+_DATA16_HEAP_SIZE=0200-03FF                 #
#                            -Z(DATA)CODE_I -Z(DATA)CSTACK+_STACK_SIZE#        #
#                            -Z(CONST)INFO=1000-10FF                           #
#                            -Z(CONST)INFOA=10C0-10FF                          #
#                            -Z(CONST)INFOB=1080-10BF                          #
#                            -Z(CONST)INFOC=1040-107F                          #
#                            -Z(CONST)INFOD=1000-103F                          #
#                            -Z(CONST)DATA16_C,DATA16_ID,TLS16_ID,DIFUNCT,CHEC #
#                            KSUM=E000-FFDF                                    #
#                            -Z(CODE)CSTART,ISR_CODE,CODE_ID=E000-FFDF         #
#                            -P(CODE)CODE=E000-FFDF -Z(CODE)INTVEC=FFE0-FFFF   #
#                            -Z(CODE)RESET=FFFE-FFFF) -D_STACK_SIZE=50 -rt     #
#                            "C:\Program Files\IAR Systems\Embedded Workbench  #
#                            6.4 Evaluation\430\LIB\DLIB\dl430fn.r43"          #
#                            -D_DATA16_HEAP_SIZE=50 -s __program_start         #
#                            -D_DATA20_HEAP_SIZE=50                            #
#                                                                              #
#                           Copyright (C) 1987-2012 IAR Systems AB.            #
################################################################################





                ****************************************
                *                                      *
                *           CROSS REFERENCE            *
                *                                      *
                ****************************************

       Program entry at :           E000  Relocatable, from module : ?cstart




                ****************************************
                *                                      *
                *            RUNTIME MODEL             *
                *                                      *
                ****************************************

  __Heap_Handler             = Basic
  __SystemLibrary            = DLib
  __core                     = 430
  __dlib_file_descriptor     = 0
  __dlib_full_locale_support = 0
  __double_size              = 32
  __pic                      = no
  __reg_r4                   = free
  __reg_r5                   = free
  __rt_version               = 3

                ****************************************
                *                                      *
                *    AUTOMATIC SYMBOL REDIRECTIONS     *
                *                                      *
                ****************************************

                  There are no automatic symbol redirections.



                ****************************************
                *                                      *
                *              MODULE MAP              *
                *                                      *
                ****************************************


  DEFINED ABSOLUTE ENTRIES
    *************************************************************************

  DEFINED ABSOLUTE ENTRIES
  PROGRAM MODULE, NAME : ?ABS_ENTRY_MOD

Absolute parts
           ENTRY                   ADDRESS         REF BY
           =====                   =======         ======
           _DATA20_HEAP_SIZE       0050 
           _DATA16_HEAP_SIZE       0050 
           _STACK_SIZE             0050 
    *************************************************************************

  FILE NAME : E:\Dooya\dooya_dev\DU0106\Source\smoke\iar\Debug\Obj\RfTranceiver.r43
  PROGRAM MODULE, NAME : RfTranceiver

  SEGMENTS IN THE MODULE
  ======================
DATA16_AN
  Relative segment, address: 0020 - 0020 (0x1 bytes), align: 0
  Segment part 1. ROOT.       Intra module refs:   CC1101_Power_Up
                                                   CC1101_Read_Reg
                                                   CC1101_Setting_Power
                                                   CC1101_Strobe
                                                   CC1101_Write_Reg
           ENTRY                   ADDRESS         REF BY
           =====                   =======         ======
           P1IN                    0020 
    -------------------------------------------------------------------------
DATA16_AN
  Relative segment, address: 0021 - 0021 (0x1 bytes), align: 0
  Segment part 2. ROOT.       Intra module refs:   CC1101_Config_Pins
                                                   CC1101_Power_Up
                                                   CC1101_Read_Reg
                                                   CC1101_Setting_Power
                                                   CC1101_Strobe
                                                   CC1101_Write_Reg
           ENTRY                   ADDRESS         REF BY
           =====                   =======         ======
           P1OUT                   0021 
    -------------------------------------------------------------------------
DATA16_AN
  Relative segment, address: 0022 - 0022 (0x1 bytes), align: 0
  Segment part 3. ROOT.       Intra module refs:   CC1101_Config_Pins
           ENTRY                   ADDRESS         REF BY
           =====                   =======         ======
           P1DIR                   0022 
    -------------------------------------------------------------------------
DATA16_AN
  Relative segment, address: 0028 - 0028 (0x1 bytes), align: 0
  Segment part 4. ROOT.
           ENTRY                   ADDRESS         REF BY
           =====                   =======         ======
           P2IN                    0028 
    -------------------------------------------------------------------------
DATA16_AN
  Relative segment, address: 002A - 002A (0x1 bytes), align: 0
  Segment part 5. ROOT.       Intra module refs:   CC1101_Config_Pins
                                                   GPIO_init (gpio)
           ENTRY                   ADDRESS         REF BY
           =====                   =======         ======
           P2DIR                   002A 
    -------------------------------------------------------------------------
DATA16_AN
  Relative segment, address: 002B - 002B (0x1 bytes), align: 0
  Segment part 6. ROOT.       Intra module refs:   CC1101_Interrupt_Config
                                                   Port_2 (gpio)
           ENTRY                   ADDRESS         REF BY
           =====                   =======         ======
           P2IFG                   002B 
    -------------------------------------------------------------------------
DATA16_AN
  Relative segment, address: 002C - 002C (0x1 bytes), align: 0
  Segment part 7. ROOT.       Intra module refs:   CC1101_Interrupt_Config
                                                   GPIO_init (gpio)
           ENTRY                   ADDRESS         REF BY
           =====                   =======         ======
           P2IES                   002C 
    -------------------------------------------------------------------------
DATA16_AN
  Relative segment, address: 002D - 002D (0x1 bytes), align: 0
  Segment part 8. ROOT.       Intra module refs:   CC1101_Initialization
                                                   CC1101_Interrupt_Config
                                                   CC1101_Read_Reg
                                                   CC1101_Write_Reg
                                                   GPIO_init (gpio)
           ENTRY                   ADDRESS         REF BY
           =====                   =======         ======
           P2IE                    002D 
    -------------------------------------------------------------------------
<CODE> 1 (was CODE)
  Relative segment, address: E592 - E5A9 (0x18 bytes), align: 1
  Segment part 19.            Intra module refs:   CC1101_Entry_XMode
           ENTRY                   ADDRESS         REF BY
           =====                   =======         ======
           CC1101_Strobe           E592 
               calls direct
               CSTACK = 00000000 ( 00000002 )
    -------------------------------------------------------------------------
<CODE> 1 (was CODE)
  Relative segment, address: E4D6 - E501 (0x2c bytes), align: 1
  Segment part 36.            Intra module refs:   CC1101_CarrierSense_Threshold
                                                   CC1101_Config_Gpio0
                                                   CC1101_Config_Gpio2
                                                   CC1101_Rf_Write_Settings
                                                   CC1101_Setting_Address
                                                   CC1101_Setting_Channel
                                                   CC1101_Setting_FreSection
                                                   CC1101_Setting_SynchHead
           ENTRY                   ADDRESS         REF BY
           =====                   =======         ======
           CC1101_Write_Reg        E4D6 
               calls direct
               CSTACK = 00000000 ( 00000004 )
    -------------------------------------------------------------------------
<CODE> 1 (was CODE)
  Relative segment, address: E52C - E555 (0x2a bytes), align: 1
  Segment part 32.            Intra module refs:   CC1101_Initialization
           ENTRY                   ADDRESS         REF BY
           =====                   =======         ======
           CC1101_Read_Reg         E52C 
               calls direct
               CSTACK = 00000000 ( 00000002 )
    -------------------------------------------------------------------------
<CODE> 1 (was CODE)
  Relative segment, address: E00C - E143 (0x138 bytes), align: 1
  Segment part 48.            Intra module refs:   CC1101_Initialization
           ENTRY                   ADDRESS         REF BY
           =====                   =======         ======
           CC1101_Rf_Write_Settings
                                   E00C 
               calls direct
               CSTACK = 00000000 ( 00000002 )
    -------------------------------------------------------------------------
<CODE> 1 (was CODE)
  Relative segment, address: E556 - E579 (0x24 bytes), align: 1
  Segment part 49.            Intra module refs:   CC1101_Power_Up
           ENTRY                   ADDRESS         REF BY
           =====                   =======         ======
           _delay_us               E556 
               CSTACK = 00000000 ( 00000002 )
    -------------------------------------------------------------------------
<CODE> 1 (was CODE)
  Relative segment, address: E3FE - E43B (0x3e bytes), align: 1
  Segment part 50.            Intra module refs:   CC1101_Initialization
           ENTRY                   ADDRESS         REF BY
           =====                   =======         ======
           CC1101_Power_Up         E3FE 
               calls direct
               CSTACK = 00000000 ( 00000002 )
    -------------------------------------------------------------------------
<CODE> 1 (was CODE)
  Relative segment, address: E43C - E471 (0x36 bytes), align: 1
  Segment part 43.            Intra module refs:   CC1101_Select_Transmit_Power_Level
           ENTRY                   ADDRESS         REF BY
           =====                   =======         ======
           CC1101_Setting_Power    E43C 
               calls direct
               CSTACK = 00000000 ( 00000006 )
    -------------------------------------------------------------------------
<CODE> 1 (was CODE)
  Relative segment, address: E310 - E389 (0x7a bytes), align: 1
  Segment part 44.            Intra module refs:   CC1101_Initialization
           ENTRY                   ADDRESS         REF BY
           =====                   =======         ======
           CC1101_Select_Transmit_Power_Level
                                   E310 
               calls direct
               CSTACK = 00000000 ( 00000002 )
    -------------------------------------------------------------------------
<CODE> 1 (was CODE)
  Relative segment, address: E638 - E641 (0xa bytes), align: 1
  Segment part 42.            Intra module refs:   CC1101_Initialization
           ENTRY                   ADDRESS         REF BY
           =====                   =======         ======
           CC1101_Setting_Channel
                                   E638 
               calls direct
               CSTACK = 00000000 ( 00000002 )
    -------------------------------------------------------------------------
<CODE> 1 (was CODE)
  Relative segment, address: E5D6 - E5EB (0x16 bytes), align: 1
  Segment part 47.            Intra module refs:   CC1101_Initialization
           ENTRY                   ADDRESS         REF BY
           =====                   =======         ======
           CC1101_Setting_SynchHead
                                   E5D6 
               calls direct
               CSTACK = 00000000 ( 00000002 )
    -------------------------------------------------------------------------
<CODE> 1 (was CODE)
  Relative segment, address: E290 - E30F (0x80 bytes), align: 1
  Segment part 41.            Intra module refs:   CC1101_Initialization
           ENTRY                   ADDRESS         REF BY
           =====                   =======         ======
           CC1101_CarrierSense_Threshold
                                   E290 
               calls direct
               CSTACK = 00000000 ( 00000002 )
    -------------------------------------------------------------------------
<CODE> 1 (was CODE)
  Relative segment, address: E64A - E651 (0x8 bytes), align: 1
  Segment part 46.            Intra module refs:   CC1101_Initialization
           ENTRY                   ADDRESS         REF BY
           =====                   =======         ======
           CC1101_Config_Gpio2     E64A 
               calls direct
               CSTACK = 00000000 ( 00000002 )
    -------------------------------------------------------------------------
<CODE> 1 (was CODE)
  Relative segment, address: E642 - E649 (0x8 bytes), align: 1
  Segment part 45.            Intra module refs:   CC1101_Initialization
           ENTRY                   ADDRESS         REF BY
           =====                   =======         ======
           CC1101_Config_Gpio0     E642 
               calls direct
               CSTACK = 00000000 ( 00000002 )
    -------------------------------------------------------------------------
<CODE> 1 (was CODE)
  Relative segment, address: E624 - E62D (0xa bytes), align: 1
  Segment part 40.            Intra module refs:   CC1101_Initialization
           ENTRY                   ADDRESS         REF BY
           =====                   =======         ======
           CC1101_Setting_Address
                                   E624 
               calls direct
               CSTACK = 00000000 ( 00000002 )
    -------------------------------------------------------------------------
<CODE> 1 (was CODE)
  Relative segment, address: E144 - E209 (0xc6 bytes), align: 1
  Segment part 39.            Intra module refs:   CC1101_Initialization
           ENTRY                   ADDRESS         REF BY
           =====                   =======         ======
           CC1101_Setting_FreSection
                                   E144 
               calls direct
               CSTACK = 00000000 ( 00000002 )
    -------------------------------------------------------------------------
<CODE> 1 (was CODE)
  Relative segment, address: E20A - E28F (0x86 bytes), align: 1
  Segment part 20.            Intra module refs:   CC1101_Initialization
           ENTRY                   ADDRESS         REF BY
           =====                   =======         ======
           CC1101_Entry_XMode      E20A 
               calls direct
               CSTACK = 00000000 ( 00000004 )
    -------------------------------------------------------------------------
<CODE> 1 (was CODE)
  Relative segment, address: E4A4 - E4D5 (0x32 bytes), align: 1
  Segment part 51.            Intra module refs:   CC1101_Initialization
           ENTRY                   ADDRESS         REF BY
           =====                   =======         ======
           CC1101_Config_Pins      E4A4 
               CSTACK = 00000000 ( 00000002 )
    -------------------------------------------------------------------------
<CODE> 1 (was CODE)
  Relative segment, address: E5EC - E5FD (0x12 bytes), align: 1
  Segment part 38.            Intra module refs:   CC1101_Initialization
           ENTRY                   ADDRESS         REF BY
           =====                   =======         ======
           CC1101_Interrupt_Config
                                   E5EC 
               CSTACK = 00000000 ( 00000002 )
    -------------------------------------------------------------------------
<CODE> 1 (was CODE)
  Relative segment, address: E38A - E3FD (0x74 bytes), align: 1
  Segment part 52.
           ENTRY                   ADDRESS         REF BY
           =====                   =======         ======
           CC1101_Initialization   E38A            main (main)
               calls direct
               CSTACK = 00000000 ( 00000002 )

    *************************************************************************

  FILE NAME : E:\Dooya\dooya_dev\DU0106\Source\smoke\iar\Debug\Obj\cc1101_handle.r43
    *************************************************************************

  FILE NAME : E:\Dooya\dooya_dev\DU0106\Source\smoke\iar\Debug\Obj\gpio.r43
  PROGRAM MODULE, NAME : gpio

  SEGMENTS IN THE MODULE
  ======================
<CODE> 1 (was CODE)
  Relative segment, address: E5FE - E60B (0xe bytes), align: 1
  Segment part 8.
           ENTRY                   ADDRESS         REF BY
           =====                   =======         ======
           GPIO_init               E5FE            main (main)
               CSTACK = 00000000 ( 00000002 )
    -------------------------------------------------------------------------
<CODE> 1 (was CODE)
  Relative segment, address: E60C - E617 (0xc bytes), align: 1
  Segment part 7.             Intra module refs:   Port_2::??INTVEC 6
           ENTRY                   ADDRESS         REF BY
           =====                   =======         ======
           Port_2                  E60C 
               interrupt function
               CSTACK = 00000000 ( 00000004 )
    -------------------------------------------------------------------------
INTVEC
  Common segment, address: FFE0 - FFE7 (0x8 bytes), align: 1
  Segment part 5. ROOT.
           ENTRY                   ADDRESS         REF BY
           =====                   =======         ======
           Port_2::??INTVEC 6      FFE6 

    *************************************************************************

  FILE NAME : E:\Dooya\dooya_dev\DU0106\Source\smoke\iar\Debug\Obj\main.r43
  PROGRAM MODULE, NAME : main

  SEGMENTS IN THE MODULE
  ======================
DATA16_AN
  Relative segment, address: 0056 - 0056 (0x1 bytes), align: 0
  Segment part 1. ROOT.       Intra module refs:   main
           ENTRY                   ADDRESS         REF BY
           =====                   =======         ======
           DCOCTL                  0056 
    -------------------------------------------------------------------------
DATA16_AN
  Relative segment, address: 0057 - 0057 (0x1 bytes), align: 0
  Segment part 2. ROOT.       Intra module refs:   main
           ENTRY                   ADDRESS         REF BY
           =====                   =======         ======
           BCSCTL1                 0057 
    -------------------------------------------------------------------------
DATA16_AN
  Relative segment, address: 0120 - 0121 (0x2 bytes), align: 0
  Segment part 3. ROOT.       Intra module refs:   main
           ENTRY                   ADDRESS         REF BY
           =====                   =======         ======
           WDTCTL                  0120 
    -------------------------------------------------------------------------
DATA16_AN
  Relative segment, address: 10FA - 10FA (0x1 bytes), align: 0
  Segment part 4. ROOT.       Intra module refs:   main
           ENTRY                   ADDRESS         REF BY
           =====                   =======         ======
           CALDCO_12MHZ            10FA 
    -------------------------------------------------------------------------
DATA16_AN
  Relative segment, address: 10FB - 10FB (0x1 bytes), align: 0
  Segment part 5. ROOT.       Intra module refs:   main
           ENTRY                   ADDRESS         REF BY
           =====                   =======         ======
           CALBC1_12MHZ            10FB 
    -------------------------------------------------------------------------
<CODE> 1 (was CODE)
  Relative segment, address: E472 - E4A3 (0x32 bytes), align: 1
  Segment part 7.
           ENTRY                   ADDRESS         REF BY
           =====                   =======         ======
           main                    E472            Segment part 17 (?cstart)
               calls direct
               CSTACK = 00000000 ( 00000002 )

    *************************************************************************

  FILE NAME : E:\Dooya\dooya_dev\DU0106\Source\smoke\iar\Debug\Obj\spi.r43
  PROGRAM MODULE, NAME : spi

  SEGMENTS IN THE MODULE
  ======================
DATA16_AN
  Relative segment, address: 0001 - 0001 (0x1 bytes), align: 0
  Segment part 1. ROOT.
           ENTRY                   ADDRESS         REF BY
           =====                   =======         ======
           IE2                     0001 
    -------------------------------------------------------------------------
DATA16_AN
  Relative segment, address: 0003 - 0003 (0x1 bytes), align: 0
  Segment part 2. ROOT.       Intra module refs:   Spi_Write_Byte
           ENTRY                   ADDRESS         REF BY
           =====                   =======         ======
           IFG2                    0003 
    -------------------------------------------------------------------------
DATA16_AN
  Relative segment, address: 0026 - 0026 (0x1 bytes), align: 0
  Segment part 4. ROOT.       Intra module refs:   spi_init
           ENTRY                   ADDRESS         REF BY
           =====                   =======         ======
           P1SEL                   0026 
    -------------------------------------------------------------------------
DATA16_AN
  Relative segment, address: 0041 - 0041 (0x1 bytes), align: 0
  Segment part 5. ROOT.       Intra module refs:   spi_init
           ENTRY                   ADDRESS         REF BY
           =====                   =======         ======
           P1SEL2                  0041 
    -------------------------------------------------------------------------
DATA16_AN
  Relative segment, address: 0060 - 0060 (0x1 bytes), align: 0
  Segment part 6. ROOT.       Intra module refs:   spi_init
           ENTRY                   ADDRESS         REF BY
           =====                   =======         ======
           UCA0CTL0                0060 
    -------------------------------------------------------------------------
DATA16_AN
  Relative segment, address: 0061 - 0061 (0x1 bytes), align: 0
  Segment part 7. ROOT.       Intra module refs:   spi_init
           ENTRY                   ADDRESS         REF BY
           =====                   =======         ======
           UCA0CTL1                0061 
    -------------------------------------------------------------------------
DATA16_AN
  Relative segment, address: 0062 - 0062 (0x1 bytes), align: 0
  Segment part 8. ROOT.       Intra module refs:   spi_init
           ENTRY                   ADDRESS         REF BY
           =====                   =======         ======
           UCA0BR0                 0062 
    -------------------------------------------------------------------------
DATA16_AN
  Relative segment, address: 0063 - 0063 (0x1 bytes), align: 0
  Segment part 9. ROOT.       Intra module refs:   spi_init
           ENTRY                   ADDRESS         REF BY
           =====                   =======         ======
           UCA0BR1                 0063 
    -------------------------------------------------------------------------
DATA16_AN
  Relative segment, address: 0064 - 0064 (0x1 bytes), align: 0
  Segment part 10. ROOT.      Intra module refs:   spi_init
           ENTRY                   ADDRESS         REF BY
           =====                   =======         ======
           UCA0MCTL                0064 
    -------------------------------------------------------------------------
DATA16_AN
  Relative segment, address: 0066 - 0066 (0x1 bytes), align: 0
  Segment part 11. ROOT.      Intra module refs:   spi_readwrite
           ENTRY                   ADDRESS         REF BY
           =====                   =======         ======
           UCA0RXBUF               0066 
    -------------------------------------------------------------------------
DATA16_AN
  Relative segment, address: 0067 - 0067 (0x1 bytes), align: 0
  Segment part 12. ROOT.      Intra module refs:   Spi_Write_Byte
           ENTRY                   ADDRESS         REF BY
           =====                   =======         ======
           UCA0TXBUF               0067 
    -------------------------------------------------------------------------
<CODE> 1 (was CODE)
  Relative segment, address: E502 - E52B (0x2a bytes), align: 1
  Segment part 22.
           ENTRY                   ADDRESS         REF BY
           =====                   =======         ======
           spi_init                E502            main (main)
               CSTACK = 00000000 ( 00000002 )
    -------------------------------------------------------------------------
<CODE> 1 (was CODE)
  Relative segment, address: E618 - E623 (0xc bytes), align: 1
  Segment part 16.            Intra module refs:   spi_readwrite
           ENTRY                   ADDRESS         REF BY
           =====                   =======         ======
           Spi_Write_Byte          E618 
               CSTACK = 00000000 ( 00000002 )
    -------------------------------------------------------------------------
<CODE> 1 (was CODE)
  Relative segment, address: E62E - E637 (0xa bytes), align: 1
  Segment part 17.
           ENTRY                   ADDRESS         REF BY
           =====                   =======         ======
           spi_readwrite           E62E            CC1101_Power_Up (RfTranceiver)
                                                   CC1101_Read_Reg (RfTranceiver)
                                                   CC1101_Setting_Power (RfTranceiver)
                                                   CC1101_Strobe (RfTranceiver)
                                                   CC1101_Write_Reg (RfTranceiver)
               calls direct
               CSTACK = 00000000 ( 00000002 )

    *************************************************************************

  FILE NAME : E:\Dooya\dooya_dev\DU0106\Source\smoke\iar\Debug\Obj\timer.r43
  PROGRAM MODULE, NAME : timer

  SEGMENTS IN THE MODULE
  ======================
DATA16_AN
  Relative segment, address: 012E - 012F (0x2 bytes), align: 0
  Segment part 1. ROOT.       Intra module refs:   Timer_A
           ENTRY                   ADDRESS         REF BY
           =====                   =======         ======
           TA0IV                   012E 
    -------------------------------------------------------------------------
DATA16_AN
  Relative segment, address: 0160 - 0161 (0x2 bytes), align: 0
  Segment part 2. ROOT.       Intra module refs:   timer_A_init
           ENTRY                   ADDRESS         REF BY
           =====                   =======         ======
           TA0CTL                  0160 
    -------------------------------------------------------------------------
DATA16_AN
  Relative segment, address: 0162 - 0163 (0x2 bytes), align: 0
  Segment part 3. ROOT.       Intra module refs:   timer_A_init
           ENTRY                   ADDRESS         REF BY
           =====                   =======         ======
           TA0CCTL0                0162 
    -------------------------------------------------------------------------
DATA16_AN
  Relative segment, address: 0172 - 0173 (0x2 bytes), align: 0
  Segment part 4. ROOT.       Intra module refs:   timer_A_init
           ENTRY                   ADDRESS         REF BY
           =====                   =======         ======
           TA0CCR0                 0172 
    -------------------------------------------------------------------------
<CODE> 1 (was CODE)
  Relative segment, address: E57A - E591 (0x18 bytes), align: 1
  Segment part 8.
           ENTRY                   ADDRESS         REF BY
           =====                   =======         ======
           timer_A_init            E57A            main (main)
               CSTACK = 00000000 ( 00000002 )
    -------------------------------------------------------------------------
<CODE> 1 (was CODE)
  Relative segment, address: E5AA - E5BF (0x16 bytes), align: 1
  Segment part 7.             Intra module refs:   Timer_A::??INTVEC 18
           ENTRY                   ADDRESS         REF BY
           =====                   =======         ======
           Timer_A                 E5AA 
               interrupt function
               CSTACK = 00000000 ( 00000006 )
    -------------------------------------------------------------------------
INTVEC
  Common segment, address: FFE0 - FFF3 (0x14 bytes), align: 1
  Segment part 5. ROOT.
           ENTRY                   ADDRESS         REF BY
           =====                   =======         ======
           Timer_A::??INTVEC 18    FFF2 

    *************************************************************************

  FILE NAME : C:\Program Files\IAR Systems\Embedded Workbench 6.4 Evaluation\430\LIB\DLIB\dl430fn.r43
  LIBRARY MODULE, NAME : ?__dbg_break

  SEGMENTS IN THE MODULE
  ======================
<CODE> 1 (was CODE)
  Relative segment, address: E65A - E65B (0x2 bytes), align: 1
  Segment part 2.
           ENTRY                   ADDRESS         REF BY
           =====                   =======         ======
           __DebugBreak            E65A            __exit (?__exit)

    -------------------------------------------------------------------------
  LIBRARY MODULE, NAME : ?__exit

  SEGMENTS IN THE MODULE
  ======================
<CODE> 1 (was CODE)
  Relative segment, address: E5C0 - E5D5 (0x16 bytes), align: 1
  Segment part 2.
           ENTRY                   ADDRESS         REF BY
           =====                   =======         ======
           __exit                  E5C0            Segment part 6 (?_exit)
                                                   _exit (?_exit)
               calls direct

    -------------------------------------------------------------------------
  LIBRARY MODULE, NAME : ?_exit

  SEGMENTS IN THE MODULE
  ======================
<CODE> 1 (was CODE)
  Relative segment, address: E652, align: 1
  Segment part 0.
           ENTRY                   ADDRESS         REF BY
           =====                   =======         ======
           _exit                   E652            exit (?exit)
    -------------------------------------------------------------------------
<CODE> 1 (was CODE)
  Relative segment, address: E652 - E655 (0x4 bytes), align: 1
  Segment part 6.             Intra module refs:   _exit

    -------------------------------------------------------------------------
  LIBRARY MODULE, NAME : ?cstart

  SEGMENTS IN THE MODULE
  ======================
CSTACK
  Relative segment, address: 03B0, align: 1
  Segment part 1.
    -------------------------------------------------------------------------
CSTART
  Relative segment, address: E000 - E003 (0x4 bytes), align: 1
  Segment part 9.
           ENTRY                   ADDRESS         REF BY
           =====                   =======         ======
           __program_start         E000            ?reset_vector (?reset_vector)
                                                   Absolute parts (?ABS_ENTRY_MOD)
           ?cstart_begin           E000 
    -------------------------------------------------------------------------
CSTART
  Relative segment, address: E004 - E00B (0x8 bytes), align: 1
  Segment part 17.            Intra module refs:   Segment part 9
           ENTRY                   ADDRESS         REF BY
           =====                   =======         ======
           ?cstart_call_main       E004 
           ?cstart_end             E00C 

    -------------------------------------------------------------------------
  LIBRARY MODULE, NAME : ?reset_vector

  SEGMENTS IN THE MODULE
  ======================
RESET
  Relative segment, address: FFFE - FFFF (0x2 bytes), align: 1
  Segment part 0.
           ENTRY                   ADDRESS         REF BY
           =====                   =======         ======
           ?reset_vector           FFFE            Segment part 9 (?cstart)

    -------------------------------------------------------------------------
  LIBRARY MODULE, NAME : ?exit

  SEGMENTS IN THE MODULE
  ======================
<CODE> 1 (was CODE)
  Relative segment, address: E656 - E659 (0x4 bytes), align: 1
  Segment part 2.
           ENTRY                   ADDRESS         REF BY
           =====                   =======         ======
           exit                    E656            Segment part 17 (?cstart)
               calls direct
               CSTACK = 00000000 ( 00000002 )




                ****************************************
                *                                      *
                *      SEGMENTS IN ADDRESS ORDER       *
                *                                      *
                ****************************************


SEGMENT              SPACE    START ADDRESS   END ADDRESS     SIZE  TYPE  ALIGN
=======              =====    =============   ===========     ====  ====  =====
DATA16_AN                              0001 - 0001               1   rel    0
                                       0003 - 0003               1 
                                       0020 - 0022               3 
                                       0026 - 0026               1 
                                       0028 - 0028               1 
                                       002A - 002D               4 
                                       0041 - 0041               1 
                                       0056 - 0057               2 
                                       0060 - 0064               5 
                                       0066 - 0067               2 
                                       0120 - 0121               2 
                                       012E - 012F               2 
                                       0160 - 0163               4 
                                       0172 - 0173               2 
CSTACK                                 03B0 - 03FF              50   rel    1
DATA16_AN                              10FA - 10FB               2   rel    0
CSTART                                 E000 - E00B               C   rel    1
<CODE> 1                               E00C - E65B             650   rel    1
INTVEC                                 FFE0 - FFF3              14   com    1
RESET                                  FFFE - FFFF               2   rel    1

                ****************************************
                *                                      *
                *        END OF CROSS REFERENCE        *
                *                                      *
                ****************************************

 1 650 bytes of CODE memory
    80 bytes of DATA memory (+ 33 absolute )

Errors: none
Warnings: none

