Archive member included because of file (symbol)

c:/program files/atmel/atmel studio 6.0/extensions/atmel/armgcc/3.3.1.83/armgcctoolchain/bin/../lib/gcc/arm-none-eabi/4.6.1/../../../../arm-none-eabi/lib\libc.a(lib_a-atexit.o)
                              c:/program files/atmel/atmel studio 6.0/extensions/atmel/armgcc/3.3.1.83/armgcctoolchain/bin/../lib/gcc/arm-none-eabi/4.6.1/../../../../arm-none-eabi/lib/crt0.o (atexit)
c:/program files/atmel/atmel studio 6.0/extensions/atmel/armgcc/3.3.1.83/armgcctoolchain/bin/../lib/gcc/arm-none-eabi/4.6.1/../../../../arm-none-eabi/lib\libc.a(lib_a-exit.o)
                              c:/program files/atmel/atmel studio 6.0/extensions/atmel/armgcc/3.3.1.83/armgcctoolchain/bin/../lib/gcc/arm-none-eabi/4.6.1/../../../../arm-none-eabi/lib/crt0.o (exit)
c:/program files/atmel/atmel studio 6.0/extensions/atmel/armgcc/3.3.1.83/armgcctoolchain/bin/../lib/gcc/arm-none-eabi/4.6.1/../../../../arm-none-eabi/lib\libc.a(lib_a-fini.o)
                              c:/program files/atmel/atmel studio 6.0/extensions/atmel/armgcc/3.3.1.83/armgcctoolchain/bin/../lib/gcc/arm-none-eabi/4.6.1/../../../../arm-none-eabi/lib/crt0.o (__libc_fini_array)
c:/program files/atmel/atmel studio 6.0/extensions/atmel/armgcc/3.3.1.83/armgcctoolchain/bin/../lib/gcc/arm-none-eabi/4.6.1/../../../../arm-none-eabi/lib\libc.a(lib_a-impure.o)
                              c:/program files/atmel/atmel studio 6.0/extensions/atmel/armgcc/3.3.1.83/armgcctoolchain/bin/../lib/gcc/arm-none-eabi/4.6.1/../../../../arm-none-eabi/lib\libc.a(lib_a-exit.o) (_global_impure_ptr)
c:/program files/atmel/atmel studio 6.0/extensions/atmel/armgcc/3.3.1.83/armgcctoolchain/bin/../lib/gcc/arm-none-eabi/4.6.1/../../../../arm-none-eabi/lib\libc.a(lib_a-init.o)
                              c:/program files/atmel/atmel studio 6.0/extensions/atmel/armgcc/3.3.1.83/armgcctoolchain/bin/../lib/gcc/arm-none-eabi/4.6.1/../../../../arm-none-eabi/lib/crt0.o (__libc_init_array)
c:/program files/atmel/atmel studio 6.0/extensions/atmel/armgcc/3.3.1.83/armgcctoolchain/bin/../lib/gcc/arm-none-eabi/4.6.1/../../../../arm-none-eabi/lib\libc.a(lib_a-memset.o)
                              c:/program files/atmel/atmel studio 6.0/extensions/atmel/armgcc/3.3.1.83/armgcctoolchain/bin/../lib/gcc/arm-none-eabi/4.6.1/../../../../arm-none-eabi/lib/crt0.o (memset)
c:/program files/atmel/atmel studio 6.0/extensions/atmel/armgcc/3.3.1.83/armgcctoolchain/bin/../lib/gcc/arm-none-eabi/4.6.1/../../../../arm-none-eabi/lib\libc.a(lib_a-__atexit.o)
                              c:/program files/atmel/atmel studio 6.0/extensions/atmel/armgcc/3.3.1.83/armgcctoolchain/bin/../lib/gcc/arm-none-eabi/4.6.1/../../../../arm-none-eabi/lib\libc.a(lib_a-atexit.o) (__register_exitproc)
c:/program files/atmel/atmel studio 6.0/extensions/atmel/armgcc/3.3.1.83/armgcctoolchain/bin/../lib/gcc/arm-none-eabi/4.6.1/../../../../arm-none-eabi/lib\libc.a(lib_a-__call_atexit.o)
                              c:/program files/atmel/atmel studio 6.0/extensions/atmel/armgcc/3.3.1.83/armgcctoolchain/bin/../lib/gcc/arm-none-eabi/4.6.1/../../../../arm-none-eabi/lib\libc.a(lib_a-exit.o) (__call_exitprocs)

Discarded input sections

 .text          0x00000000        0x0 c:/program files/atmel/atmel studio 6.0/extensions/atmel/armgcc/3.3.1.83/armgcctoolchain/bin/../lib/gcc/arm-none-eabi/4.6.1/crti.o
 .data          0x00000000        0x0 c:/program files/atmel/atmel studio 6.0/extensions/atmel/armgcc/3.3.1.83/armgcctoolchain/bin/../lib/gcc/arm-none-eabi/4.6.1/crti.o
 .bss           0x00000000        0x0 c:/program files/atmel/atmel studio 6.0/extensions/atmel/armgcc/3.3.1.83/armgcctoolchain/bin/../lib/gcc/arm-none-eabi/4.6.1/crti.o
 .data          0x00000000        0x4 c:/program files/atmel/atmel studio 6.0/extensions/atmel/armgcc/3.3.1.83/armgcctoolchain/bin/../lib/gcc/arm-none-eabi/4.6.1/crtbegin.o
 .text          0x00000000       0x70 c:/program files/atmel/atmel studio 6.0/extensions/atmel/armgcc/3.3.1.83/armgcctoolchain/bin/../lib/gcc/arm-none-eabi/4.6.1/../../../../arm-none-eabi/lib/crt0.o
 .data          0x00000000        0x0 c:/program files/atmel/atmel studio 6.0/extensions/atmel/armgcc/3.3.1.83/armgcctoolchain/bin/../lib/gcc/arm-none-eabi/4.6.1/../../../../arm-none-eabi/lib/crt0.o
 .bss           0x00000000        0x0 c:/program files/atmel/atmel studio 6.0/extensions/atmel/armgcc/3.3.1.83/armgcctoolchain/bin/../lib/gcc/arm-none-eabi/4.6.1/../../../../arm-none-eabi/lib/crt0.o
 .ARM.extab     0x00000000        0x0 c:/program files/atmel/atmel studio 6.0/extensions/atmel/armgcc/3.3.1.83/armgcctoolchain/bin/../lib/gcc/arm-none-eabi/4.6.1/../../../../arm-none-eabi/lib/crt0.o
 .ARM.exidx     0x00000000        0x8 c:/program files/atmel/atmel studio 6.0/extensions/atmel/armgcc/3.3.1.83/armgcctoolchain/bin/../lib/gcc/arm-none-eabi/4.6.1/../../../../arm-none-eabi/lib/crt0.o
 .text          0x00000000        0x0 src/asf/common/boards/user_board/init.o
 .data          0x00000000        0x0 src/asf/common/boards/user_board/init.o
 .bss           0x00000000        0x0 src/asf/common/boards/user_board/init.o
 .text.board_init
                0x00000000        0x4 src/asf/common/boards/user_board/init.o
 .text          0x00000000        0x0 src/asf/common/utils/interrupt/interrupt_sam_nvic.o
 .data          0x00000000        0x0 src/asf/common/utils/interrupt/interrupt_sam_nvic.o
 .bss           0x00000000        0x0 src/asf/common/utils/interrupt/interrupt_sam_nvic.o
 .data.g_interrupt_enabled
                0x00000000        0x1 src/asf/common/utils/interrupt/interrupt_sam_nvic.o
 .text          0x00000000        0x0 src/asf/sam/drivers/spi/spi.o
 .data          0x00000000        0x0 src/asf/sam/drivers/spi/spi.o
 .bss           0x00000000        0x0 src/asf/sam/drivers/spi/spi.o
 .text.spi_reset
                0x00000000        0x8 src/asf/sam/drivers/spi/spi.o
 .text.spi_enable
                0x00000000        0x8 src/asf/sam/drivers/spi/spi.o
 .text.spi_disable
                0x00000000        0x8 src/asf/sam/drivers/spi/spi.o
 .text.spi_set_lastxfer
                0x00000000        0x8 src/asf/sam/drivers/spi/spi.o
 .text.spi_set_master_mode
                0x00000000        0xc src/asf/sam/drivers/spi/spi.o
 .text.spi_set_slave_mode
                0x00000000        0xc src/asf/sam/drivers/spi/spi.o
 .text.spi_get_mode
                0x00000000        0x8 src/asf/sam/drivers/spi/spi.o
 .text.spi_set_variable_peripheral_select
                0x00000000        0xc src/asf/sam/drivers/spi/spi.o
 .text.spi_set_fixed_peripheral_select
                0x00000000        0xc src/asf/sam/drivers/spi/spi.o
 .text.spi_get_peripheral_select_mode
                0x00000000        0x8 src/asf/sam/drivers/spi/spi.o
 .text.spi_enable_peripheral_select_decode
                0x00000000        0xc src/asf/sam/drivers/spi/spi.o
 .text.spi_disable_peripheral_select_decode
                0x00000000        0xc src/asf/sam/drivers/spi/spi.o
 .text.spi_get_peripheral_select_decode_setting
                0x00000000        0x8 src/asf/sam/drivers/spi/spi.o
 .text.spi_enable_mode_fault_detect
                0x00000000        0xc src/asf/sam/drivers/spi/spi.o
 .text.spi_disable_mode_fault_detect
                0x00000000        0xc src/asf/sam/drivers/spi/spi.o
 .text.spi_get_mode_fault_detect_setting
                0x00000000        0x8 src/asf/sam/drivers/spi/spi.o
 .text.spi_enable_tx_on_rx_empty
                0x00000000        0xc src/asf/sam/drivers/spi/spi.o
 .text.spi_disable_tx_on_rx_empty
                0x00000000        0xc src/asf/sam/drivers/spi/spi.o
 .text.spi_get_tx_on_rx_empty_setting
                0x00000000        0x8 src/asf/sam/drivers/spi/spi.o
 .text.spi_enable_loopback
                0x00000000        0xc src/asf/sam/drivers/spi/spi.o
 .text.spi_disable_loopback
                0x00000000        0xc src/asf/sam/drivers/spi/spi.o
 .text.spi_set_peripheral_chip_select_value
                0x00000000       0x18 src/asf/sam/drivers/spi/spi.o
 .text.spi_set_delay_between_chip_select
                0x00000000       0x14 src/asf/sam/drivers/spi/spi.o
 .text.spi_read
                0x00000000       0x48 src/asf/sam/drivers/spi/spi.o
 .text.spi_write
                0x00000000       0x4c src/asf/sam/drivers/spi/spi.o
 .text.spi_read_status
                0x00000000        0x4 src/asf/sam/drivers/spi/spi.o
 .text.spi_is_enabled
                0x00000000        0x8 src/asf/sam/drivers/spi/spi.o
 .text.spi_is_tx_empty
                0x00000000        0x8 src/asf/sam/drivers/spi/spi.o
 .text.spi_is_tx_ready
                0x00000000        0x8 src/asf/sam/drivers/spi/spi.o
 .text.spi_is_rx_full
                0x00000000        0x8 src/asf/sam/drivers/spi/spi.o
 .text.spi_is_rx_ready
                0x00000000       0x14 src/asf/sam/drivers/spi/spi.o
 .text.spi_enable_interrupt
                0x00000000        0x4 src/asf/sam/drivers/spi/spi.o
 .text.spi_disable_interrupt
                0x00000000        0x4 src/asf/sam/drivers/spi/spi.o
 .text.spi_read_interrupt_mask
                0x00000000        0x4 src/asf/sam/drivers/spi/spi.o
 .text.spi_set_clock_polarity
                0x00000000       0x28 src/asf/sam/drivers/spi/spi.o
 .text.spi_set_clock_phase
                0x00000000       0x28 src/asf/sam/drivers/spi/spi.o
 .text.spi_configure_cs_behavior
                0x00000000       0x58 src/asf/sam/drivers/spi/spi.o
 .text.spi_set_bits_per_transfer
                0x00000000       0x1c src/asf/sam/drivers/spi/spi.o
 .text.spi_set_baudrate_div
                0x00000000       0x20 src/asf/sam/drivers/spi/spi.o
 .text.spi_set_transfer_delay
                0x00000000       0x28 src/asf/sam/drivers/spi/spi.o
 .text.spi_get_tx_access
                0x00000000        0x8 src/asf/sam/drivers/spi/spi.o
 .text.spi_get_rx_access
                0x00000000        0x8 src/asf/sam/drivers/spi/spi.o
 .text.spi_set_writeprotect
                0x00000000       0x20 src/asf/sam/drivers/spi/spi.o
 .text.spi_get_writeprotect_status
                0x00000000        0x8 src/asf/sam/drivers/spi/spi.o
 .bss.reg_value.4000
                0x00000000        0x4 src/asf/sam/drivers/spi/spi.o
 .text          0x00000000        0x0 src/main.o
 .data          0x00000000        0x0 src/main.o
 .bss           0x00000000        0x0 src/main.o
 .text.main     0x00000000       0x14 src/main.o
 .text          0x00000000       0x14 c:/program files/atmel/atmel studio 6.0/extensions/atmel/armgcc/3.3.1.83/armgcctoolchain/bin/../lib/gcc/arm-none-eabi/4.6.1/../../../../arm-none-eabi/lib\libc.a(lib_a-atexit.o)
 .data          0x00000000        0x0 c:/program files/atmel/atmel studio 6.0/extensions/atmel/armgcc/3.3.1.83/armgcctoolchain/bin/../lib/gcc/arm-none-eabi/4.6.1/../../../../arm-none-eabi/lib\libc.a(lib_a-atexit.o)
 .bss           0x00000000        0x0 c:/program files/atmel/atmel studio 6.0/extensions/atmel/armgcc/3.3.1.83/armgcctoolchain/bin/../lib/gcc/arm-none-eabi/4.6.1/../../../../arm-none-eabi/lib\libc.a(lib_a-atexit.o)
 .text          0x00000000       0x24 c:/program files/atmel/atmel studio 6.0/extensions/atmel/armgcc/3.3.1.83/armgcctoolchain/bin/../lib/gcc/arm-none-eabi/4.6.1/../../../../arm-none-eabi/lib\libc.a(lib_a-exit.o)
 .data          0x00000000        0x0 c:/program files/atmel/atmel studio 6.0/extensions/atmel/armgcc/3.3.1.83/armgcctoolchain/bin/../lib/gcc/arm-none-eabi/4.6.1/../../../../arm-none-eabi/lib\libc.a(lib_a-exit.o)
 .bss           0x00000000        0x0 c:/program files/atmel/atmel studio 6.0/extensions/atmel/armgcc/3.3.1.83/armgcctoolchain/bin/../lib/gcc/arm-none-eabi/4.6.1/../../../../arm-none-eabi/lib\libc.a(lib_a-exit.o)
 .text          0x00000000       0x2c c:/program files/atmel/atmel studio 6.0/extensions/atmel/armgcc/3.3.1.83/armgcctoolchain/bin/../lib/gcc/arm-none-eabi/4.6.1/../../../../arm-none-eabi/lib\libc.a(lib_a-fini.o)
 .data          0x00000000        0x0 c:/program files/atmel/atmel studio 6.0/extensions/atmel/armgcc/3.3.1.83/armgcctoolchain/bin/../lib/gcc/arm-none-eabi/4.6.1/../../../../arm-none-eabi/lib\libc.a(lib_a-fini.o)
 .bss           0x00000000        0x0 c:/program files/atmel/atmel studio 6.0/extensions/atmel/armgcc/3.3.1.83/armgcctoolchain/bin/../lib/gcc/arm-none-eabi/4.6.1/../../../../arm-none-eabi/lib\libc.a(lib_a-fini.o)
 .text          0x00000000        0x0 c:/program files/atmel/atmel studio 6.0/extensions/atmel/armgcc/3.3.1.83/armgcctoolchain/bin/../lib/gcc/arm-none-eabi/4.6.1/../../../../arm-none-eabi/lib\libc.a(lib_a-impure.o)
 .data          0x00000000      0x430 c:/program files/atmel/atmel studio 6.0/extensions/atmel/armgcc/3.3.1.83/armgcctoolchain/bin/../lib/gcc/arm-none-eabi/4.6.1/../../../../arm-none-eabi/lib\libc.a(lib_a-impure.o)
 .bss           0x00000000        0x0 c:/program files/atmel/atmel studio 6.0/extensions/atmel/armgcc/3.3.1.83/armgcctoolchain/bin/../lib/gcc/arm-none-eabi/4.6.1/../../../../arm-none-eabi/lib\libc.a(lib_a-impure.o)
 .rodata        0x00000000        0x4 c:/program files/atmel/atmel studio 6.0/extensions/atmel/armgcc/3.3.1.83/armgcctoolchain/bin/../lib/gcc/arm-none-eabi/4.6.1/../../../../arm-none-eabi/lib\libc.a(lib_a-impure.o)
 .rodata.str1.4
                0x00000000        0x4 c:/program files/atmel/atmel studio 6.0/extensions/atmel/armgcc/3.3.1.83/armgcctoolchain/bin/../lib/gcc/arm-none-eabi/4.6.1/../../../../arm-none-eabi/lib\libc.a(lib_a-impure.o)
 .text          0x00000000       0x5c c:/program files/atmel/atmel studio 6.0/extensions/atmel/armgcc/3.3.1.83/armgcctoolchain/bin/../lib/gcc/arm-none-eabi/4.6.1/../../../../arm-none-eabi/lib\libc.a(lib_a-init.o)
 .data          0x00000000        0x0 c:/program files/atmel/atmel studio 6.0/extensions/atmel/armgcc/3.3.1.83/armgcctoolchain/bin/../lib/gcc/arm-none-eabi/4.6.1/../../../../arm-none-eabi/lib\libc.a(lib_a-init.o)
 .bss           0x00000000        0x0 c:/program files/atmel/atmel studio 6.0/extensions/atmel/armgcc/3.3.1.83/armgcctoolchain/bin/../lib/gcc/arm-none-eabi/4.6.1/../../../../arm-none-eabi/lib\libc.a(lib_a-init.o)
 .text          0x00000000       0xa4 c:/program files/atmel/atmel studio 6.0/extensions/atmel/armgcc/3.3.1.83/armgcctoolchain/bin/../lib/gcc/arm-none-eabi/4.6.1/../../../../arm-none-eabi/lib\libc.a(lib_a-memset.o)
 .data          0x00000000        0x0 c:/program files/atmel/atmel studio 6.0/extensions/atmel/armgcc/3.3.1.83/armgcctoolchain/bin/../lib/gcc/arm-none-eabi/4.6.1/../../../../arm-none-eabi/lib\libc.a(lib_a-memset.o)
 .bss           0x00000000        0x0 c:/program files/atmel/atmel studio 6.0/extensions/atmel/armgcc/3.3.1.83/armgcctoolchain/bin/../lib/gcc/arm-none-eabi/4.6.1/../../../../arm-none-eabi/lib\libc.a(lib_a-memset.o)
 .text          0x00000000       0xb8 c:/program files/atmel/atmel studio 6.0/extensions/atmel/armgcc/3.3.1.83/armgcctoolchain/bin/../lib/gcc/arm-none-eabi/4.6.1/../../../../arm-none-eabi/lib\libc.a(lib_a-__atexit.o)
 .data          0x00000000        0x0 c:/program files/atmel/atmel studio 6.0/extensions/atmel/armgcc/3.3.1.83/armgcctoolchain/bin/../lib/gcc/arm-none-eabi/4.6.1/../../../../arm-none-eabi/lib\libc.a(lib_a-__atexit.o)
 .bss           0x00000000        0x0 c:/program files/atmel/atmel studio 6.0/extensions/atmel/armgcc/3.3.1.83/armgcctoolchain/bin/../lib/gcc/arm-none-eabi/4.6.1/../../../../arm-none-eabi/lib\libc.a(lib_a-__atexit.o)
 .text          0x00000000       0xec c:/program files/atmel/atmel studio 6.0/extensions/atmel/armgcc/3.3.1.83/armgcctoolchain/bin/../lib/gcc/arm-none-eabi/4.6.1/../../../../arm-none-eabi/lib\libc.a(lib_a-__call_atexit.o)
 .data          0x00000000        0x0 c:/program files/atmel/atmel studio 6.0/extensions/atmel/armgcc/3.3.1.83/armgcctoolchain/bin/../lib/gcc/arm-none-eabi/4.6.1/../../../../arm-none-eabi/lib\libc.a(lib_a-__call_atexit.o)
 .bss           0x00000000        0x0 c:/program files/atmel/atmel studio 6.0/extensions/atmel/armgcc/3.3.1.83/armgcctoolchain/bin/../lib/gcc/arm-none-eabi/4.6.1/../../../../arm-none-eabi/lib\libc.a(lib_a-__call_atexit.o)
 .text          0x00000000        0x0 c:/program files/atmel/atmel studio 6.0/extensions/atmel/armgcc/3.3.1.83/armgcctoolchain/bin/../lib/gcc/arm-none-eabi/4.6.1/crtend.o
 .data          0x00000000        0x0 c:/program files/atmel/atmel studio 6.0/extensions/atmel/armgcc/3.3.1.83/armgcctoolchain/bin/../lib/gcc/arm-none-eabi/4.6.1/crtend.o
 .bss           0x00000000        0x0 c:/program files/atmel/atmel studio 6.0/extensions/atmel/armgcc/3.3.1.83/armgcctoolchain/bin/../lib/gcc/arm-none-eabi/4.6.1/crtend.o
 .text          0x00000000        0x0 c:/program files/atmel/atmel studio 6.0/extensions/atmel/armgcc/3.3.1.83/armgcctoolchain/bin/../lib/gcc/arm-none-eabi/4.6.1/crtn.o
 .data          0x00000000        0x0 c:/program files/atmel/atmel studio 6.0/extensions/atmel/armgcc/3.3.1.83/armgcctoolchain/bin/../lib/gcc/arm-none-eabi/4.6.1/crtn.o
 .bss           0x00000000        0x0 c:/program files/atmel/atmel studio 6.0/extensions/atmel/armgcc/3.3.1.83/armgcctoolchain/bin/../lib/gcc/arm-none-eabi/4.6.1/crtn.o

Memory Configuration

Name             Origin             Length             Attributes
*default*        0x00000000         0xffffffff

Linker script and memory map

LOAD c:/program files/atmel/atmel studio 6.0/extensions/atmel/armgcc/3.3.1.83/armgcctoolchain/bin/../lib/gcc/arm-none-eabi/4.6.1/crti.o
LOAD c:/program files/atmel/atmel studio 6.0/extensions/atmel/armgcc/3.3.1.83/armgcctoolchain/bin/../lib/gcc/arm-none-eabi/4.6.1/crtbegin.o
LOAD c:/program files/atmel/atmel studio 6.0/extensions/atmel/armgcc/3.3.1.83/armgcctoolchain/bin/../lib/gcc/arm-none-eabi/4.6.1/../../../../arm-none-eabi/lib/crt0.o
LOAD src/asf/common/boards/user_board/init.o
LOAD src/asf/common/utils/interrupt/interrupt_sam_nvic.o
LOAD src/asf/sam/drivers/spi/spi.o
LOAD src/main.o
START GROUP
END GROUP
START GROUP
LOAD c:/program files/atmel/atmel studio 6.0/extensions/atmel/armgcc/3.3.1.83/armgcctoolchain/bin/../lib/gcc/arm-none-eabi/4.6.1\libgcc.a
LOAD c:/program files/atmel/atmel studio 6.0/extensions/atmel/armgcc/3.3.1.83/armgcctoolchain/bin/../lib/gcc/arm-none-eabi/4.6.1/../../../../arm-none-eabi/lib\libc.a
END GROUP
LOAD c:/program files/atmel/atmel studio 6.0/extensions/atmel/armgcc/3.3.1.83/armgcctoolchain/bin/../lib/gcc/arm-none-eabi/4.6.1/crtend.o
LOAD c:/program files/atmel/atmel studio 6.0/extensions/atmel/armgcc/3.3.1.83/armgcctoolchain/bin/../lib/gcc/arm-none-eabi/4.6.1/crtn.o
                0x00008000                PROVIDE (__executable_start, 0x8000)
                0x00008000                . = 0x8000

.interp
 *(.interp)

.note.gnu.build-id
 *(.note.gnu.build-id)

.hash
 *(.hash)

.gnu.hash
 *(.gnu.hash)

.dynsym
 *(.dynsym)

.dynstr
 *(.dynstr)

.gnu.version
 *(.gnu.version)

.gnu.version_d
 *(.gnu.version_d)

.gnu.version_r
 *(.gnu.version_r)

.rel.dyn        0x00008000        0x0
 *(.rel.init)
 *(.rel.text .rel.text.* .rel.gnu.linkonce.t.*)
 *(.rel.fini)
 *(.rel.rodata .rel.rodata.* .rel.gnu.linkonce.r.*)
 *(.rel.data.rel.ro* .rel.gnu.linkonce.d.rel.ro.*)
 *(.rel.data .rel.data.* .rel.gnu.linkonce.d.*)
 *(.rel.tdata .rel.tdata.* .rel.gnu.linkonce.td.*)
 *(.rel.tbss .rel.tbss.* .rel.gnu.linkonce.tb.*)
 *(.rel.ctors)
 *(.rel.dtors)
 *(.rel.got)
 *(.rel.bss .rel.bss.* .rel.gnu.linkonce.b.*)
                0x00008000                PROVIDE (__rel_iplt_start, .)
 *(.rel.iplt)
 .rel.iplt      0x00000000        0x0 c:/program files/atmel/atmel studio 6.0/extensions/atmel/armgcc/3.3.1.83/armgcctoolchain/bin/../lib/gcc/arm-none-eabi/4.6.1/crti.o
                0x00008000                PROVIDE (__rel_iplt_end, .)
                0x00008000                PROVIDE (__rela_iplt_start, .)
                0x00008000                PROVIDE (__rela_iplt_end, .)

.rela.dyn       0x00008000        0x0
 *(.rela.init)
 *(.rela.text .rela.text.* .rela.gnu.linkonce.t.*)
 *(.rela.fini)
 *(.rela.rodata .rela.rodata.* .rela.gnu.linkonce.r.*)
 *(.rela.data .rela.data.* .rela.gnu.linkonce.d.*)
 *(.rela.tdata .rela.tdata.* .rela.gnu.linkonce.td.*)
 *(.rela.tbss .rela.tbss.* .rela.gnu.linkonce.tb.*)
 *(.rela.ctors)
 *(.rela.dtors)
 *(.rela.got)
 *(.rela.bss .rela.bss.* .rela.gnu.linkonce.b.*)
                0x00008000                PROVIDE (__rel_iplt_start, .)
                0x00008000                PROVIDE (__rel_iplt_end, .)
                0x00008000                PROVIDE (__rela_iplt_start, .)
 *(.rela.iplt)
                0x00008000                PROVIDE (__rela_iplt_end, .)

.rel.plt
 *(.rel.plt)

.rela.plt
 *(.rela.plt)

.init           0x00008000        0xc
 *(.init)
 .init          0x00008000        0x4 c:/program files/atmel/atmel studio 6.0/extensions/atmel/armgcc/3.3.1.83/armgcctoolchain/bin/../lib/gcc/arm-none-eabi/4.6.1/crti.o
                0x00008000                _init
 .init          0x00008004        0x8 c:/program files/atmel/atmel studio 6.0/extensions/atmel/armgcc/3.3.1.83/armgcctoolchain/bin/../lib/gcc/arm-none-eabi/4.6.1/crtn.o

.plt
 *(.plt)

.iplt           0x0000800c        0x0
 *(.iplt)
 .iplt          0x00000000        0x0 c:/program files/atmel/atmel studio 6.0/extensions/atmel/armgcc/3.3.1.83/armgcctoolchain/bin/../lib/gcc/arm-none-eabi/4.6.1/crti.o

.text           0x0000800c       0x54
 *(.text.unlikely .text.*_unlikely)
 *(.text.exit .text.exit.*)
 *(.text.startup .text.startup.*)
 *(.text.hot .text.hot.*)
 *(.text .stub .text.* .gnu.linkonce.t.*)
 .text          0x0000800c       0x54 c:/program files/atmel/atmel studio 6.0/extensions/atmel/armgcc/3.3.1.83/armgcctoolchain/bin/../lib/gcc/arm-none-eabi/4.6.1/crtbegin.o
 *(.gnu.warning)
 *(.glue_7t)
 .glue_7t       0x00000000        0x0 linker stubs
 *(.glue_7)
 .glue_7        0x00000000        0x0 linker stubs
 *(.vfp11_veneer)
 .vfp11_veneer  0x00000000        0x0 linker stubs
 *(.v4_bx)
 .v4_bx         0x00000000        0x0 linker stubs

.fini           0x00008060        0xc
 *(.fini)
 .fini          0x00008060        0x4 c:/program files/atmel/atmel studio 6.0/extensions/atmel/armgcc/3.3.1.83/armgcctoolchain/bin/../lib/gcc/arm-none-eabi/4.6.1/crti.o
                0x00008060                _fini
 .fini          0x00008064        0x8 c:/program files/atmel/atmel studio 6.0/extensions/atmel/armgcc/3.3.1.83/armgcctoolchain/bin/../lib/gcc/arm-none-eabi/4.6.1/crtn.o
                0x0000806c                PROVIDE (__etext, .)
                0x0000806c                PROVIDE (_etext, .)
                0x0000806c                PROVIDE (etext, .)

.rodata
 *(.rodata .rodata.* .gnu.linkonce.r.*)

.rodata1
 *(.rodata1)

.ARM.extab
 *(.ARM.extab* .gnu.linkonce.armextab.*)
                0x0000806c                PROVIDE (__exidx_start, .)

.ARM.exidx
 *(.ARM.exidx* .gnu.linkonce.armexidx.*)
                0x0000806c                PROVIDE (__exidx_end, .)

.eh_frame_hdr
 *(.eh_frame_hdr)

.eh_frame       0x0000806c        0x4
 *(.eh_frame)
 .eh_frame      0x0000806c        0x0 c:/program files/atmel/atmel studio 6.0/extensions/atmel/armgcc/3.3.1.83/armgcctoolchain/bin/../lib/gcc/arm-none-eabi/4.6.1/crtbegin.o
 .eh_frame      0x0000806c        0x4 c:/program files/atmel/atmel studio 6.0/extensions/atmel/armgcc/3.3.1.83/armgcctoolchain/bin/../lib/gcc/arm-none-eabi/4.6.1/crtend.o

.gcc_except_table
 *(.gcc_except_table .gcc_except_table.*)

.exception_ranges
 *(.exception_ranges .exception_ranges*)
                0x00010070                . = (ALIGN (0x8000) + (. & 0x7fff))

.eh_frame
 *(.eh_frame)

.gcc_except_table
 *(.gcc_except_table .gcc_except_table.*)

.exception_ranges
 *(.exception_ranges .exception_ranges*)

.tdata
 *(.tdata .tdata.* .gnu.linkonce.td.*)

.tbss
 *(.tbss .tbss.* .gnu.linkonce.tb.*)
 *(.tcommon)

.preinit_array  0x00010070        0x0
                0x00010070                PROVIDE (__preinit_array_start, .)
 *(.preinit_array)
                0x00010070                PROVIDE (__preinit_array_end, .)

.init_array     0x00010070        0x4
                0x00010070                PROVIDE (__init_array_start, .)
 *(SORT(.init_array.*))
 *(.init_array)
 .init_array    0x00010070        0x4 c:/program files/atmel/atmel studio 6.0/extensions/atmel/armgcc/3.3.1.83/armgcctoolchain/bin/../lib/gcc/arm-none-eabi/4.6.1/crtbegin.o
                0x00010074                PROVIDE (__init_array_end, .)

.fini_array     0x00010074        0x4
                0x00010074                PROVIDE (__fini_array_start, .)
 *(SORT(.fini_array.*))
 *(.fini_array)
 .fini_array    0x00010074        0x4 c:/program files/atmel/atmel studio 6.0/extensions/atmel/armgcc/3.3.1.83/armgcctoolchain/bin/../lib/gcc/arm-none-eabi/4.6.1/crtbegin.o
                0x00010078                PROVIDE (__fini_array_end, .)

.ctors
 *crtbegin.o(.ctors)
 *crtbegin?.o(.ctors)
 *(EXCLUDE_FILE(*crtend?.o *crtend.o) .ctors)
 *(SORT(.ctors.*))
 *(.ctors)

.dtors
 *crtbegin.o(.dtors)
 *crtbegin?.o(.dtors)
 *(EXCLUDE_FILE(*crtend?.o *crtend.o) .dtors)
 *(SORT(.dtors.*))
 *(.dtors)

.jcr            0x00010078        0x4
 *(.jcr)
 .jcr           0x00010078        0x0 c:/program files/atmel/atmel studio 6.0/extensions/atmel/armgcc/3.3.1.83/armgcctoolchain/bin/../lib/gcc/arm-none-eabi/4.6.1/crtbegin.o
 .jcr           0x00010078        0x4 c:/program files/atmel/atmel studio 6.0/extensions/atmel/armgcc/3.3.1.83/armgcctoolchain/bin/../lib/gcc/arm-none-eabi/4.6.1/crtend.o

.data.rel.ro
 *(.data.rel.ro.local* .gnu.linkonce.d.rel.ro.local.*)
 *(.data.rel.ro* .gnu.linkonce.d.rel.ro.*)

.dynamic
 *(.dynamic)

.got            0x0001007c        0x0
 *(.got.plt)
 *(.igot.plt)
 .igot.plt      0x00000000        0x0 c:/program files/atmel/atmel studio 6.0/extensions/atmel/armgcc/3.3.1.83/armgcctoolchain/bin/../lib/gcc/arm-none-eabi/4.6.1/crti.o
 *(.got)
 *(.igot)

.data           0x0001007c        0x0
                0x0001007c                __data_start = .
 *(.data .data.* .gnu.linkonce.d.*)

.data1
 *(.data1)
                0x0001007c                _edata = .
                0x0001007c                PROVIDE (edata, .)
                0x0001007c                __bss_start = .
                0x0001007c                __bss_start__ = .

.bss            0x0001007c       0x1c
 *(.dynbss)
 *(.bss .bss.* .gnu.linkonce.b.*)
 .bss           0x0001007c       0x1c c:/program files/atmel/atmel studio 6.0/extensions/atmel/armgcc/3.3.1.83/armgcctoolchain/bin/../lib/gcc/arm-none-eabi/4.6.1/crtbegin.o
 *(COMMON)
                0x00010098                . = ALIGN ((. != 0x0)?0x4:0x1)
                0x00010098                _bss_end__ = .
                0x00010098                __bss_end__ = .
                0x00010098                . = ALIGN (0x4)
                0x00010098                . = ALIGN (0x4)
                0x00010098                __end__ = .
                0x00010098                _end = .
                0x00010098                PROVIDE (end, .)

.stab
 *(.stab)

.stabstr
 *(.stabstr)

.stab.excl
 *(.stab.excl)

.stab.exclstr
 *(.stab.exclstr)

.stab.index
 *(.stab.index)

.stab.indexstr
 *(.stab.indexstr)

.comment        0x00000000       0x33
 *(.comment)
 .comment       0x00000000       0x33 c:/program files/atmel/atmel studio 6.0/extensions/atmel/armgcc/3.3.1.83/armgcctoolchain/bin/../lib/gcc/arm-none-eabi/4.6.1/crtbegin.o
                                 0x34 (size before relaxing)
 .comment       0x00000000       0x34 src/asf/common/boards/user_board/init.o
 .comment       0x00000000       0x34 src/asf/common/utils/interrupt/interrupt_sam_nvic.o
 .comment       0x00000000       0x34 src/asf/sam/drivers/spi/spi.o
 .comment       0x00000000       0x34 src/main.o
 .comment       0x00000000       0x34 c:/program files/atmel/atmel studio 6.0/extensions/atmel/armgcc/3.3.1.83/armgcctoolchain/bin/../lib/gcc/arm-none-eabi/4.6.1/../../../../arm-none-eabi/lib\libc.a(lib_a-atexit.o)
 .comment       0x00000000       0x34 c:/program files/atmel/atmel studio 6.0/extensions/atmel/armgcc/3.3.1.83/armgcctoolchain/bin/../lib/gcc/arm-none-eabi/4.6.1/../../../../arm-none-eabi/lib\libc.a(lib_a-exit.o)
 .comment       0x00000000       0x34 c:/program files/atmel/atmel studio 6.0/extensions/atmel/armgcc/3.3.1.83/armgcctoolchain/bin/../lib/gcc/arm-none-eabi/4.6.1/../../../../arm-none-eabi/lib\libc.a(lib_a-fini.o)
 .comment       0x00000000       0x34 c:/program files/atmel/atmel studio 6.0/extensions/atmel/armgcc/3.3.1.83/armgcctoolchain/bin/../lib/gcc/arm-none-eabi/4.6.1/../../../../arm-none-eabi/lib\libc.a(lib_a-impure.o)
 .comment       0x00000000       0x34 c:/program files/atmel/atmel studio 6.0/extensions/atmel/armgcc/3.3.1.83/armgcctoolchain/bin/../lib/gcc/arm-none-eabi/4.6.1/../../../../arm-none-eabi/lib\libc.a(lib_a-init.o)
 .comment       0x00000000       0x34 c:/program files/atmel/atmel studio 6.0/extensions/atmel/armgcc/3.3.1.83/armgcctoolchain/bin/../lib/gcc/arm-none-eabi/4.6.1/../../../../arm-none-eabi/lib\libc.a(lib_a-memset.o)
 .comment       0x00000000       0x34 c:/program files/atmel/atmel studio 6.0/extensions/atmel/armgcc/3.3.1.83/armgcctoolchain/bin/../lib/gcc/arm-none-eabi/4.6.1/../../../../arm-none-eabi/lib\libc.a(lib_a-__atexit.o)
 .comment       0x00000000       0x34 c:/program files/atmel/atmel studio 6.0/extensions/atmel/armgcc/3.3.1.83/armgcctoolchain/bin/../lib/gcc/arm-none-eabi/4.6.1/../../../../arm-none-eabi/lib\libc.a(lib_a-__call_atexit.o)
 .comment       0x00000000       0x34 c:/program files/atmel/atmel studio 6.0/extensions/atmel/armgcc/3.3.1.83/armgcctoolchain/bin/../lib/gcc/arm-none-eabi/4.6.1/crtend.o

.debug
 *(.debug)

.line
 *(.line)

.debug_srcinfo
 *(.debug_srcinfo)

.debug_sfnames
 *(.debug_sfnames)

.debug_aranges  0x00000000      0x208
 *(.debug_aranges)
 .debug_aranges
                0x00000000       0x28 c:/program files/atmel/atmel studio 6.0/extensions/atmel/armgcc/3.3.1.83/armgcctoolchain/bin/../lib/gcc/arm-none-eabi/4.6.1/crti.o
 .debug_aranges
                0x00000028       0x20 src/asf/common/boards/user_board/init.o
 .debug_aranges
                0x00000048      0x178 src/asf/sam/drivers/spi/spi.o
 .debug_aranges
                0x000001c0       0x20 src/main.o
 .debug_aranges
                0x000001e0       0x28 c:/program files/atmel/atmel studio 6.0/extensions/atmel/armgcc/3.3.1.83/armgcctoolchain/bin/../lib/gcc/arm-none-eabi/4.6.1/crtn.o

.debug_pubnames
 *(.debug_pubnames)

.debug_info     0x00000000      0xff0
 *(.debug_info .gnu.linkonce.wi.*)
 .debug_info    0x00000000       0xfd c:/program files/atmel/atmel studio 6.0/extensions/atmel/armgcc/3.3.1.83/armgcctoolchain/bin/../lib/gcc/arm-none-eabi/4.6.1/crti.o
 .debug_info    0x000000fd       0xea src/asf/common/boards/user_board/init.o
 .debug_info    0x000001e7       0xd7 src/asf/common/utils/interrupt/interrupt_sam_nvic.o
 .debug_info    0x000002be      0xb46 src/asf/sam/drivers/spi/spi.o
 .debug_info    0x00000e04       0xef src/main.o
 .debug_info    0x00000ef3       0xfd c:/program files/atmel/atmel studio 6.0/extensions/atmel/armgcc/3.3.1.83/armgcctoolchain/bin/../lib/gcc/arm-none-eabi/4.6.1/crtn.o

.debug_abbrev   0x00000000      0x350
 *(.debug_abbrev)
 .debug_abbrev  0x00000000       0x12 c:/program files/atmel/atmel studio 6.0/extensions/atmel/armgcc/3.3.1.83/armgcctoolchain/bin/../lib/gcc/arm-none-eabi/4.6.1/crti.o
 .debug_abbrev  0x00000012       0x79 src/asf/common/boards/user_board/init.o
 .debug_abbrev  0x0000008b       0x73 src/asf/common/utils/interrupt/interrupt_sam_nvic.o
 .debug_abbrev  0x000000fe      0x1c5 src/asf/sam/drivers/spi/spi.o
 .debug_abbrev  0x000002c3       0x7b src/main.o
 .debug_abbrev  0x0000033e       0x12 c:/program files/atmel/atmel studio 6.0/extensions/atmel/armgcc/3.3.1.83/armgcctoolchain/bin/../lib/gcc/arm-none-eabi/4.6.1/crtn.o

.debug_line     0x00000000     0x327f
 *(.debug_line)
 .debug_line    0x00000000       0xa7 c:/program files/atmel/atmel studio 6.0/extensions/atmel/armgcc/3.3.1.83/armgcctoolchain/bin/../lib/gcc/arm-none-eabi/4.6.1/crti.o
 .debug_line    0x000000a7      0xb9d src/asf/common/boards/user_board/init.o
 .debug_line    0x00000c44      0xb25 src/asf/common/utils/interrupt/interrupt_sam_nvic.o
 .debug_line    0x00001769      0xe8d src/asf/sam/drivers/spi/spi.o
 .debug_line    0x000025f6      0xbde src/main.o
 .debug_line    0x000031d4       0xab c:/program files/atmel/atmel studio 6.0/extensions/atmel/armgcc/3.3.1.83/armgcctoolchain/bin/../lib/gcc/arm-none-eabi/4.6.1/crtn.o

.debug_frame    0x00000000      0x33c
 *(.debug_frame)
 .debug_frame   0x00000000       0x20 src/asf/common/boards/user_board/init.o
 .debug_frame   0x00000020      0x2f4 src/asf/sam/drivers/spi/spi.o
 .debug_frame   0x00000314       0x28 src/main.o

.debug_str      0x00000000      0x778
 *(.debug_str)
 .debug_str     0x00000000      0x110 src/asf/common/boards/user_board/init.o
                                0x151 (size before relaxing)
 .debug_str     0x00000110       0x37 src/asf/common/utils/interrupt/interrupt_sam_nvic.o
                                0x152 (size before relaxing)
 .debug_str     0x00000147      0x61e src/asf/sam/drivers/spi/spi.o
                                0x73f (size before relaxing)
 .debug_str     0x00000765       0x13 src/main.o
                                0x12e (size before relaxing)

.debug_loc      0x00000000      0x437
 *(.debug_loc)
 .debug_loc     0x00000000      0x417 src/asf/sam/drivers/spi/spi.o
 .debug_loc     0x00000417       0x20 src/main.o

.debug_macinfo  0x00000000   0x116b91
 *(.debug_macinfo)
 .debug_macinfo
                0x00000000    0x45c9f src/asf/common/boards/user_board/init.o
 .debug_macinfo
                0x00045c9f    0x45846 src/asf/common/utils/interrupt/interrupt_sam_nvic.o
 .debug_macinfo
                0x0008b4e5    0x458ab src/asf/sam/drivers/spi/spi.o
 .debug_macinfo
                0x000d0d90    0x45e01 src/main.o

.debug_weaknames
 *(.debug_weaknames)

.debug_funcnames
 *(.debug_funcnames)

.debug_typenames
 *(.debug_typenames)

.debug_varnames
 *(.debug_varnames)

.debug_pubtypes
 *(.debug_pubtypes)

.debug_ranges   0x00000000      0x1c8
 *(.debug_ranges)
 .debug_ranges  0x00000000       0x20 c:/program files/atmel/atmel studio 6.0/extensions/atmel/armgcc/3.3.1.83/armgcctoolchain/bin/../lib/gcc/arm-none-eabi/4.6.1/crti.o
 .debug_ranges  0x00000020       0x10 src/asf/common/boards/user_board/init.o
 .debug_ranges  0x00000030      0x168 src/asf/sam/drivers/spi/spi.o
 .debug_ranges  0x00000198       0x10 src/main.o
 .debug_ranges  0x000001a8       0x20 c:/program files/atmel/atmel studio 6.0/extensions/atmel/armgcc/3.3.1.83/armgcctoolchain/bin/../lib/gcc/arm-none-eabi/4.6.1/crtn.o

.stack          0x00080000        0x0
                0x00080000                _stack = .
 *(.stack)

.ARM.attributes
                0x00000000       0x27
 *(.ARM.attributes)
 .ARM.attributes
                0x00000000       0x1d c:/program files/atmel/atmel studio 6.0/extensions/atmel/armgcc/3.3.1.83/armgcctoolchain/bin/../lib/gcc/arm-none-eabi/4.6.1/crti.o
 .ARM.attributes
                0x0000001d       0x2b c:/program files/atmel/atmel studio 6.0/extensions/atmel/armgcc/3.3.1.83/armgcctoolchain/bin/../lib/gcc/arm-none-eabi/4.6.1/crtbegin.o
 .ARM.attributes
                0x00000048       0x1b c:/program files/atmel/atmel studio 6.0/extensions/atmel/armgcc/3.3.1.83/armgcctoolchain/bin/../lib/gcc/arm-none-eabi/4.6.1/../../../../arm-none-eabi/lib/crt0.o
 .ARM.attributes
                0x00000063       0x31 src/asf/common/boards/user_board/init.o
 .ARM.attributes
                0x00000094       0x31 src/asf/common/utils/interrupt/interrupt_sam_nvic.o
 .ARM.attributes
                0x000000c5       0x31 src/asf/sam/drivers/spi/spi.o
 .ARM.attributes
                0x000000f6       0x31 src/main.o
 .ARM.attributes
                0x00000127       0x2b c:/program files/atmel/atmel studio 6.0/extensions/atmel/armgcc/3.3.1.83/armgcctoolchain/bin/../lib/gcc/arm-none-eabi/4.6.1/../../../../arm-none-eabi/lib\libc.a(lib_a-atexit.o)
 .ARM.attributes
                0x00000152       0x2b c:/program files/atmel/atmel studio 6.0/extensions/atmel/armgcc/3.3.1.83/armgcctoolchain/bin/../lib/gcc/arm-none-eabi/4.6.1/../../../../arm-none-eabi/lib\libc.a(lib_a-exit.o)
 .ARM.attributes
                0x0000017d       0x2b c:/program files/atmel/atmel studio 6.0/extensions/atmel/armgcc/3.3.1.83/armgcctoolchain/bin/../lib/gcc/arm-none-eabi/4.6.1/../../../../arm-none-eabi/lib\libc.a(lib_a-fini.o)
 .ARM.attributes
                0x000001a8       0x2b c:/program files/atmel/atmel studio 6.0/extensions/atmel/armgcc/3.3.1.83/armgcctoolchain/bin/../lib/gcc/arm-none-eabi/4.6.1/../../../../arm-none-eabi/lib\libc.a(lib_a-impure.o)
 .ARM.attributes
                0x000001d3       0x2b c:/program files/atmel/atmel studio 6.0/extensions/atmel/armgcc/3.3.1.83/armgcctoolchain/bin/../lib/gcc/arm-none-eabi/4.6.1/../../../../arm-none-eabi/lib\libc.a(lib_a-init.o)
 .ARM.attributes
                0x000001fe       0x2b c:/program files/atmel/atmel studio 6.0/extensions/atmel/armgcc/3.3.1.83/armgcctoolchain/bin/../lib/gcc/arm-none-eabi/4.6.1/../../../../arm-none-eabi/lib\libc.a(lib_a-memset.o)
 .ARM.attributes
                0x00000229       0x2b c:/program files/atmel/atmel studio 6.0/extensions/atmel/armgcc/3.3.1.83/armgcctoolchain/bin/../lib/gcc/arm-none-eabi/4.6.1/../../../../arm-none-eabi/lib\libc.a(lib_a-__atexit.o)
 .ARM.attributes
                0x00000254       0x2b c:/program files/atmel/atmel studio 6.0/extensions/atmel/armgcc/3.3.1.83/armgcctoolchain/bin/../lib/gcc/arm-none-eabi/4.6.1/../../../../arm-none-eabi/lib\libc.a(lib_a-__call_atexit.o)
 .ARM.attributes
                0x0000027f       0x2b c:/program files/atmel/atmel studio 6.0/extensions/atmel/armgcc/3.3.1.83/armgcctoolchain/bin/../lib/gcc/arm-none-eabi/4.6.1/crtend.o
 .ARM.attributes
                0x000002aa       0x1d c:/program files/atmel/atmel studio 6.0/extensions/atmel/armgcc/3.3.1.83/armgcctoolchain/bin/../lib/gcc/arm-none-eabi/4.6.1/crtn.o
 *(.gnu.attributes)

.note.gnu.arm.ident
 *(.note.gnu.arm.ident)

/DISCARD/
 *(.note.GNU-stack)
 *(.gnu_debuglink)
 *(.gnu.lto_*)
OUTPUT(SAM3U4E-CC2520.elf elf32-littlearm)

Cross Reference Table

Symbol                                            File
_Jv_RegisterClasses                               c:/program files/atmel/atmel studio 6.0/extensions/atmel/armgcc/3.3.1.83/armgcctoolchain/bin/../lib/gcc/arm-none-eabi/4.6.1/crtbegin.o
__bss_end__                                       c:/program files/atmel/atmel studio 6.0/extensions/atmel/armgcc/3.3.1.83/armgcctoolchain/bin/../lib/gcc/arm-none-eabi/4.6.1/../../../../arm-none-eabi/lib/crt0.o
__bss_start__                                     c:/program files/atmel/atmel studio 6.0/extensions/atmel/armgcc/3.3.1.83/armgcctoolchain/bin/../lib/gcc/arm-none-eabi/4.6.1/../../../../arm-none-eabi/lib/crt0.o
__call_exitprocs                                  c:/program files/atmel/atmel studio 6.0/extensions/atmel/armgcc/3.3.1.83/armgcctoolchain/bin/../lib/gcc/arm-none-eabi/4.6.1/../../../../arm-none-eabi/lib\libc.a(lib_a-__call_atexit.o)
                                                  c:/program files/atmel/atmel studio 6.0/extensions/atmel/armgcc/3.3.1.83/armgcctoolchain/bin/../lib/gcc/arm-none-eabi/4.6.1/../../../../arm-none-eabi/lib\libc.a(lib_a-exit.o)
__deregister_frame_info                           c:/program files/atmel/atmel studio 6.0/extensions/atmel/armgcc/3.3.1.83/armgcctoolchain/bin/../lib/gcc/arm-none-eabi/4.6.1/crtbegin.o
__dso_handle                                      c:/program files/atmel/atmel studio 6.0/extensions/atmel/armgcc/3.3.1.83/armgcctoolchain/bin/../lib/gcc/arm-none-eabi/4.6.1/crtbegin.o
__fini_array_end                                  c:/program files/atmel/atmel studio 6.0/extensions/atmel/armgcc/3.3.1.83/armgcctoolchain/bin/../lib/gcc/arm-none-eabi/4.6.1/../../../../arm-none-eabi/lib\libc.a(lib_a-fini.o)
__fini_array_start                                c:/program files/atmel/atmel studio 6.0/extensions/atmel/armgcc/3.3.1.83/armgcctoolchain/bin/../lib/gcc/arm-none-eabi/4.6.1/../../../../arm-none-eabi/lib\libc.a(lib_a-fini.o)
__init_array_end                                  c:/program files/atmel/atmel studio 6.0/extensions/atmel/armgcc/3.3.1.83/armgcctoolchain/bin/../lib/gcc/arm-none-eabi/4.6.1/../../../../arm-none-eabi/lib\libc.a(lib_a-init.o)
__init_array_start                                c:/program files/atmel/atmel studio 6.0/extensions/atmel/armgcc/3.3.1.83/armgcctoolchain/bin/../lib/gcc/arm-none-eabi/4.6.1/../../../../arm-none-eabi/lib\libc.a(lib_a-init.o)
__libc_fini_array                                 c:/program files/atmel/atmel studio 6.0/extensions/atmel/armgcc/3.3.1.83/armgcctoolchain/bin/../lib/gcc/arm-none-eabi/4.6.1/../../../../arm-none-eabi/lib\libc.a(lib_a-fini.o)
                                                  c:/program files/atmel/atmel studio 6.0/extensions/atmel/armgcc/3.3.1.83/armgcctoolchain/bin/../lib/gcc/arm-none-eabi/4.6.1/../../../../arm-none-eabi/lib/crt0.o
__libc_init_array                                 c:/program files/atmel/atmel studio 6.0/extensions/atmel/armgcc/3.3.1.83/armgcctoolchain/bin/../lib/gcc/arm-none-eabi/4.6.1/../../../../arm-none-eabi/lib\libc.a(lib_a-init.o)
                                                  c:/program files/atmel/atmel studio 6.0/extensions/atmel/armgcc/3.3.1.83/armgcctoolchain/bin/../lib/gcc/arm-none-eabi/4.6.1/../../../../arm-none-eabi/lib/crt0.o
__preinit_array_end                               c:/program files/atmel/atmel studio 6.0/extensions/atmel/armgcc/3.3.1.83/armgcctoolchain/bin/../lib/gcc/arm-none-eabi/4.6.1/../../../../arm-none-eabi/lib\libc.a(lib_a-init.o)
__preinit_array_start                             c:/program files/atmel/atmel studio 6.0/extensions/atmel/armgcc/3.3.1.83/armgcctoolchain/bin/../lib/gcc/arm-none-eabi/4.6.1/../../../../arm-none-eabi/lib\libc.a(lib_a-init.o)
__register_exitproc                               c:/program files/atmel/atmel studio 6.0/extensions/atmel/armgcc/3.3.1.83/armgcctoolchain/bin/../lib/gcc/arm-none-eabi/4.6.1/../../../../arm-none-eabi/lib\libc.a(lib_a-__atexit.o)
                                                  c:/program files/atmel/atmel studio 6.0/extensions/atmel/armgcc/3.3.1.83/armgcctoolchain/bin/../lib/gcc/arm-none-eabi/4.6.1/../../../../arm-none-eabi/lib\libc.a(lib_a-atexit.o)
__register_frame_info                             c:/program files/atmel/atmel studio 6.0/extensions/atmel/armgcc/3.3.1.83/armgcctoolchain/bin/../lib/gcc/arm-none-eabi/4.6.1/crtbegin.o
__stack                                           c:/program files/atmel/atmel studio 6.0/extensions/atmel/armgcc/3.3.1.83/armgcctoolchain/bin/../lib/gcc/arm-none-eabi/4.6.1/../../../../arm-none-eabi/lib/crt0.o
_exit                                             c:/program files/atmel/atmel studio 6.0/extensions/atmel/armgcc/3.3.1.83/armgcctoolchain/bin/../lib/gcc/arm-none-eabi/4.6.1/../../../../arm-none-eabi/lib\libc.a(lib_a-exit.o)
_fini                                             c:/program files/atmel/atmel studio 6.0/extensions/atmel/armgcc/3.3.1.83/armgcctoolchain/bin/../lib/gcc/arm-none-eabi/4.6.1/crti.o
                                                  c:/program files/atmel/atmel studio 6.0/extensions/atmel/armgcc/3.3.1.83/armgcctoolchain/bin/../lib/gcc/arm-none-eabi/4.6.1/../../../../arm-none-eabi/lib\libc.a(lib_a-fini.o)
_global_impure_ptr                                c:/program files/atmel/atmel studio 6.0/extensions/atmel/armgcc/3.3.1.83/armgcctoolchain/bin/../lib/gcc/arm-none-eabi/4.6.1/../../../../arm-none-eabi/lib\libc.a(lib_a-impure.o)
                                                  c:/program files/atmel/atmel studio 6.0/extensions/atmel/armgcc/3.3.1.83/armgcctoolchain/bin/../lib/gcc/arm-none-eabi/4.6.1/../../../../arm-none-eabi/lib\libc.a(lib_a-__call_atexit.o)
                                                  c:/program files/atmel/atmel studio 6.0/extensions/atmel/armgcc/3.3.1.83/armgcctoolchain/bin/../lib/gcc/arm-none-eabi/4.6.1/../../../../arm-none-eabi/lib\libc.a(lib_a-__atexit.o)
                                                  c:/program files/atmel/atmel studio 6.0/extensions/atmel/armgcc/3.3.1.83/armgcctoolchain/bin/../lib/gcc/arm-none-eabi/4.6.1/../../../../arm-none-eabi/lib\libc.a(lib_a-exit.o)
_impure_ptr                                       c:/program files/atmel/atmel studio 6.0/extensions/atmel/armgcc/3.3.1.83/armgcctoolchain/bin/../lib/gcc/arm-none-eabi/4.6.1/../../../../arm-none-eabi/lib\libc.a(lib_a-impure.o)
_init                                             c:/program files/atmel/atmel studio 6.0/extensions/atmel/armgcc/3.3.1.83/armgcctoolchain/bin/../lib/gcc/arm-none-eabi/4.6.1/crti.o
                                                  c:/program files/atmel/atmel studio 6.0/extensions/atmel/armgcc/3.3.1.83/armgcctoolchain/bin/../lib/gcc/arm-none-eabi/4.6.1/../../../../arm-none-eabi/lib\libc.a(lib_a-init.o)
_mainCRTStartup                                   c:/program files/atmel/atmel studio 6.0/extensions/atmel/armgcc/3.3.1.83/armgcctoolchain/bin/../lib/gcc/arm-none-eabi/4.6.1/../../../../arm-none-eabi/lib/crt0.o
_start                                            c:/program files/atmel/atmel studio 6.0/extensions/atmel/armgcc/3.3.1.83/armgcctoolchain/bin/../lib/gcc/arm-none-eabi/4.6.1/../../../../arm-none-eabi/lib/crt0.o
atexit                                            c:/program files/atmel/atmel studio 6.0/extensions/atmel/armgcc/3.3.1.83/armgcctoolchain/bin/../lib/gcc/arm-none-eabi/4.6.1/../../../../arm-none-eabi/lib\libc.a(lib_a-atexit.o)
                                                  c:/program files/atmel/atmel studio 6.0/extensions/atmel/armgcc/3.3.1.83/armgcctoolchain/bin/../lib/gcc/arm-none-eabi/4.6.1/../../../../arm-none-eabi/lib/crt0.o
board_init                                        src/asf/common/boards/user_board/init.o
                                                  src/main.o
exit                                              c:/program files/atmel/atmel studio 6.0/extensions/atmel/armgcc/3.3.1.83/armgcctoolchain/bin/../lib/gcc/arm-none-eabi/4.6.1/../../../../arm-none-eabi/lib\libc.a(lib_a-exit.o)
                                                  c:/program files/atmel/atmel studio 6.0/extensions/atmel/armgcc/3.3.1.83/armgcctoolchain/bin/../lib/gcc/arm-none-eabi/4.6.1/../../../../arm-none-eabi/lib/crt0.o
free                                              c:/program files/atmel/atmel studio 6.0/extensions/atmel/armgcc/3.3.1.83/armgcctoolchain/bin/../lib/gcc/arm-none-eabi/4.6.1/../../../../arm-none-eabi/lib\libc.a(lib_a-__call_atexit.o)
g_interrupt_enabled                               src/asf/common/utils/interrupt/interrupt_sam_nvic.o
hardware_init_hook                                c:/program files/atmel/atmel studio 6.0/extensions/atmel/armgcc/3.3.1.83/armgcctoolchain/bin/../lib/gcc/arm-none-eabi/4.6.1/../../../../arm-none-eabi/lib/crt0.o
main                                              src/main.o
                                                  c:/program files/atmel/atmel studio 6.0/extensions/atmel/armgcc/3.3.1.83/armgcctoolchain/bin/../lib/gcc/arm-none-eabi/4.6.1/../../../../arm-none-eabi/lib/crt0.o
malloc                                            c:/program files/atmel/atmel studio 6.0/extensions/atmel/armgcc/3.3.1.83/armgcctoolchain/bin/../lib/gcc/arm-none-eabi/4.6.1/../../../../arm-none-eabi/lib\libc.a(lib_a-__atexit.o)
memset                                            c:/program files/atmel/atmel studio 6.0/extensions/atmel/armgcc/3.3.1.83/armgcctoolchain/bin/../lib/gcc/arm-none-eabi/4.6.1/../../../../arm-none-eabi/lib\libc.a(lib_a-memset.o)
                                                  c:/program files/atmel/atmel studio 6.0/extensions/atmel/armgcc/3.3.1.83/armgcctoolchain/bin/../lib/gcc/arm-none-eabi/4.6.1/../../../../arm-none-eabi/lib/crt0.o
software_init_hook                                c:/program files/atmel/atmel studio 6.0/extensions/atmel/armgcc/3.3.1.83/armgcctoolchain/bin/../lib/gcc/arm-none-eabi/4.6.1/../../../../arm-none-eabi/lib/crt0.o
spi_configure_cs_behavior                         src/asf/sam/drivers/spi/spi.o
spi_disable                                       src/asf/sam/drivers/spi/spi.o
spi_disable_interrupt                             src/asf/sam/drivers/spi/spi.o
spi_disable_loopback                              src/asf/sam/drivers/spi/spi.o
spi_disable_mode_fault_detect                     src/asf/sam/drivers/spi/spi.o
spi_disable_peripheral_select_decode              src/asf/sam/drivers/spi/spi.o
spi_disable_tx_on_rx_empty                        src/asf/sam/drivers/spi/spi.o
spi_enable                                        src/asf/sam/drivers/spi/spi.o
spi_enable_interrupt                              src/asf/sam/drivers/spi/spi.o
spi_enable_loopback                               src/asf/sam/drivers/spi/spi.o
spi_enable_mode_fault_detect                      src/asf/sam/drivers/spi/spi.o
spi_enable_peripheral_select_decode               src/asf/sam/drivers/spi/spi.o
spi_enable_tx_on_rx_empty                         src/asf/sam/drivers/spi/spi.o
spi_get_mode                                      src/asf/sam/drivers/spi/spi.o
spi_get_mode_fault_detect_setting                 src/asf/sam/drivers/spi/spi.o
spi_get_peripheral_select_decode_setting          src/asf/sam/drivers/spi/spi.o
spi_get_peripheral_select_mode                    src/asf/sam/drivers/spi/spi.o
spi_get_rx_access                                 src/asf/sam/drivers/spi/spi.o
spi_get_tx_access                                 src/asf/sam/drivers/spi/spi.o
spi_get_tx_on_rx_empty_setting                    src/asf/sam/drivers/spi/spi.o
spi_get_writeprotect_status                       src/asf/sam/drivers/spi/spi.o
spi_is_enabled                                    src/asf/sam/drivers/spi/spi.o
spi_is_rx_full                                    src/asf/sam/drivers/spi/spi.o
spi_is_rx_ready                                   src/asf/sam/drivers/spi/spi.o
spi_is_tx_empty                                   src/asf/sam/drivers/spi/spi.o
spi_is_tx_ready                                   src/asf/sam/drivers/spi/spi.o
spi_read                                          src/asf/sam/drivers/spi/spi.o
spi_read_interrupt_mask                           src/asf/sam/drivers/spi/spi.o
spi_read_status                                   src/asf/sam/drivers/spi/spi.o
spi_reset                                         src/asf/sam/drivers/spi/spi.o
spi_set_baudrate_div                              src/asf/sam/drivers/spi/spi.o
spi_set_bits_per_transfer                         src/asf/sam/drivers/spi/spi.o
spi_set_clock_phase                               src/asf/sam/drivers/spi/spi.o
spi_set_clock_polarity                            src/asf/sam/drivers/spi/spi.o
spi_set_delay_between_chip_select                 src/asf/sam/drivers/spi/spi.o
spi_set_fixed_peripheral_select                   src/asf/sam/drivers/spi/spi.o
spi_set_lastxfer                                  src/asf/sam/drivers/spi/spi.o
spi_set_master_mode                               src/asf/sam/drivers/spi/spi.o
spi_set_peripheral_chip_select_value              src/asf/sam/drivers/spi/spi.o
spi_set_slave_mode                                src/asf/sam/drivers/spi/spi.o
spi_set_transfer_delay                            src/asf/sam/drivers/spi/spi.o
spi_set_variable_peripheral_select                src/asf/sam/drivers/spi/spi.o
spi_set_writeprotect                              src/asf/sam/drivers/spi/spi.o
spi_write                                         src/asf/sam/drivers/spi/spi.o
start                                             c:/program files/atmel/atmel studio 6.0/extensions/atmel/armgcc/3.3.1.83/armgcctoolchain/bin/../lib/gcc/arm-none-eabi/4.6.1/../../../../arm-none-eabi/lib/crt0.o
