ARM Linker, 5.02 [Build 28] [MDK-ARM Standard]

==============================================================================

Section Cross References

    startup_mkl25z4.o(STACK) refers (Special) to heapauxi.o(.text) for __use_two_region_memory
    startup_mkl25z4.o(HEAP) refers (Special) to heapauxi.o(.text) for __use_two_region_memory
    startup_mkl25z4.o(RESET) refers (Special) to heapauxi.o(.text) for __use_two_region_memory
    startup_mkl25z4.o(RESET) refers to startup_mkl25z4.o(STACK) for __initial_sp
    startup_mkl25z4.o(RESET) refers to startup_mkl25z4.o(.text) for Reset_Handler
    startup_mkl25z4.o(.ARM.__at_0x400) refers (Special) to heapauxi.o(.text) for __use_two_region_memory
    startup_mkl25z4.o(.text) refers (Special) to heapauxi.o(.text) for __use_two_region_memory
    startup_mkl25z4.o(.text) refers to __main.o(!!!main) for __main
    startup_mkl25z4.o(.text) refers to startup_mkl25z4.o(HEAP) for Heap_Mem
    startup_mkl25z4.o(.text) refers to startup_mkl25z4.o(STACK) for Stack_Mem
    __main.o(!!!main) refers to rtentry.o(.ARM.Collect$$rtentry$$00000000) for __rt_entry
    rtentry.o(.ARM.Collect$$rtentry$$00000000) refers (Special) to rtentry2.o(.ARM.Collect$$rtentry$$0000000A) for __rt_entry_li
    rtentry.o(.ARM.Collect$$rtentry$$00000000) refers (Special) to rtentry2.o(.ARM.Collect$$rtentry$$0000000D) for __rt_entry_main
    rtentry.o(.ARM.Collect$$rtentry$$00000000) refers (Special) to rtentry2.o(.ARM.Collect$$rtentry$$0000000C) for __rt_entry_postli_1
    rtentry.o(.ARM.Collect$$rtentry$$00000000) refers (Special) to rtentry2.o(.ARM.Collect$$rtentry$$00000009) for __rt_entry_postsh_1
    rtentry.o(.ARM.Collect$$rtentry$$00000000) refers (Special) to rtentry2.o(.ARM.Collect$$rtentry$$00000002) for __rt_entry_presh_1
    rtentry.o(.ARM.Collect$$rtentry$$00000000) refers (Special) to rtentry4.o(.ARM.Collect$$rtentry$$00000004) for __rt_entry_sh
    rtentry2.o(.ARM.Collect$$rtentry$$00000008) refers to boardinit2.o(.text) for _platform_post_stackheap_init
    rtentry2.o(.ARM.Collect$$rtentry$$0000000A) refers to libinit.o(.ARM.Collect$$libinit$$00000000) for __rt_lib_init
    rtentry2.o(.ARM.Collect$$rtentry$$0000000B) refers to boardinit3.o(.text) for _platform_post_lib_init
    rtentry2.o(.ARM.Collect$$rtentry$$0000000D) refers to exit.o(.text) for exit
    rtentry2.o(.ARM.exidx) refers to rtentry2.o(.ARM.Collect$$rtentry$$00000001) for .ARM.Collect$$rtentry$$00000001
    rtentry2.o(.ARM.exidx) refers to rtentry2.o(.ARM.Collect$$rtentry$$00000008) for .ARM.Collect$$rtentry$$00000008
    rtentry2.o(.ARM.exidx) refers to rtentry2.o(.ARM.Collect$$rtentry$$0000000A) for .ARM.Collect$$rtentry$$0000000A
    rtentry2.o(.ARM.exidx) refers to rtentry2.o(.ARM.Collect$$rtentry$$0000000B) for .ARM.Collect$$rtentry$$0000000B
    rtentry2.o(.ARM.exidx) refers to rtentry2.o(.ARM.Collect$$rtentry$$0000000D) for .ARM.Collect$$rtentry$$0000000D
    rtentry4.o(.ARM.Collect$$rtentry$$00000004) refers to sys_stackheap_outer.o(.text) for __user_setup_stackheap
    rtentry4.o(.ARM.exidx) refers to rtentry4.o(.ARM.Collect$$rtentry$$00000004) for .ARM.Collect$$rtentry$$00000004
    sys_stackheap_outer.o(.text) refers to libspace.o(.text) for __user_perproc_libspace
    sys_stackheap_outer.o(.text) refers to startup_mkl25z4.o(.text) for __user_initial_stackheap
    sys_stackheap_outer.o(__vectab_stack_and_reset_area) refers to tempstk.o(.text) for __temporary_stack_top
    sys_stackheap_outer.o(__vectab_stack_and_reset_area) refers to __main.o(!!!main) for __main
    exit.o(.text) refers to rtexit.o(.ARM.Collect$$rtexit$$00000000) for __rt_exit
    libinit.o(.ARM.Collect$$libinit$$00000000) refers (Special) to libinit2.o(.ARM.Collect$$libinit$$0000002C) for __rt_lib_init_alloca_1
    libinit.o(.ARM.Collect$$libinit$$00000000) refers (Special) to libinit2.o(.ARM.Collect$$libinit$$00000025) for __rt_lib_init_argv_1
    libinit.o(.ARM.Collect$$libinit$$00000000) refers (Special) to libinit2.o(.ARM.Collect$$libinit$$00000019) for __rt_lib_init_atexit_1
    libinit.o(.ARM.Collect$$libinit$$00000000) refers (Special) to libinit2.o(.ARM.Collect$$libinit$$0000001F) for __rt_lib_init_clock_1
    libinit.o(.ARM.Collect$$libinit$$00000000) refers (Special) to libinit2.o(.ARM.Collect$$libinit$$00000030) for __rt_lib_init_cpp_1
    libinit.o(.ARM.Collect$$libinit$$00000000) refers (Special) to libinit2.o(.ARM.Collect$$libinit$$0000002E) for __rt_lib_init_exceptions_1
    libinit.o(.ARM.Collect$$libinit$$00000000) refers (Special) to libinit2.o(.ARM.Collect$$libinit$$00000001) for __rt_lib_init_fp_1
    libinit.o(.ARM.Collect$$libinit$$00000000) refers (Special) to libinit2.o(.ARM.Collect$$libinit$$0000001D) for __rt_lib_init_fp_trap_1
    libinit.o(.ARM.Collect$$libinit$$00000000) refers (Special) to libinit2.o(.ARM.Collect$$libinit$$00000021) for __rt_lib_init_getenv_1
    libinit.o(.ARM.Collect$$libinit$$00000000) refers (Special) to libinit2.o(.ARM.Collect$$libinit$$00000008) for __rt_lib_init_heap_1
    libinit.o(.ARM.Collect$$libinit$$00000000) refers (Special) to libinit2.o(.ARM.Collect$$libinit$$0000000F) for __rt_lib_init_lc_collate_1
    libinit.o(.ARM.Collect$$libinit$$00000000) refers (Special) to libinit2.o(.ARM.Collect$$libinit$$00000011) for __rt_lib_init_lc_ctype_1
    libinit.o(.ARM.Collect$$libinit$$00000000) refers (Special) to libinit2.o(.ARM.Collect$$libinit$$00000013) for __rt_lib_init_lc_monetary_1
    libinit.o(.ARM.Collect$$libinit$$00000000) refers (Special) to libinit2.o(.ARM.Collect$$libinit$$00000015) for __rt_lib_init_lc_numeric_1
    libinit.o(.ARM.Collect$$libinit$$00000000) refers (Special) to libinit2.o(.ARM.Collect$$libinit$$00000017) for __rt_lib_init_lc_time_1
    libinit.o(.ARM.Collect$$libinit$$00000000) refers (Special) to libinit2.o(.ARM.Collect$$libinit$$0000000C) for __rt_lib_init_rand_1
    libinit.o(.ARM.Collect$$libinit$$00000000) refers (Special) to libinit2.o(.ARM.Collect$$libinit$$00000031) for __rt_lib_init_return
    libinit.o(.ARM.Collect$$libinit$$00000000) refers (Special) to libinit2.o(.ARM.Collect$$libinit$$0000001B) for __rt_lib_init_signal_1
    libinit.o(.ARM.Collect$$libinit$$00000000) refers (Special) to libinit2.o(.ARM.Collect$$libinit$$00000023) for __rt_lib_init_stdio_1
    libinit.o(.ARM.Collect$$libinit$$00000000) refers (Special) to libinit2.o(.ARM.Collect$$libinit$$0000000A) for __rt_lib_init_user_alloc_1
    libspace.o(.text) refers to libspace.o(.bss) for __libspace_start
    rtexit.o(.ARM.Collect$$rtexit$$00000000) refers (Special) to rtexit2.o(.ARM.Collect$$rtexit$$00000004) for __rt_exit_exit
    rtexit.o(.ARM.Collect$$rtexit$$00000000) refers (Special) to rtexit2.o(.ARM.Collect$$rtexit$$00000003) for __rt_exit_ls
    rtexit.o(.ARM.Collect$$rtexit$$00000000) refers (Special) to rtexit2.o(.ARM.Collect$$rtexit$$00000002) for __rt_exit_prels_1
    rtexit.o(.ARM.exidx) refers (Special) to rtexit2.o(.ARM.Collect$$rtexit$$00000004) for __rt_exit_exit
    rtexit.o(.ARM.exidx) refers (Special) to rtexit2.o(.ARM.Collect$$rtexit$$00000003) for __rt_exit_ls
    rtexit.o(.ARM.exidx) refers (Special) to rtexit2.o(.ARM.Collect$$rtexit$$00000002) for __rt_exit_prels_1
    rtexit.o(.ARM.exidx) refers to rtexit.o(.ARM.Collect$$rtexit$$00000000) for .ARM.Collect$$rtexit$$00000000
    libinit2.o(.ARM.Collect$$libinit$$0000000E) refers to libinit2.o(.ARM.Collect$$libinit$$0000000D) for .ARM.Collect$$libinit$$0000000D
    libinit2.o(.ARM.Collect$$libinit$$00000010) refers to libinit2.o(.ARM.Collect$$libinit$$0000000D) for .ARM.Collect$$libinit$$0000000D
    libinit2.o(.ARM.Collect$$libinit$$00000012) refers to libinit2.o(.ARM.Collect$$libinit$$0000000D) for .ARM.Collect$$libinit$$0000000D
    libinit2.o(.ARM.Collect$$libinit$$00000014) refers to libinit2.o(.ARM.Collect$$libinit$$0000000D) for .ARM.Collect$$libinit$$0000000D
    libinit2.o(.ARM.Collect$$libinit$$00000016) refers to libinit2.o(.ARM.Collect$$libinit$$0000000D) for .ARM.Collect$$libinit$$0000000D
    libinit2.o(.ARM.Collect$$libinit$$00000024) refers to argv_veneer.o(.text) for __ARM_argv_veneer
    libinit2.o(.ARM.Collect$$libinit$$00000025) refers to argv_veneer.o(.text) for __ARM_argv_veneer
    rtexit2.o(.ARM.Collect$$rtexit$$00000003) refers to libshutdown.o(.ARM.Collect$$libshutdown$$00000000) for __rt_lib_shutdown
    rtexit2.o(.ARM.Collect$$rtexit$$00000004) refers to sys_exit.o(.text) for _sys_exit
    rtexit2.o(.ARM.exidx) refers to rtexit2.o(.ARM.Collect$$rtexit$$00000001) for .ARM.Collect$$rtexit$$00000001
    rtexit2.o(.ARM.exidx) refers to rtexit2.o(.ARM.Collect$$rtexit$$00000003) for .ARM.Collect$$rtexit$$00000003
    rtexit2.o(.ARM.exidx) refers to rtexit2.o(.ARM.Collect$$rtexit$$00000004) for .ARM.Collect$$rtexit$$00000004
    argv_veneer.o(.text) refers to _get_argv_nomalloc.o(.text) for __ARM_get_argv
    sys_exit.o(.text) refers (Special) to use_no_semi.o(.text) for __I$use$semihosting
    sys_exit.o(.text) refers (Special) to indicate_semi.o(.text) for __semihosting_library_function
    _get_argv_nomalloc.o(.text) refers (Special) to hrguard.o(.text) for __heap_region$guard
    _get_argv_nomalloc.o(.text) refers to defsig_rtmem_outer.o(.text) for __rt_SIGRTMEM
    _get_argv_nomalloc.o(.text) refers to sys_command.o(.text) for _sys_command_string
    libshutdown.o(.ARM.Collect$$libshutdown$$00000000) refers (Special) to libshutdown2.o(.ARM.Collect$$libshutdown$$00000006) for __rt_lib_shutdown_fp_trap_1
    libshutdown.o(.ARM.Collect$$libshutdown$$00000000) refers (Special) to libshutdown2.o(.ARM.Collect$$libshutdown$$0000000E) for __rt_lib_shutdown_heap_1
    libshutdown.o(.ARM.Collect$$libshutdown$$00000000) refers (Special) to libshutdown2.o(.ARM.Collect$$libshutdown$$0000000F) for __rt_lib_shutdown_return
    libshutdown.o(.ARM.Collect$$libshutdown$$00000000) refers (Special) to libshutdown2.o(.ARM.Collect$$libshutdown$$00000009) for __rt_lib_shutdown_signal_1
    libshutdown.o(.ARM.Collect$$libshutdown$$00000000) refers (Special) to libshutdown2.o(.ARM.Collect$$libshutdown$$00000003) for __rt_lib_shutdown_stdio_1
    libshutdown.o(.ARM.Collect$$libshutdown$$00000000) refers (Special) to libshutdown2.o(.ARM.Collect$$libshutdown$$0000000B) for __rt_lib_shutdown_user_alloc_1
    sys_command.o(.text) refers (Special) to use_no_semi.o(.text) for __I$use$semihosting
    sys_command.o(.text) refers (Special) to indicate_semi.o(.text) for __semihosting_library_function
    defsig_rtmem_outer.o(.text) refers to defsig_rtmem_inner.o(.text) for __rt_SIGRTMEM_inner
    defsig_rtmem_outer.o(.text) refers to defsig_exit.o(.text) for __sig_exit
    defsig_rtmem_formal.o(.text) refers to rt_raise.o(.text) for __rt_raise
    rt_raise.o(.text) refers to __raise.o(.text) for __raise
    rt_raise.o(.text) refers to sys_exit.o(.text) for _sys_exit
    defsig_exit.o(.text) refers to sys_exit.o(.text) for _sys_exit
    defsig_rtmem_inner.o(.text) refers to defsig_general.o(.text) for __default_signal_display
    __raise.o(.text) refers to defsig.o(CL$$defsig) for __default_signal_handler
    defsig_general.o(.text) refers to sys_wrch.o(.text) for _ttywrch
    sys_wrch.o(.text) refers (Special) to use_no_semi.o(.text) for __I$use$semihosting
    sys_wrch.o(.text) refers (Special) to indicate_semi.o(.text) for __semihosting_library_function
    defsig.o(CL$$defsig) refers to defsig_rtmem_inner.o(.text) for __rt_SIGRTMEM_inner
    defsig_abrt_inner.o(.text) refers to defsig_general.o(.text) for __default_signal_display
    defsig_fpe_inner.o(.text) refers to defsig_general.o(.text) for __default_signal_display
    defsig_rtred_inner.o(.text) refers to defsig_general.o(.text) for __default_signal_display
    defsig_stak_inner.o(.text) refers to defsig_general.o(.text) for __default_signal_display
    defsig_pvfn_inner.o(.text) refers to defsig_general.o(.text) for __default_signal_display
    defsig_cppl_inner.o(.text) refers to defsig_general.o(.text) for __default_signal_display
    defsig_segv_inner.o(.text) refers to defsig_general.o(.text) for __default_signal_display
    defsig_other.o(.text) refers to defsig_general.o(.text) for __default_signal_display


==============================================================================

Memory Map of the image

  Image Entry point : 0x00000000

  Load Region LR_IROM1 (Base: 0x00000000, Size: 0x00000410, Max: 0x00020000, ABSOLUTE)

    Execution Region ER_IROM1 (Base: 0x00000000, Size: 0x00000410, Max: 0x00020000, ABSOLUTE)

    Base Addr    Size         Type   Attr      Idx    E Section Name        Object

    0x00000000   0x000000c0   Data   RO            8    RESET               startup_mkl25z4.o
    0x000000c0   0x00000008   Code   RO           21  * !!!main             c_p.l(__main.o)
    0x000000c8   0x00000002   Code   RO           49    .ARM.Collect$$libinit$$00000000  c_p.l(libinit.o)
    0x000000ca   0x00000004   Code   RO           56    .ARM.Collect$$libinit$$00000001  c_p.l(libinit2.o)
    0x000000ce   0x00000000   Code   RO           60    .ARM.Collect$$libinit$$00000008  c_p.l(libinit2.o)
    0x000000ce   0x00000000   Code   RO           62    .ARM.Collect$$libinit$$0000000A  c_p.l(libinit2.o)
    0x000000ce   0x00000000   Code   RO           64    .ARM.Collect$$libinit$$0000000C  c_p.l(libinit2.o)
    0x000000ce   0x00000000   Code   RO           67    .ARM.Collect$$libinit$$0000000F  c_p.l(libinit2.o)
    0x000000ce   0x00000000   Code   RO           69    .ARM.Collect$$libinit$$00000011  c_p.l(libinit2.o)
    0x000000ce   0x00000000   Code   RO           71    .ARM.Collect$$libinit$$00000013  c_p.l(libinit2.o)
    0x000000ce   0x00000000   Code   RO           73    .ARM.Collect$$libinit$$00000015  c_p.l(libinit2.o)
    0x000000ce   0x00000000   Code   RO           75    .ARM.Collect$$libinit$$00000017  c_p.l(libinit2.o)
    0x000000ce   0x00000000   Code   RO           77    .ARM.Collect$$libinit$$00000019  c_p.l(libinit2.o)
    0x000000ce   0x00000000   Code   RO           79    .ARM.Collect$$libinit$$0000001B  c_p.l(libinit2.o)
    0x000000ce   0x00000000   Code   RO           81    .ARM.Collect$$libinit$$0000001D  c_p.l(libinit2.o)
    0x000000ce   0x00000000   Code   RO           83    .ARM.Collect$$libinit$$0000001F  c_p.l(libinit2.o)
    0x000000ce   0x00000000   Code   RO           85    .ARM.Collect$$libinit$$00000021  c_p.l(libinit2.o)
    0x000000ce   0x00000000   Code   RO           87    .ARM.Collect$$libinit$$00000023  c_p.l(libinit2.o)
    0x000000ce   0x00000008   Code   RO           89    .ARM.Collect$$libinit$$00000025  c_p.l(libinit2.o)
    0x000000d6   0x00000000   Code   RO           93    .ARM.Collect$$libinit$$0000002C  c_p.l(libinit2.o)
    0x000000d6   0x00000000   Code   RO           95    .ARM.Collect$$libinit$$0000002E  c_p.l(libinit2.o)
    0x000000d6   0x00000000   Code   RO           97    .ARM.Collect$$libinit$$00000030  c_p.l(libinit2.o)
    0x000000d6   0x00000002   Code   RO           98    .ARM.Collect$$libinit$$00000031  c_p.l(libinit2.o)
    0x000000d8   0x00000002   Code   RO          118    .ARM.Collect$$libshutdown$$00000000  c_p.l(libshutdown.o)
    0x000000da   0x00000000   Code   RO          132    .ARM.Collect$$libshutdown$$00000003  c_p.l(libshutdown2.o)
    0x000000da   0x00000000   Code   RO          135    .ARM.Collect$$libshutdown$$00000006  c_p.l(libshutdown2.o)
    0x000000da   0x00000000   Code   RO          138    .ARM.Collect$$libshutdown$$00000009  c_p.l(libshutdown2.o)
    0x000000da   0x00000000   Code   RO          140    .ARM.Collect$$libshutdown$$0000000B  c_p.l(libshutdown2.o)
    0x000000da   0x00000000   Code   RO          143    .ARM.Collect$$libshutdown$$0000000E  c_p.l(libshutdown2.o)
    0x000000da   0x00000002   Code   RO          144    .ARM.Collect$$libshutdown$$0000000F  c_p.l(libshutdown2.o)
    0x000000dc   0x00000000   Code   RO           23    .ARM.Collect$$rtentry$$00000000  c_p.l(rtentry.o)
    0x000000dc   0x00000000   Code   RO           25    .ARM.Collect$$rtentry$$00000002  c_p.l(rtentry2.o)
    0x000000dc   0x00000006   Code   RO           37    .ARM.Collect$$rtentry$$00000004  c_p.l(rtentry4.o)
    0x000000e2   0x00000000   Code   RO           27    .ARM.Collect$$rtentry$$00000009  c_p.l(rtentry2.o)
    0x000000e2   0x00000004   Code   RO           28    .ARM.Collect$$rtentry$$0000000A  c_p.l(rtentry2.o)
    0x000000e6   0x00000000   Code   RO           30    .ARM.Collect$$rtentry$$0000000C  c_p.l(rtentry2.o)
    0x000000e6   0x00000008   Code   RO           31    .ARM.Collect$$rtentry$$0000000D  c_p.l(rtentry2.o)
    0x000000ee   0x00000002   Code   RO           54    .ARM.Collect$$rtexit$$00000000  c_p.l(rtexit.o)
    0x000000f0   0x00000000   Code   RO          100    .ARM.Collect$$rtexit$$00000002  c_p.l(rtexit2.o)
    0x000000f0   0x00000004   Code   RO          101    .ARM.Collect$$rtexit$$00000003  c_p.l(rtexit2.o)
    0x000000f4   0x00000006   Code   RO          102    .ARM.Collect$$rtexit$$00000004  c_p.l(rtexit2.o)
    0x000000fa   0x00000002   PAD
    0x000000fc   0x00000034   Code   RO           10    .text               startup_mkl25z4.o
    0x00000130   0x00000006   Code   RO           19    .text               c_p.l(heapauxi.o)
    0x00000136   0x0000003e   Code   RO           39    .text               c_p.l(sys_stackheap_outer.o)
    0x00000174   0x0000000c   Code   RO           42    .text               c_p.l(exit.o)
    0x00000180   0x00000008   Code   RO           50    .text               c_p.l(libspace.o)
    0x00000188   0x00000008   Code   RO          106    .text               c_p.l(argv_veneer.o)
    0x00000190   0x0000000c   Code   RO          110    .text               c_p.l(sys_exit.o)
    0x0000019c   0x0000012e   Code   RO          114    .text               c_p.l(_get_argv_nomalloc.o)
    0x000002ca   0x0000001a   Code   RO          119    .text               c_p.l(sys_command.o)
    0x000002e4   0x00000002   Code   RO          121    .text               c_p.l(use_no_semi.o)
    0x000002e6   0x00000000   Code   RO          123    .text               c_p.l(indicate_semi.o)
    0x000002e6   0x00000004   Code   RO          124    .text               c_p.l(hrguard.o)
    0x000002ea   0x0000000c   Code   RO          126    .text               c_p.l(defsig_rtmem_outer.o)
    0x000002f6   0x0000000c   Code   RO          147    .text               c_p.l(defsig_exit.o)
    0x00000302   0x00000002   PAD
    0x00000304   0x00000050   Code   RO          149    .text               c_p.l(defsig_rtmem_inner.o)
    0x00000354   0x00000034   Code   RO          153    .text               c_p.l(defsig_general.o)
    0x00000388   0x0000000c   Code   RO          155    .text               c_p.l(sys_wrch.o)
    0x00000394   0x00000000   Data   RO          175    Region$$Table       anon$$obj.o
    0x00000394   0x0000006c   PAD
    0x00000400   0x00000010   Code   RO            9    .ARM.__at_0x400     startup_mkl25z4.o


    Execution Region RW_IRAM1 (Base: 0x1ffff000, Size: 0x00000460, Max: 0x00001000, ABSOLUTE)

    Base Addr    Size         Type   Attr      Idx    E Section Name        Object

    0x1ffff000   0x00000060   Zero   RW           51    .bss                c_p.l(libspace.o)
    0x1ffff060   0x00000000   Zero   RW            7    HEAP                startup_mkl25z4.o
    0x1ffff060   0x00000400   Zero   RW            6    STACK               startup_mkl25z4.o

