ARM Linker, 4.1 [Build 894] [Standard]

==============================================================================

Section Cross References

    startup.o(STACK) refers (Special) to heapauxi.o(.text) for __use_two_region_memory
    startup.o(HEAP) refers (Special) to heapauxi.o(.text) for __use_two_region_memory
    startup.o(RESET) refers (Special) to heapauxi.o(.text) for __use_two_region_memory
    startup.o(RESET) refers to startup.o(STACK) for StackMem
    startup.o(RESET) refers to util_uart.o(.text) for UART0_Int_Handler
    startup.o(RESET) refers to __main.o(!!!main) for __main
    startup.o(.text) refers (Special) to heapauxi.o(.text) for __use_two_region_memory
    startup.o(.text) refers to startup.o(HEAP) for HeapMem
    startup.o(.text) refers to startup.o(STACK) for StackMem
    main.o(.text) refers to _printf_pad.o(.text) for _printf_pre_padding
    main.o(.text) refers to _printf_percent.o(.ARM.Collect$$_printf_percent$$00000000) for _printf_percent
    main.o(.text) refers to _printf_c.o(.ARM.Collect$$_printf_percent$$00000013) for _printf_c
    main.o(.text) refers to _printf_str.o(.text) for _printf_str
    main.o(.text) refers to sysctl.o(.text) for SysCtlClockSet
    main.o(.text) refers to rit128x96x4.o(.text) for RIT128x96x4Init
    main.o(.text) refers to interrupt.o(.text) for IntMasterEnable
    main.o(.text) refers to util_uart.o(.text) for BSP_Uart_Init
    main.o(.text) refers to util_timer.o(.text) for BSP_Timer0_Init
    main.o(.text) refers to gp_cmd.o(.text) for GP_AC_Init
    main.o(.text) refers to atcmdlib.o(.text) for AtLib_GetTcpCid
    main.o(.text) refers to noretval__2sprintf.o(.text) for __2sprintf
    sysctl.o(.text) refers to interrupt.o(.text) for IntRegister
    sysctl.o(.text) refers to cpu.o(.emb_text) for CPUwfi
    sysctl.o(.text) refers to sysctl.o(.constdata) for .constdata
    sysctl.o(.text) refers to sysctl.o(.emb_text) for SysCtlDelay
    uart.o(.text) refers to interrupt.o(.text) for IntRegister
    uart.o(.text) refers to uart.o(.constdata) for .constdata
    gpio.o(.text) refers to interrupt.o(.text) for IntRegister
    gpio.o(.text) refers to gpio.o(.constdata) for .constdata
    interrupt.o(.text) refers to cpu.o(.emb_text) for CPUcpsie
    interrupt.o(.text) refers to interrupt.o(vtable) for vtable
    interrupt.o(.text) refers to interrupt.o(.constdata) for .constdata
    ssi.o(.text) refers to interrupt.o(.text) for IntRegister
    ssi.o(.text) refers to ssi.o(.constdata) for .constdata
    timer.o(.text) refers to interrupt.o(.text) for IntRegister
    timer.o(.text) refers to timer.o(.constdata) for .constdata
    atcmdlib.o(.text) refers to _printf_percent.o(.ARM.Collect$$_printf_percent$$00000000) for _printf_percent
    atcmdlib.o(.text) refers to _printf_d.o(.ARM.Collect$$_printf_percent$$00000009) for _printf_d
    atcmdlib.o(.text) refers to _printf_dec.o(.text) for _printf_int_dec
    atcmdlib.o(.text) refers to _printf_s.o(.ARM.Collect$$_printf_percent$$00000014) for _printf_s
    atcmdlib.o(.text) refers to _printf_str.o(.text) for _printf_str
    atcmdlib.o(.text) refers to _printf_c.o(.ARM.Collect$$_printf_percent$$00000013) for _printf_c
    atcmdlib.o(.text) refers to rt_memclr.o(.text) for __aeabi_memclr
    atcmdlib.o(.text) refers to strstr.o(.text) for strstr
    atcmdlib.o(.text) refers to util_uart.o(.text) for BSP_Uart0_Read
    atcmdlib.o(.text) refers to strlen.o(.text) for strlen
    atcmdlib.o(.text) refers to noretval__2sprintf.o(.text) for __2sprintf
    atcmdlib.o(.text) refers to atcmdlib.o(.data) for .data
    atcmdlib.o(.text) refers to atcmdlib.o(.bss) for .bss
    atcmdlib.o(.text) refers to util_timer.o(.text) for BSP_Timer0_DelayMs
    atcmdlib.o(.text) refers to tolower.o(.text) for tolower
    atcmdlib.o(.text) refers to rt_memcpy_w.o(.text) for __aeabi_memcpy4
    atcmdlib.o(.text) refers to rt_memcpy_v6.o(.text) for __aeabi_memcpy
    atcmdlib.o(.text) refers to atcmdlib.o(.constdata) for .constdata
    atcmdlib.o(.text) refers to strtok.o(.text) for strtok
    atcmdlib.o(.text) refers to strcpy.o(.text) for strcpy
    atcmdlib.o(.text) refers to atoi.o(.text) for atoi
    gp_cmd.o(.text) refers to atcmdlib.o(.text) for AtLibGs_SetEcho
    gp_cmd.o(.text) refers to util_timer.o(.text) for BSP_Timer0_DelayMs
    gp_cmd.o(.text) refers to rit128x96x4.o(.text) for RIT128x96x4StringDraw
    gp_cmd.o(.text) refers to gp_cmd.o(.data) for .data
    rit128x96x4.o(.text) refers to ssi.o(.text) for SSIBusy
    rit128x96x4.o(.text) refers to gpio.o(.text) for GPIOPinWrite
    rit128x96x4.o(.text) refers to sysctl.o(.text) for SysCtlClockGet
    rit128x96x4.o(.text) refers to rit128x96x4.o(.data) for .data
    rit128x96x4.o(.text) refers to rit128x96x4.o(.constdata) for .constdata
    util_uart.o(.text) refers to sysctl.o(.text) for SysCtlPeripheralEnable
    util_uart.o(.text) refers to gpio.o(.text) for GPIOPinTypeUART
[...]
    ../../heapalloc.c                        0x00000000   Number         0  hrguard.o ABSOLUTE
    ../../heapaux.c                          0x00000000   Number         0  heapauxi.o ABSOLUTE
    ../../libinit.s                          0x00000000   Number         0  libinit.o ABSOLUTE
    ../../libinit.s                          0x00000000   Number         0  libshutdown2.o ABSOLUTE
    ../../libinit.s                          0x00000000   Number         0  libinit2.o ABSOLUTE
    ../../libinit.s                          0x00000000   Number         0  libshutdown.o ABSOLUTE
    ../../locale.s                           0x00000000   Number         0  lc_ctype_c.o ABSOLUTE
    ../../memcpset.s                         0x00000000   Number         0  rt_memclr.o ABSOLUTE
    ../../memcpset.s                         0x00000000   Number         0  rt_memcpy_w.o ABSOLUTE
    ../../memcpset.s                         0x00000000   Number         0  strcmpv7m.o ABSOLUTE
    ../../memcpset.s                         0x00000000   Number         0  rt_memcpy_v6.o ABSOLUTE
    ../../memcpset.s                         0x00000000   Number         0  rt_memclr_w.o ABSOLUTE
    ../../misc.s                             0x00000000   Number         0  printf_stubs.o ABSOLUTE
    ../../printf.c                           0x00000000   Number         0  __printf_flags_ss.o ABSOLUTE
    ../../printf.c                           0x00000000   Number         0  __printf_ss.o ABSOLUTE
    ../../printf.c                           0x00000000   Number         0  __printf_flags.o ABSOLUTE
    ../../printf.c                           0x00000000   Number         0  _sputc.o ABSOLUTE
    ../../printf.c                           0x00000000   Number         0  _printf_dec.o ABSOLUTE
    ../../printf.c                           0x00000000   Number         0  _printf_char.o ABSOLUTE
    ../../printf.c                           0x00000000   Number         0  _printf_str.o ABSOLUTE
    ../../printf.c                           0x00000000   Number         0  __printf_wp.o ABSOLUTE
    ../../printf.c                           0x00000000   Number         0  _printf_pad.o ABSOLUTE
    ../../printf.c                           0x00000000   Number         0  __printf.o ABSOLUTE
    ../../printf.c                           0x00000000   Number         0  noretval__2sprintf.o ABSOLUTE
    ../../printf.c                           0x00000000   Number         0  __2sprintf.o ABSOLUTE
    ../../printf.c                           0x00000000   Number         0  _printf_char_common.o ABSOLUTE
    ../../printf.c                           0x00000000   Number         0  __printf_nopercent.o ABSOLUTE
    ../../printf.c                           0x00000000   Number         0  __printf_flags_wp.o ABSOLUTE
    ../../printf.c                           0x00000000   Number         0  __printf_ss_wp.o ABSOLUTE
    ../../printf.c                           0x00000000   Number         0  __printf_flags_ss_wp.o ABSOLUTE
    ../../printf.c                           0x00000000   Number         0  _printf_intcommon.o ABSOLUTE
    ../../printf_percent.s                   0x00000000   Number         0  _printf_d.o ABSOLUTE
    ../../printf_percent.s                   0x00000000   Number         0  _printf_c.o ABSOLUTE
    ../../printf_percent.s                   0x00000000   Number         0  _printf_percent.o ABSOLUTE
    ../../printf_percent.s                   0x00000000   Number         0  _printf_percent_end.o ABSOLUTE
    ../../printf_percent.s                   0x00000000   Number         0  _printf_s.o ABSOLUTE
    ../../scanf.c                            0x00000000   Number         0  strtol.o ABSOLUTE
    ../../scanf.c                            0x00000000   Number         0  _strtoul.o ABSOLUTE
    ../../scanf.c                            0x00000000   Number         0  atoi.o ABSOLUTE
    ../../scanf.c                            0x00000000   Number         0  _chval.o ABSOLUTE
    ../../signal.c                           0x00000000   Number         0  defsig_exit.o ABSOLUTE
    ../../signal.c                           0x00000000   Number         0  defsig_rtmem_inner.o ABSOLUTE
    ../../signal.c                           0x00000000   Number         0  defsig_rtmem_formal.o ABSOLUTE
    ../../signal.c                           0x00000000   Number         0  defsig_rtmem_outer.o ABSOLUTE
    ../../signal.c                           0x00000000   Number         0  defsig_abrt_inner.o ABSOLUTE
    ../../signal.c                           0x00000000   Number         0  defsig_fpe_inner.o ABSOLUTE
    ../../signal.c                           0x00000000   Number         0  defsig_stak_inner.o ABSOLUTE
    ../../signal.c                           0x00000000   Number         0  defsig_pvfn_inner.o ABSOLUTE
    ../../signal.c                           0x00000000   Number         0  defsig_cppl_inner.o ABSOLUTE
    ../../signal.c                           0x00000000   Number         0  defsig_segv_inner.o ABSOLUTE
    ../../signal.c                           0x00000000   Number         0  defsig_other.o ABSOLUTE
    ../../signal.c                           0x00000000   Number         0  __raise.o ABSOLUTE
    ../../signal.c                           0x00000000   Number         0  defsig_general.o ABSOLUTE
    ../../signal.c                           0x00000000   Number         0  defsig_rtred_inner.o ABSOLUTE
    ../../signal.s                           0x00000000   Number         0  defsig.o ABSOLUTE
    ../../stdlib.c                           0x00000000   Number         0  exit.o ABSOLUTE
    ../../string.c                           0x00000000   Number         0  strtok.o ABSOLUTE
    ../../string.c                           0x00000000   Number         0  strstr.o ABSOLUTE
    ../../string.c                           0x00000000   Number         0  strcpy.o ABSOLUTE
    ../../string.c                           0x00000000   Number         0  strlen.o ABSOLUTE
    ../../string.c                           0x00000000   Number         0  strspn.o ABSOLUTE
    ../../string.c                           0x00000000   Number         0  strcspn.o ABSOLUTE
    ../../string.c                           0x00000000   Number         0  strtok_int.o ABSOLUTE
    ..\..\app\main.c                         0x00000000   Number         0  main.o ABSOLUTE
    ..\..\bsp\gainspan\AtCmdLib.c            0x00000000   Number         0  atcmdlib.o ABSOLUTE
    ..\..\bsp\gainspan\gp_cmd.c              0x00000000   Number         0  gp_cmd.o ABSOLUTE
    ..\..\bsp\user\bsp_led.c                 0x00000000   Number         0  bsp_led.o ABSOLUTE
    ..\..\bsp\user\util_timer.c              0x00000000   Number         0  util_timer.o ABSOLUTE
    ..\..\bsp\user\util_uart.c               0x00000000   Number         0  util_uart.o ABSOLUTE
    ..\..\drv\driverlib\cpu.c                0x00000000   Number         0  cpu.o ABSOLUTE
    ..\..\drv\driverlib\gpio.c               0x00000000   Number         0  gpio.o ABSOLUTE
    ..\..\drv\driverlib\interrupt.c          0x00000000   Number         0  interrupt.o ABSOLUTE
    ..\..\drv\driverlib\ssi.c                0x00000000   Number         0  ssi.o ABSOLUTE
    ..\..\drv\driverlib\sysctl.c             0x00000000   Number         0  sysctl.o ABSOLUTE
    ..\..\drv\driverlib\timer.c              0x00000000   Number         0  timer.o ABSOLUTE
    ..\..\drv\driverlib\uart.c               0x00000000   Number         0  uart.o ABSOLUTE
    ..\..\drv\user\rit128x96x4.c             0x00000000   Number         0  rit128x96x4.o ABSOLUTE
    ..\..\drv\utils\uartstdio.c              0x00000000   Number         0  uartstdio.o ABSOLUTE
    ..\\..\\drv\\driverlib\\cpu.c            0x00000000   Number         0  cpu.o ABSOLUTE
    ..\\..\\drv\\driverlib\\sysctl.c         0x00000000   Number         0  sysctl.o ABSOLUTE
    Startup.s                                0x00000000   Number         0  startup.o ABSOLUTE
    dc.s                                     0x00000000   Number         0  dc.o ABSOLUTE
    NmiSR                                    0x00000271   Thumb Code     0  startup.o(RESET)
    FaultISR                                 0x00000273   Thumb Code     0  startup.o(RESET)
    IntDefaultHandler                        0x00000275   Thumb Code     0  startup.o(RESET)
    !!!main                                  0x00000278   Section        8  __main.o(!!!main)
    !!!scatter                               0x00000280   Section       52  __scatter.o(!!!scatter)
    !!dczerorl                               0x000002b4   Section       58  __dczerorl.o(!!dczerorl)
    !!handler_zi                             0x000002f0   Section       28  __scatter_zi.o(!!handler_zi)
    .ARM.Collect$$_printf_percent$$00000000  0x0000030c   Section        0  _printf_percent.o(.ARM.Collect$$_printf_percent$$00000000)
    .ARM.Collect$$_printf_percent$$00000009  0x0000030c   Section        6  _printf_d.o(.ARM.Collect$$_printf_percent$$00000009)
    .ARM.Collect$$_printf_percent$$00000013  0x00000312   Section        6  _printf_c.o(.ARM.Collect$$_printf_percent$$00000013)
    .ARM.Collect$$_printf_percent$$00000014  0x00000318   Section        6  _printf_s.o(.ARM.Collect$$_printf_percent$$00000014)
    .ARM.Collect$$_printf_percent$$00000017  0x0000031e   Section        4  _printf_percent_end.o(.ARM.Collect$$_printf_percent$$00000017)
    .ARM.Collect$$libinit$$00000000          0x00000322   Section        6  libinit.o(.ARM.Collect$$libinit$$00000000)
    .ARM.Collect$$libinit$$00000006          0x00000328   Section        0  libinit2.o(.ARM.Collect$$libinit$$00000006)
    .ARM.Collect$$libinit$$00000008          0x00000328   Section        0  libinit2.o(.ARM.Collect$$libinit$$00000008)
    .ARM.Collect$$libinit$$0000000A          0x00000328   Section        0  libinit2.o(.ARM.Collect$$libinit$$0000000A)
    .ARM.Collect$$libinit$$0000000B          0x00000328   Section        6  libinit2.o(.ARM.Collect$$libinit$$0000000B)
    .ARM.Collect$$libinit$$0000000D          0x0000032e   Section        0  libinit2.o(.ARM.Collect$$libinit$$0000000D)
    .ARM.Collect$$libinit$$0000000E          0x0000032e   Section       12  libinit2.o(.ARM.Collect$$libinit$$0000000E)
    .ARM.Collect$$libinit$$0000000F          0x0000033a   Section        0  libinit2.o(.ARM.Collect$$libinit$$0000000F)
    .ARM.Collect$$libinit$$00000011          0x0000033a   Section        0  libinit2.o(.ARM.Collect$$libinit$$00000011)
    .ARM.Collect$$libinit$$00000013          0x0000033a   Section        0  libinit2.o(.ARM.Collect$$libinit$$00000013)
    .ARM.Collect$$libinit$$00000015          0x0000033a   Section        0  libinit2.o(.ARM.Collect$$libinit$$00000015)
    .ARM.Collect$$libinit$$00000017          0x0000033a   Section        0  libinit2.o(.ARM.Collect$$libinit$$00000017)
    .ARM.Collect$$libinit$$00000019          0x0000033a   Section        0  libinit2.o(.ARM.Collect$$libinit$$00000019)
    .ARM.Collect$$libinit$$0000001B          0x0000033a   Section        0  libinit2.o(.ARM.Collect$$libinit$$0000001B)
    .ARM.Collect$$libinit$$0000001D          0x0000033a   Section        0  libinit2.o(.ARM.Collect$$libinit$$0000001D)
    .ARM.Collect$$libinit$$0000001F          0x0000033a   Section        0  libinit2.o(.ARM.Collect$$libinit$$0000001F)
    .ARM.Collect$$libinit$$00000021          0x0000033a   Section        0  libinit2.o(.ARM.Collect$$libinit$$00000021)
    .ARM.Collect$$libinit$$00000028          0x0000033a   Section        0  libinit2.o(.ARM.Collect$$libinit$$00000028)
    .ARM.Collect$$libinit$$0000002A          0x0000033a   Section        0  libinit2.o(.ARM.Collect$$libinit$$0000002A)
    .ARM.Collect$$libinit$$0000002C          0x0000033a   Section        0  libinit2.o(.ARM.Collect$$libinit$$0000002C)
    .ARM.Collect$$libinit$$0000002E          0x0000033a   Section        0  libinit2.o(.ARM.Collect$$libinit$$0000002E)
    .ARM.Collect$$libinit$$0000002F          0x0000033a   Section        2  libinit2.o(.ARM.Collect$$libinit$$0000002F)
    .ARM.Collect$$libshutdown$$00000000      0x0000033c   Section        2  libshutdown.o(.ARM.Collect$$libshutdown$$00000000)
    .ARM.Collect$$libshutdown$$00000003      0x0000033e   Section        0  libshutdown2.o(.ARM.Collect$$libshutdown$$00000003)
    .ARM.Collect$$libshutdown$$00000006      0x0000033e   Section        0  libshutdown2.o(.ARM.Collect$$libshutdown$$00000006)
    .ARM.Collect$$libshutdown$$00000009      0x0000033e   Section        0  libshutdown2.o(.ARM.Collect$$libshutdown$$00000009)
    .ARM.Collect$$libshutdown$$0000000B      0x0000033e   Section        0  libshutdown2.o(.ARM.Collect$$libshutdown$$0000000B)
    .ARM.Collect$$libshutdown$$0000000E      0x0000033e   Section        0  libshutdown2.o(.ARM.Collect$$libshutdown$$0000000E)
    .ARM.Collect$$libshutdown$$0000000F      0x0000033e   Section        2  libshutdown2.o(.ARM.Collect$$libshutdown$$0000000F)
    .ARM.Collect$$rtentry$$00000000          0x00000340   Section        0  rtentry.o(.ARM.Collect$$rtentry$$00000000)
    .ARM.Collect$$rtentry$$00000002          0x00000340   Section        0  rtentry2.o(.ARM.Collect$$rtentry$$00000002)
    .ARM.Collect$$rtentry$$00000004          0x00000340   Section        6  rtentry4.o(.ARM.Collect$$rtentry$$00000004)
    .ARM.Collect$$rtentry$$00000009          0x00000346   Section        0  rtentry2.o(.ARM.Collect$$rtentry$$00000009)
    .ARM.Collect$$rtentry$$0000000A          0x00000346   Section        4  rtentry2.o(.ARM.Collect$$rtentry$$0000000A)
    .ARM.Collect$$rtentry$$0000000C          0x0000034a   Section        0  rtentry2.o(.ARM.Collect$$rtentry$$0000000C)
    .ARM.Collect$$rtentry$$0000000D          0x0000034a   Section        8  rtentry2.o(.ARM.Collect$$rtentry$$0000000D)
    .ARM.Collect$$rtexit$$00000000           0x00000352   Section        2  rtexit.o(.ARM.Collect$$rtexit$$00000000)
    .ARM.Collect$$rtexit$$00000002           0x00000354   Section        0  rtexit2.o(.ARM.Collect$$rtexit$$00000002)
    .ARM.Collect$$rtexit$$00000003           0x00000354   Section        4  rtexit2.o(.ARM.Collect$$rtexit$$00000003)
    .ARM.Collect$$rtexit$$00000004           0x00000358   Section        6  rtexit2.o(.ARM.Collect$$rtexit$$00000004)
    .emb_text                                0x00000360   Section       38  cpu.o(.emb_text)
    .emb_text                                0x00000388   Section        6  sysctl.o(.emb_text)
    .text                                    0x00000390   Section       24  startup.o(.text)
    .text                                    0x000003a8   Section        0  main.o(.text)
    .text                                    0x00000464   Section        0  sysctl.o(.text)
    SysCtlPeripheralMapToNew                 0x00000d55   Thumb Code    28  sysctl.o(.text)
    .text                                    0x00000d74   Section        0  uart.o(.text)
    UARTIntNumberGet                         0x00000ffd   Thumb Code    32  uart.o(.text)
    .text                                    0x00001020   Section        0  gpio.o(.text)
    GPIOGetIntNumber                         0x00001021   Thumb Code   198  gpio.o(.text)
    .text                                    0x00001624   Section        0  interrupt.o(.text)
    IntDefaultHandler                        0x00001625   Thumb Code     2  interrupt.o(.text)
    .text                                    0x00001878   Section        0  ssi.o(.text)
    SSIIntNumberGet                          0x00001979   Thumb Code    32  ssi.o(.text)
    .text                                    0x0000199c   Section        0  timer.o(.text)
    TimerIntNumberGet                        0x00001bf5   Thumb Code    32  timer.o(.text)
    .text                                    0x00001c18   Section        0  atcmdlib.o(.text)
    .text                                    0x00002b98   Section        0  gp_cmd.o(.text)
    .text                                    0x00002d80   Section        0  rit128x96x4.o(.text)
    RITWriteCommand                          0x00002d81   Thumb Code    94  rit128x96x4.o(.text)
    RITWriteData                             0x00002ddf   Thumb Code    92  rit128x96x4.o(.text)
    .text                                    0x00003130   Section        0  util_uart.o(.text)
    .text                                    0x000032e0   Section        0  util_timer.o(.text)
    .text                                    0x00003344   Section        0  tolower.o(.text)
    .text                                    0x00003360   Section        0  noretval__2sprintf.o(.text)
    .text                                    0x00003388   Section        0  _printf_pad.o(.text)
    .text                                    0x000033da   Section        0  _printf_str.o(.text)
    .text                                    0x0000342c   Section        0  _printf_dec.o(.text)
    .text                                    0x000034a4   Section        0  __printf_wp.o(.text)
    .text                                    0x000035b2   Section        0  atoi.o(.text)
    .text                                    0x000035cc   Section        0  strtok.o(.text)
    .text                                    0x000035d8   Section        0  strstr.o(.text)
    .text                                    0x000035fc   Section        0  strcpy.o(.text)
    .text                                    0x00003644   Section        0  strlen.o(.text)
    .text                                    0x00003682   Section      138  rt_memcpy_v6.o(.text)
    .text                                    0x0000370c   Section      100  rt_memcpy_w.o(.text)
    .text                                    0x00003770   Section       68  rt_memclr.o(.text)
    .text                                    0x000037b4   Section        0  heapauxi.o(.text)
    .text                                    0x000037bc   Section       16  rt_ctype_table.o(.text)
    .text                                    0x000037cc   Section        8  rt_errno_addr_intlibspace.o(.text)
    .text                                    0x000037d4   Section        0  _printf_intcommon.o(.text)
    .text                                    0x0000388c   Section        0  _printf_char_common.o(.text)
    _printf_input_char                       0x0000388d   Thumb Code    10  _printf_char_common.o(.text)
    .text                                    0x000038bc   Section        0  _sputc.o(.text)
    .text                                    0x000038c6   Section        0  _printf_char.o(.text)
    .text                                    0x000038f2   Section        0  strtol.o(.text)
    .text                                    0x00003964   Section        0  strtok_int.o(.text)
    .text                                    0x000039a8   Section       78  rt_memclr_w.o(.text)
    .text                                    0x000039f8   Section        8  libspace.o(.text)
    .text                                    0x00003a00   Section        8  rt_locale_intlibspace.o(.text)
    .text                                    0x00003a08   Section        0  _strtoul.o(.text)
    .text                                    0x00003aa6   Section        0  strcspn.o(.text)
    .text                                    0x00003ac6   Section        0  strspn.o(.text)
    .text                                    0x00003ae2   Section       74  sys_stackheap_outer.o(.text)
    .text                                    0x00003b2c   Section        0  _chval.o(.text)
    .text                                    0x00003b48   Section        0  exit.o(.text)
    .text                                    0x00003b54   Section      128  strcmpv7m.o(.text)
    .text                                    0x00003bd4   Section        8  rt_fp_status_addr_intlibspace.o(.text)
    .text                                    0x00003bdc   Section        0  sys_exit.o(.text)
    .text                                    0x00003be8   Section        2  use_no_semi.o(.text)
    .text                                    0x00003bea   Section        0  indicate_semi.o(.text)
    i._is_digit                              0x00003bea   Section        0  __printf_wp.o(i._is_digit)
    locale$$code                             0x00003bf8   Section       44  lc_ctype_c.o(locale$$code)
    x$fpl$fpinit                             0x00003c24   Section       14  fpinit.o(x$fpl$fpinit)
    .constdata                               0x00003c34   Section      452  sysctl.o(.constdata)
    g_pulDCRegs                              0x00003c34   Data          16  sysctl.o(.constdata)
    g_pulSRCRRegs                            0x00003c44   Data          12  sysctl.o(.constdata)
    g_pulRCGCRegs                            0x00003c50   Data          12  sysctl.o(.constdata)
    g_pulSCGCRegs                            0x00003c5c   Data          12  sysctl.o(.constdata)
    g_pulDCGCRegs                            0x00003c68   Data          12  sysctl.o(.constdata)
    g_pulXtals                               0x00003c74   Data         108  sysctl.o(.constdata)
    g_ppulPeripheralMap                      0x00003ce0   Data         280  sysctl.o(.constdata)
    .constdata                               0x00003df8   Section       64  uart.o(.constdata)
    g_ppulUARTIntMap                         0x00003df8   Data          64  uart.o(.constdata)
    .constdata                               0x00003e38   Section      120  gpio.o(.constdata)
    g_pulGPIOBaseAddrs                       0x00003e38   Data         120  gpio.o(.constdata)
    .constdata                               0x00003eb0   Section      260  interrupt.o(.constdata)
    g_pulPriority                            0x00003eb0   Data          32  interrupt.o(.constdata)
    g_pulRegs                                0x00003ed0   Data         148  interrupt.o(.constdata)
    g_pulEnRegs                              0x00003f64   Data          20  interrupt.o(.constdata)
    g_pulDisRegs                             0x00003f78   Data          20  interrupt.o(.constdata)
    g_pulPendRegs                            0x00003f8c   Data          20  interrupt.o(.constdata)
    g_pulUnpendRegs                          0x00003fa0   Data          20  interrupt.o(.constdata)
    .constdata                               0x00003fb4   Section       32  ssi.o(.constdata)
    g_ppulSSIIntMap                          0x00003fb4   Data          32  ssi.o(.constdata)
    .constdata                               0x00003fd4   Section       96  timer.o(.constdata)
    g_ppulTimerIntMap                        0x00003fd4   Data          96  timer.o(.constdata)
    .constdata                               0x00004034   Section       20  atcmdlib.o(.constdata)
    .constdata                               0x00004048   Section      571  rit128x96x4.o(.constdata)
    g_pucRIT128x96x4VerticalInc              0x00004048   Data           2  rit128x96x4.o(.constdata)
    g_pucRIT128x96x4HorizontalInc            0x0000404a   Data           2  rit128x96x4.o(.constdata)
    pucCommand1                              0x0000404c   Data           2  rit128x96x4.o(.constdata)
    pucCommand1                              0x0000404e   Data           3  rit128x96x4.o(.constdata)
    pucCommand2                              0x00004051   Data           3  rit128x96x4.o(.constdata)
    g_pucFont                                0x00004054   Data         480  rit128x96x4.o(.constdata)
    g_pucRIT128x96x4Init                     0x00004234   Data          79  rit128x96x4.o(.constdata)
    locale$$data                             0x000042a4   Section      272  lc_ctype_c.o(locale$$data)
    __lcctype_c_name                         0x000042a8   Data           2  lc_ctype_c.o(locale$$data)
    __lcctype_c_start                        0x000042b0   Data           0  lc_ctype_c.o(locale$$data)
    __lcctype_c_end                          0x000043b4   Data           0  lc_ctype_c.o(locale$$data)
    .data                                    0x20000000   Section       24  atcmdlib.o(.data)
    nodeAssociationFlag                      0x20000000   Data           1  atcmdlib.o(.data)
    nodeResetFlag                            0x20000001   Data           1  atcmdlib.o(.data)
    tcpClientCid                             0x20000002   Data           1  atcmdlib.o(.data)
    udpClientCid                             0x20000003   Data           1  atcmdlib.o(.data)
    recieve_state                            0x20000004   Data           1  atcmdlib.o(.data)
    rxCurrentCid                             0x20000005   Data           1  atcmdlib.o(.data)
    prevChar                                 0x20000006   Data           1  atcmdlib.o(.data)
    specialDataLenCharCount                  0x20000007   Data           1  atcmdlib.o(.data)
    specialDataLen                           0x20000014   Data           4  atcmdlib.o(.data)
    .data                                    0x20000018   Section        2  gp_cmd.o(.data)
    cid                                      0x20000019   Data           1  gp_cmd.o(.data)
    .data                                    0x2000001c   Section       12  rit128x96x4.o(.data)
    g_ulSSIFlags                             0x2000001c   Data           4  rit128x96x4.o(.data)
    g_pucBuffer                              0x20000020   Data           8  rit128x96x4.o(.data)
    .data                                    0x20000028   Section        4  strtok.o(.data)
    _strtok_saves1                           0x20000028   Data           4  strtok.o(.data)
    vtable                                   0x20000400   Section      620  interrupt.o(vtable)
    g_pfnRAMVectors                          0x20000400   Data         620  interrupt.o(vtable)
    .bss                                     0x2000066c   Section     2176  atcmdlib.o(.bss)
    .bss                                     0x20000eec   Section      516  util_uart.o(.bss)
    .bss                                     0x200010f0   Section       96  libspace.o(.bss)
    HEAP                                     0x20001150   Section        0  startup.o(HEAP)
    STACK                                    0x20001150   Section      256  startup.o(STACK)
    HeapMem                                  0x20001150   Data           0  startup.o(HEAP)
    StackMem                                 0x20001150   Data           0  startup.o(STACK)

    Global Symbols

    Symbol Name                              Value     Ov Type        Size  Object(Section)

    BuildAttributes$$THM_ISAv4$P$D$K$B$S$PE$A:L22UL41UL21$X:L11$S22US41US21$IEEE1$IW$USESV6$~STKCKD$USESV7$~SHL$OSPACE$ROPI$EBA8$UX$STANDARDLIB$REQ8$PRES8$EABIv2 0x00000000   Number         0  anon$$obj.o ABSOLUTE
    __ARM_use_no_argv                        0x00000000   Number         0  main.o ABSOLUTE
    __Vectors                                0x00000000   Data           0  startup.o(RESET)
    _printf_flags                            0x00000000   Number         0  printf_stubs.o ABSOLUTE
    _printf_return_value                     0x00000000   Number         0  printf_stubs.o ABSOLUTE
    _printf_sizespec                         0x00000000   Number         0  printf_stubs.o ABSOLUTE
    _printf_widthprec                        0x00000000   Number         0  printf_stubs.o ABSOLUTE
    __ARM_exceptions_init                     - Undefined Weak Reference
    __alloca_initialize                       - Undefined Weak Reference
    __cpp_initialize__aeabi_                  - Undefined Weak Reference
    __cxa_finalize                            - Undefined Weak Reference
    __sigvec_lookup                           - Undefined Weak Reference
    _atexit_init                              - Undefined Weak Reference
    _call_atexit_fns                          - Undefined Weak Reference
    _clock_init                               - Undefined Weak Reference
    _fp_trap_init                             - Undefined Weak Reference
    _fp_trap_shutdown                         - Undefined Weak Reference
    _get_lc_collate                           - Undefined Weak Reference
    _get_lc_monetary                          - Undefined Weak Reference
    _get_lc_numeric                           - Undefined Weak Reference
    _get_lc_time                              - Undefined Weak Reference
    _getenv_init                              - Undefined Weak Reference
    _handle_redirection                       - Undefined Weak Reference
    _init_alloc                               - Undefined Weak Reference
    _init_user_alloc                          - Undefined Weak Reference
    _initio                                   - Undefined Weak Reference
    _printf_mbtowc                            - Undefined Weak Reference
    _printf_truncate_signed                   - Undefined Weak Reference
    _printf_truncate_unsigned                 - Undefined Weak Reference
    _rand_init                                - Undefined Weak Reference
    _signal_finish                            - Undefined Weak Reference
    _signal_init                              - Undefined Weak Reference
    _terminate_alloc                          - Undefined Weak Reference
    _terminate_user_alloc                     - Undefined Weak Reference
    _terminateio                              - Undefined Weak Reference
    Reset_Handler                            0x0000026d   Thumb Code     0  startup.o(RESET)
    __main                                   0x00000279   Thumb Code     8  __main.o(!!!main)
    __scatterload                            0x00000281   Thumb Code     0  __scatter.o(!!!scatter)
    __scatterload_rt2                        0x00000281   Thumb Code    44  __scatter.o(!!!scatter)
    __scatterload_rt2_thumb_only             0x00000281   Thumb Code     0  __scatter.o(!!!scatter)
    __scatterload_null                       0x0000028f   Thumb Code     0  __scatter.o(!!!scatter)
    __decompress                             0x000002b5   Thumb Code    58  __dczerorl.o(!!dczerorl)
    __decompress0                            0x000002b5   Thumb Code     0  __dczerorl.o(!!dczerorl)
    __scatterload_zeroinit                   0x000002f1   Thumb Code    28  __scatter_zi.o(!!handler_zi)
    _printf_d                                0x0000030d   Thumb Code     0  _printf_d.o(.ARM.Collect$$_printf_percent$$00000009)
    _printf_percent                          0x0000030d   Thumb Code     0  _printf_percent.o(.ARM.Collect$$_printf_percent$$00000000)
    _printf_c                                0x00000313   Thumb Code     0  _printf_c.o(.ARM.Collect$$_printf_percent$$00000013)
    _printf_s                                0x00000319   Thumb Code     0  _printf_s.o(.ARM.Collect$$_printf_percent$$00000014)
    _printf_percent_end                      0x0000031f   Thumb Code     0  _printf_percent_end.o(.ARM.Collect$$_printf_percent$$00000017)
    __rt_lib_init                            0x00000323   Thumb Code     0  libinit.o(.ARM.Collect$$libinit$$00000000)
    __rt_lib_init_heap_1                     0x00000329   Thumb Code     0  libinit2.o(.ARM.Collect$$libinit$$00000006)
    __rt_lib_init_lc_common                  0x00000329   Thumb Code     0  libinit2.o(.ARM.Collect$$libinit$$0000000B)
    __rt_lib_init_rand_1                     0x00000329   Thumb Code     0  libinit2.o(.ARM.Collect$$libinit$$0000000A)
    __rt_lib_init_user_alloc_1               0x00000329   Thumb Code     0  libinit2.o(.ARM.Collect$$libinit$$00000008)
    __rt_lib_init_lc_collate_1               0x0000032f   Thumb Code     0  libinit2.o(.ARM.Collect$$libinit$$0000000D)
    __rt_lib_init_lc_ctype_2                 0x0000032f   Thumb Code     0  libinit2.o(.ARM.Collect$$libinit$$0000000E)
    __rt_lib_init_alloca_1                   0x0000033b   Thumb Code     0  libinit2.o(.ARM.Collect$$libinit$$0000002A)
    __rt_lib_init_argv_1                     0x0000033b   Thumb Code     0  libinit2.o(.ARM.Collect$$libinit$$00000028)
    __rt_lib_init_atexit_1                   0x0000033b   Thumb Code     0  libinit2.o(.ARM.Collect$$libinit$$00000017)
    __rt_lib_init_clock_1                    0x0000033b   Thumb Code     0  libinit2.o(.ARM.Collect$$libinit$$0000001D)
    __rt_lib_init_cpp_1                      0x0000033b   Thumb Code     0  libinit2.o(.ARM.Collect$$libinit$$0000002E)
    __rt_lib_init_exceptions_1               0x0000033b   Thumb Code     0  libinit2.o(.ARM.Collect$$libinit$$0000002C)
    __rt_lib_init_fp_trap_1                  0x0000033b   Thumb Code     0  libinit2.o(.ARM.Collect$$libinit$$0000001B)
    __rt_lib_init_getenv_1                   0x0000033b   Thumb Code     0  libinit2.o(.ARM.Collect$$libinit$$0000001F)
    __rt_lib_init_lc_ctype_1                 0x0000033b   Thumb Code     0  libinit2.o(.ARM.Collect$$libinit$$0000000F)
    __rt_lib_init_lc_monetary_1              0x0000033b   Thumb Code     0  libinit2.o(.ARM.Collect$$libinit$$00000011)
    __rt_lib_init_lc_numeric_1               0x0000033b   Thumb Code     0  libinit2.o(.ARM.Collect$$libinit$$00000013)
    __rt_lib_init_lc_time_1                  0x0000033b   Thumb Code     0  libinit2.o(.ARM.Collect$$libinit$$00000015)
    __rt_lib_init_return                     0x0000033b   Thumb Code     0  libinit2.o(.ARM.Collect$$libinit$$0000002F)
    __rt_lib_init_signal_1                   0x0000033b   Thumb Code     0  libinit2.o(.ARM.Collect$$libinit$$00000019)
    __rt_lib_init_stdio_1                    0x0000033b   Thumb Code     0  libinit2.o(.ARM.Collect$$libinit$$00000021)
    __rt_lib_shutdown                        0x0000033d   Thumb Code     0  libshutdown.o(.ARM.Collect$$libshutdown$$00000000)
    __rt_lib_shutdown_fp_trap_1              0x0000033f   Thumb Code     0  libshutdown2.o(.ARM.Collect$$libshutdown$$00000006)
    __rt_lib_shutdown_heap_1                 0x0000033f   Thumb Code     0  libshutdown2.o(.ARM.Collect$$libshutdown$$0000000E)
    __rt_lib_shutdown_return                 0x0000033f   Thumb Code     0  libshutdown2.o(.ARM.Collect$$libshutdown$$0000000F)
    __rt_lib_shutdown_signal_1               0x0000033f   Thumb Code     0  libshutdown2.o(.ARM.Collect$$libshutdown$$00000009)
    __rt_lib_shutdown_stdio_1                0x0000033f   Thumb Code     0  libshutdown2.o(.ARM.Collect$$libshutdown$$00000003)
    __rt_lib_shutdown_user_alloc_1           0x0000033f   Thumb Code     0  libshutdown2.o(.ARM.Collect$$libshutdown$$0000000B)
    __rt_entry                               0x00000341   Thumb Code     0  rtentry.o(.ARM.Collect$$rtentry$$00000000)
    __rt_entry_presh_1                       0x00000341   Thumb Code     0  rtentry2.o(.ARM.Collect$$rtentry$$00000002)
    __rt_entry_sh                            0x00000341   Thumb Code     0  rtentry4.o(.ARM.Collect$$rtentry$$00000004)
    __rt_entry_li                            0x00000347   Thumb Code     0  rtentry2.o(.ARM.Collect$$rtentry$$0000000A)
    __rt_entry_postsh_1                      0x00000347   Thumb Code     0  rtentry2.o(.ARM.Collect$$rtentry$$00000009)
    __rt_entry_main                          0x0000034b   Thumb Code     0  rtentry2.o(.ARM.Collect$$rtentry$$0000000D)
    __rt_entry_postli_1                      0x0000034b   Thumb Code     0  rtentry2.o(.ARM.Collect$$rtentry$$0000000C)
    __rt_exit                                0x00000353   Thumb Code     0  rtexit.o(.ARM.Collect$$rtexit$$00000000)
    __rt_exit_ls                             0x00000355   Thumb Code     0  rtexit2.o(.ARM.Collect$$rtexit$$00000003)
    __rt_exit_prels_1                        0x00000355   Thumb Code     0  rtexit2.o(.ARM.Collect$$rtexit$$00000002)
    __rt_exit_exit                           0x00000359   Thumb Code     0  rtexit2.o(.ARM.Collect$$rtexit$$00000004)
    CPUcpsid                                 0x00000361   Thumb Code     8  cpu.o(.emb_text)
    CPUprimask                               0x00000369   Thumb Code     6  cpu.o(.emb_text)
    CPUcpsie                                 0x0000036f   Thumb Code     8  cpu.o(.emb_text)
    CPUwfi                                   0x00000377   Thumb Code     4  cpu.o(.emb_text)
    CPUbasepriSet                            0x0000037b   Thumb Code     6  cpu.o(.emb_text)
    CPUbasepriGet                            0x00000381   Thumb Code     6  cpu.o(.emb_text)
    SysCtlDelay                              0x00000389   Thumb Code     6  sysctl.o(.emb_text)
    __user_initial_stackheap                 0x00000391   Thumb Code     0  startup.o(.text)
    main                                     0x000003a9   Thumb Code   116  main.o(.text)
    SysCtlSRAMSizeGet                        0x00000465   Thumb Code    14  sysctl.o(.text)
    SysCtlFlashSizeGet                       0x00000473   Thumb Code    14  sysctl.o(.text)
    SysCtlPinPresent                         0x00000481   Thumb Code    16  sysctl.o(.text)
    SysCtlPeripheralPresent                  0x00000491   Thumb Code    90  sysctl.o(.text)
    SysCtlPeripheralReady                    0x000004eb   Thumb Code    42  sysctl.o(.text)
    SysCtlPeripheralPowerOn                  0x00000515   Thumb Code    42  sysctl.o(.text)
    SysCtlPeripheralPowerOff                 0x0000053f   Thumb Code    42  sysctl.o(.text)
    SysCtlPeripheralReset                    0x00000569   Thumb Code   102  sysctl.o(.text)
    SysCtlPeripheralEnable                   0x000005cf   Thumb Code    70  sysctl.o(.text)
    SysCtlPeripheralDisable                  0x00000615   Thumb Code    70  sysctl.o(.text)
    SysCtlPeripheralSleepEnable              0x0000065b   Thumb Code    70  sysctl.o(.text)
    SysCtlPeripheralSleepDisable             0x000006a1   Thumb Code    70  sysctl.o(.text)
    SysCtlPeripheralDeepSleepEnable          0x000006e7   Thumb Code    70  sysctl.o(.text)
    SysCtlPeripheralDeepSleepDisable         0x0000072d   Thumb Code    70  sysctl.o(.text)
    SysCtlPeripheralClockGating              0x00000773   Thumb Code    22  sysctl.o(.text)
    SysCtlIntRegister                        0x00000789   Thumb Code    20  sysctl.o(.text)
    SysCtlIntUnregister                      0x0000079d   Thumb Code    18  sysctl.o(.text)
    SysCtlIntEnable                          0x000007af   Thumb Code    10  sysctl.o(.text)
    SysCtlIntDisable                         0x000007b9   Thumb Code    10  sysctl.o(.text)
    SysCtlIntClear                           0x000007c3   Thumb Code     6  sysctl.o(.text)
    SysCtlIntStatus                          0x000007c9   Thumb Code    12  sysctl.o(.text)
    SysCtlLDOSet                             0x000007d5   Thumb Code     6  sysctl.o(.text)
    SysCtlLDOGet                             0x000007db   Thumb Code     6  sysctl.o(.text)
    SysCtlLDOConfigSet                       0x000007e1   Thumb Code     6  sysctl.o(.text)
    SysCtlReset                              0x000007e7   Thumb Code     8  sysctl.o(.text)
    SysCtlSleep                              0x000007ef   Thumb Code     4  sysctl.o(.text)
    SysCtlDeepSleep                          0x000007f3   Thumb Code    28  sysctl.o(.text)
    SysCtlResetCauseGet                      0x0000080f   Thumb Code     6  sysctl.o(.text)
    SysCtlResetCauseClear                    0x00000815   Thumb Code    10  sysctl.o(.text)
    SysCtlBrownOutConfigSet                  0x0000081f   Thumb Code    10  sysctl.o(.text)
    SysCtlMOSCConfigSet                      0x00000829   Thumb Code     6  sysctl.o(.text)
    SysCtlPIOSCCalibrate                     0x0000082f   Thumb Code   122  sysctl.o(.text)
    SysCtlClockSet                           0x000008a9   Thumb Code   292  sysctl.o(.text)
    SysCtlClockGet                           0x000009cd   Thumb Code   434  sysctl.o(.text)
    SysCtlDeepSleepClockSet                  0x00000b7f   Thumb Code     6  sysctl.o(.text)
    SysCtlPWMClockSet                        0x00000b85   Thumb Code    14  sysctl.o(.text)
    SysCtlPWMClockGet                        0x00000b93   Thumb Code    20  sysctl.o(.text)
    SysCtlADCSpeedSet                        0x00000ba7   Thumb Code    28  sysctl.o(.text)
    SysCtlADCSpeedGet                        0x00000bc3   Thumb Code    10  sysctl.o(.text)
    SysCtlIOSCVerificationSet                0x00000bcd   Thumb Code    22  sysctl.o(.text)
    SysCtlMOSCVerificationSet                0x00000be3   Thumb Code    22  sysctl.o(.text)
    SysCtlPLLVerificationSet                 0x00000bf9   Thumb Code    22  sysctl.o(.text)
    SysCtlClkVerificationClear               0x00000c0f   Thumb Code    14  sysctl.o(.text)
    SysCtlGPIOAHBEnable                      0x00000c1d   Thumb Code    12  sysctl.o(.text)
    SysCtlGPIOAHBDisable                     0x00000c29   Thumb Code    12  sysctl.o(.text)
    SysCtlUSBPLLEnable                       0x00000c35   Thumb Code    12  sysctl.o(.text)
    SysCtlUSBPLLDisable                      0x00000c41   Thumb Code    12  sysctl.o(.text)
    SysCtlI2SMClkSet                         0x00000c4d   Thumb Code   264  sysctl.o(.text)
    UARTParityModeSet                        0x00000d75   Thumb Code    12  uart.o(.text)
    UARTParityModeGet                        0x00000d81   Thumb Code     8  uart.o(.text)
    UARTFIFOLevelSet                         0x00000d89   Thumb Code     6  uart.o(.text)
    UARTFIFOLevelGet                         0x00000d8f   Thumb Code    16  uart.o(.text)
    UARTEnable                               0x00000d9f   Thumb Code    20  uart.o(.text)
    UARTDisable                              0x00000db3   Thumb Code    26  uart.o(.text)
    UARTConfigSetExpClk                      0x00000dcd   Thumb Code    70  uart.o(.text)
    UARTConfigGetExpClk                      0x00000e13   Thumb Code    40  uart.o(.text)
    UARTFIFOEnable                           0x00000e3b   Thumb Code    10  uart.o(.text)
    UARTFIFODisable                          0x00000e45   Thumb Code    10  uart.o(.text)
    UARTEnableSIR                            0x00000e4f   Thumb Code    20  uart.o(.text)
    UARTDisableSIR                           0x00000e63   Thumb Code    10  uart.o(.text)
    UARTSmartCardEnable                      0x00000e6d   Thumb Code    22  uart.o(.text)
    UARTSmartCardDisable                     0x00000e83   Thumb Code    10  uart.o(.text)
    UARTModemControlSet                      0x00000e8d   Thumb Code    12  uart.o(.text)
    UARTModemControlClear                    0x00000e99   Thumb Code    12  uart.o(.text)
    UARTModemControlGet                      0x00000ea5   Thumb Code     8  uart.o(.text)
    UARTModemStatusGet                       0x00000ead   Thumb Code    10  uart.o(.text)
    UARTFlowControlSet                       0x00000eb7   Thumb Code    12  uart.o(.text)
    UARTFlowControlGet                       0x00000ec3   Thumb Code     8  uart.o(.text)
    UARTTxIntModeSet                         0x00000ecb   Thumb Code    12  uart.o(.text)
    UARTTxIntModeGet                         0x00000ed7   Thumb Code     8  uart.o(.text)
    UARTCharsAvail                           0x00000edf   Thumb Code    10  uart.o(.text)
    UARTSpaceAvail                           0x00000ee9   Thumb Code    10  uart.o(.text)
    UARTCharGetNonBlocking                   0x00000ef3   Thumb Code    16  uart.o(.text)
    UARTCharGet                              0x00000f03   Thumb Code    10  uart.o(.text)
    UARTCharPutNonBlocking                   0x00000f0d   Thumb Code    16  uart.o(.text)
    UARTCharPut                              0x00000f1d   Thumb Code    10  uart.o(.text)
    UARTBreakCtl                             0x00000f27   Thumb Code    20  uart.o(.text)
    UARTBusy                                 0x00000f3b   Thumb Code     8  uart.o(.text)
    UARTIntRegister                          0x00000f43   Thumb Code    26  uart.o(.text)
    UARTIntUnregister                        0x00000f5d   Thumb Code    22  uart.o(.text)
    UARTIntEnable                            0x00000f73   Thumb Code     8  uart.o(.text)
    UARTIntDisable                           0x00000f7b   Thumb Code     8  uart.o(.text)
    UARTIntStatus                            0x00000f83   Thumb Code    10  uart.o(.text)
    UARTIntClear                             0x00000f8d   Thumb Code     4  uart.o(.text)
    UARTDMAEnable                            0x00000f91   Thumb Code     8  uart.o(.text)
    UARTDMADisable                           0x00000f99   Thumb Code     8  uart.o(.text)
    UARTRxErrorGet                           0x00000fa1   Thumb Code     8  uart.o(.text)
    UARTRxErrorClear                         0x00000fa9   Thumb Code     6  uart.o(.text)
    UARTClockSourceSet                       0x00000faf   Thumb Code     6  uart.o(.text)
    UARTClockSourceGet                       0x00000fb5   Thumb Code     6  uart.o(.text)
    UART9BitEnable                           0x00000fbb   Thumb Code    12  uart.o(.text)
    UART9BitDisable                          0x00000fc7   Thumb Code    12  uart.o(.text)
    UART9BitAddrSet                          0x00000fd3   Thumb Code     8  uart.o(.text)
    UART9BitAddrSend                         0x00000fdb   Thumb Code    34  uart.o(.text)
    GPIODirModeSet                           0x000010e7   Thumb Code    38  gpio.o(.text)
    GPIODirModeGet                           0x0000110d   Thumb Code    38  gpio.o(.text)
    GPIOIntTypeSet                           0x00001133   Thumb Code    56  gpio.o(.text)
    GPIOIntTypeGet                           0x0000116b   Thumb Code    50  gpio.o(.text)
    GPIOPadConfigSet                         0x0000119d   Thumb Code   164  gpio.o(.text)
    GPIOPadConfigGet                         0x00001241   Thumb Code   122  gpio.o(.text)
    GPIOPinIntEnable                         0x000012bb   Thumb Code    14  gpio.o(.text)
    GPIOPinIntDisable                        0x000012c9   Thumb Code    14  gpio.o(.text)
    GPIOPinIntStatus                         0x000012d7   Thumb Code    14  gpio.o(.text)
    GPIOPinIntClear                          0x000012e5   Thumb Code     6  gpio.o(.text)
    GPIOPortIntRegister                      0x000012eb   Thumb Code    26  gpio.o(.text)
    GPIOPortIntUnregister                    0x00001305   Thumb Code    22  gpio.o(.text)
    GPIOPinRead                              0x0000131b   Thumb Code     6  gpio.o(.text)
    GPIOPinWrite                             0x00001321   Thumb Code     6  gpio.o(.text)
    GPIOPinTypeADC                           0x00001327   Thumb Code    26  gpio.o(.text)
    GPIOPinTypeCAN                           0x00001341   Thumb Code    26  gpio.o(.text)
    GPIOPinTypeComparator                    0x0000135b   Thumb Code    26  gpio.o(.text)
    GPIOPinTypeEPI                           0x00001375   Thumb Code    26  gpio.o(.text)
    GPIOPinTypeEthernetLED                   0x0000138f   Thumb Code    26  gpio.o(.text)
    GPIOPinTypeEthernetMII                   0x000013a9   Thumb Code    26  gpio.o(.text)
    GPIOPinTypeFan                           0x000013c3   Thumb Code    26  gpio.o(.text)
    GPIOPinTypeGPIOInput                     0x000013dd   Thumb Code    26  gpio.o(.text)
    GPIOPinTypeGPIOOutput                    0x000013f7   Thumb Code    42  gpio.o(.text)
    GPIOPinTypeGPIOOutputOD                  0x00001421   Thumb Code    26  gpio.o(.text)
    GPIOPinTypeI2C                           0x0000143b   Thumb Code    26  gpio.o(.text)
    GPIOPinTypeI2CSCL                        0x00001455   Thumb Code    44  gpio.o(.text)
    GPIOPinTypeI2S                           0x00001481   Thumb Code    26  gpio.o(.text)
    GPIOPinTypeLPC                           0x0000149b   Thumb Code    26  gpio.o(.text)
    GPIOPinTypePECIRx                        0x000014b5   Thumb Code    26  gpio.o(.text)
    GPIOPinTypePECITx                        0x000014cf   Thumb Code    26  gpio.o(.text)
    GPIOPinTypePWM                           0x000014e9   Thumb Code    26  gpio.o(.text)
    GPIOPinTypeQEI                           0x00001503   Thumb Code    26  gpio.o(.text)
    GPIOPinTypeSSI                           0x0000151d   Thumb Code    26  gpio.o(.text)
    GPIOPinTypeTimer                         0x00001537   Thumb Code    26  gpio.o(.text)
    GPIOPinTypeUART                          0x00001551   Thumb Code    26  gpio.o(.text)
    GPIOPinTypeUSBAnalog                     0x0000156b   Thumb Code    26  gpio.o(.text)
    GPIOPinTypeUSBDigital                    0x00001585   Thumb Code    26  gpio.o(.text)
    GPIOPinConfigure                         0x0000159f   Thumb Code    62  gpio.o(.text)
    GPIODMATriggerEnable                     0x000015dd   Thumb Code    14  gpio.o(.text)
    GPIODMATriggerDisable                    0x000015eb   Thumb Code    14  gpio.o(.text)
    GPIOADCTriggerEnable                     0x000015f9   Thumb Code    14  gpio.o(.text)
    GPIOADCTriggerDisable                    0x00001607   Thumb Code    14  gpio.o(.text)
    IntMasterEnable                          0x00001627   Thumb Code    10  interrupt.o(.text)
    IntMasterDisable                         0x00001631   Thumb Code    10  interrupt.o(.text)
    IntRegister                              0x0000163b   Thumb Code    38  interrupt.o(.text)
    IntUnregister                            0x00001661   Thumb Code    10  interrupt.o(.text)
    IntPriorityGroupingSet                   0x0000166b   Thumb Code    18  interrupt.o(.text)
    IntPriorityGroupingGet                   0x0000167d   Thumb Code    30  interrupt.o(.text)
    IntPrioritySet                           0x0000169b   Thumb Code    32  interrupt.o(.text)
    IntPriorityGet                           0x000016bb   Thumb Code    22  interrupt.o(.text)
    IntEnable                                0x000016d1   Thumb Code    88  interrupt.o(.text)
    IntDisable                               0x00001729   Thumb Code    88  interrupt.o(.text)
    IntIsEnabled                             0x00001781   Thumb Code    90  interrupt.o(.text)
    IntPendSet                               0x000017db   Thumb Code    70  interrupt.o(.text)
    IntPendClear                             0x00001821   Thumb Code    58  interrupt.o(.text)
    IntPriorityMaskSet                       0x0000185b   Thumb Code     4  interrupt.o(.text)
    IntPriorityMaskGet                       0x0000185f   Thumb Code     4  interrupt.o(.text)
    SSIConfigSetExpClk                       0x00001879   Thumb Code    66  ssi.o(.text)
    SSIEnable                                0x000018bb   Thumb Code    10  ssi.o(.text)
    SSIDisable                               0x000018c5   Thumb Code    10  ssi.o(.text)
    SSIIntRegister                           0x000018cf   Thumb Code    26  ssi.o(.text)
    SSIIntUnregister                         0x000018e9   Thumb Code    22  ssi.o(.text)
    SSIIntEnable                             0x000018ff   Thumb Code     8  ssi.o(.text)
    SSIIntDisable                            0x00001907   Thumb Code     8  ssi.o(.text)
    SSIIntStatus                             0x0000190f   Thumb Code    10  ssi.o(.text)
    SSIIntClear                              0x00001919   Thumb Code     4  ssi.o(.text)
    SSIDataPut                               0x0000191d   Thumb Code    10  ssi.o(.text)
    SSIDataPutNonBlocking                    0x00001927   Thumb Code    16  ssi.o(.text)
    SSIDataGet                               0x00001937   Thumb Code    12  ssi.o(.text)
    SSIDataGetNonBlocking                    0x00001943   Thumb Code    18  ssi.o(.text)
    SSIDMAEnable                             0x00001955   Thumb Code     8  ssi.o(.text)
    SSIDMADisable                            0x0000195d   Thumb Code     8  ssi.o(.text)
    SSIBusy                                  0x00001965   Thumb Code     8  ssi.o(.text)
    SSIClockSourceSet                        0x0000196d   Thumb Code     6  ssi.o(.text)
    SSIClockSourceGet                        0x00001973   Thumb Code     6  ssi.o(.text)
    TimerEnable                              0x0000199d   Thumb Code    14  timer.o(.text)
    TimerDisable                             0x000019ab   Thumb Code    14  timer.o(.text)
    TimerConfigure                           0x000019b9   Thumb Code    34  timer.o(.text)
    TimerControlLevel                        0x000019db   Thumb Code    22  timer.o(.text)
    TimerControlTrigger                      0x000019f1   Thumb Code    22  timer.o(.text)
    TimerControlEvent                        0x00001a07   Thumb Code    18  timer.o(.text)
    TimerControlStall                        0x00001a19   Thumb Code    22  timer.o(.text)
    TimerControlWaitOnTrigger                0x00001a2f   Thumb Code    46  timer.o(.text)
    TimerRTCEnable                           0x00001a5d   Thumb Code    10  timer.o(.text)
    TimerRTCDisable                          0x00001a67   Thumb Code    10  timer.o(.text)
    TimerPrescaleSet                         0x00001a71   Thumb Code    18  timer.o(.text)
    TimerPrescaleGet                         0x00001a83   Thumb Code    12  timer.o(.text)
    TimerPrescaleMatchSet                    0x00001a8f   Thumb Code    18  timer.o(.text)
    TimerPrescaleMatchGet                    0x00001aa1   Thumb Code    12  timer.o(.text)
    TimerLoadSet                             0x00001aad   Thumb Code    18  timer.o(.text)
    TimerLoadGet                             0x00001abf   Thumb Code    12  timer.o(.text)
    TimerLoadSet64                           0x00001acb   Thumb Code     6  timer.o(.text)
    TimerLoadGet64                           0x00001ad1   Thumb Code    14  timer.o(.text)
    TimerValueGet                            0x00001adf   Thumb Code    12  timer.o(.text)
    TimerValueGet64                          0x00001aeb   Thumb Code    14  timer.o(.text)
    TimerMatchSet                            0x00001af9   Thumb Code    18  timer.o(.text)
    TimerMatchGet                            0x00001b0b   Thumb Code    12  timer.o(.text)
    TimerMatchSet64                          0x00001b17   Thumb Code     6  timer.o(.text)
    TimerMatchGet64                          0x00001b1d   Thumb Code    14  timer.o(.text)
    TimerIntRegister                         0x00001b2b   Thumb Code    58  timer.o(.text)
    TimerIntUnregister                       0x00001b65   Thumb Code    52  timer.o(.text)
    TimerIntEnable                           0x00001b99   Thumb Code     8  timer.o(.text)
    TimerIntDisable                          0x00001ba1   Thumb Code     8  timer.o(.text)
    TimerIntStatus                           0x00001ba9   Thumb Code    10  timer.o(.text)
    TimerIntClear                            0x00001bb3   Thumb Code     4  timer.o(.text)
    TimerSynchronize                         0x00001bb7   Thumb Code     4  timer.o(.text)
    TimerQuiesce                             0x00001bbb   Thumb Code    58  timer.o(.text)
    rx_buffer_init                           0x00001c19   Thumb Code    18  atcmdlib.o(.text)
    buffers_init                             0x00001c2b   Thumb Code    38  atcmdlib.o(.text)
    AtLib_FlushRxBuffer                      0x00001c51   Thumb Code    16  atcmdlib.o(.text)
    AtLib_ProcessIncomingData                0x00001c61   Thumb Code     2  atcmdlib.o(.text)
    AtLib_ClearAllCid                        0x00001c63   Thumb Code    10  atcmdlib.o(.text)
    AtLib_SetNodeResetFlag                   0x00001c6d   Thumb Code     8  atcmdlib.o(.text)
    AtLib_ClearNodeAssociationFlag           0x00001c75   Thumb Code     8  atcmdlib.o(.text)
    AtLib_checkEOFMessage                    0x00001c7d   Thumb Code   262  atcmdlib.o(.text)
    AtLib_RecieveDataProcess                 0x00001d83   Thumb Code   394  atcmdlib.o(.text)
    AtLib_ResponseHandle                     0x00001f0d   Thumb Code    46  atcmdlib.o(.text)
    AtLib_CommandSend                        0x00001f3b   Thumb Code    22  atcmdlib.o(.text)
    AtLibGs_Check                            0x00001f51   Thumb Code    16  atcmdlib.o(.text)
    AtLibGs_SetEcho                          0x00001f61   Thumb Code    18  atcmdlib.o(.text)
    AtLibGs_MACSet                           0x00001f73   Thumb Code    18  atcmdlib.o(.text)
    AtLibGs_GetMAC                           0x00001f85   Thumb Code    16  atcmdlib.o(.text)
    AtLibGs_CalcNStorePSK                    0x00001f95   Thumb Code    20  atcmdlib.o(.text)
    AtLibGs_WlanConnStat                     0x00001fa9   Thumb Code    16  atcmdlib.o(.text)
    AtLibGs_DHCPSet                          0x00001fb9   Thumb Code    18  atcmdlib.o(.text)
    AtLibGs_Assoc                            0x00001fcb   Thumb Code    40  atcmdlib.o(.text)
    AtLibGs_TcpClientStart                   0x00001ff3   Thumb Code   454  atcmdlib.o(.text)
    AtLibGs_UdpClientStart                   0x000021b9   Thumb Code    22  atcmdlib.o(.text)
    AtLibGs_CloseAll                         0x000021cf   Thumb Code    16  atcmdlib.o(.text)
    AtLibGs_BatteryChkStart                  0x000021df   Thumb Code    18  atcmdlib.o(.text)
    AtLibGs_GotoSTNDBy                       0x000021f1   Thumb Code    24  atcmdlib.o(.text)
    AtLibGs_SetPassPhrase                    0x00002209   Thumb Code    18  atcmdlib.o(.text)
    AtLibGs_EnableDeepSleep                  0x0000221b   Thumb Code    16  atcmdlib.o(.text)
    AtLibGs_StoreNwConn                      0x0000222b   Thumb Code    16  atcmdlib.o(.text)
    AtLibGs_ReStoreNwConn                    0x0000223b   Thumb Code    16  atcmdlib.o(.text)
    AtLibGs_IPSet                            0x0000224b   Thumb Code    22  atcmdlib.o(.text)
    AtLibGs_SaveProfile                      0x00002261   Thumb Code    18  atcmdlib.o(.text)
    AtLibGs_LoadProfile                      0x00002273   Thumb Code    18  atcmdlib.o(.text)
    AtLibGs_ResetFctDflts                    0x00002285   Thumb Code    16  atcmdlib.o(.text)
    AtLibGs_GetRssi                          0x00002295   Thumb Code    16  atcmdlib.o(.text)
    AtLibGs_DisAssoc                         0x000022a5   Thumb Code    16  atcmdlib.o(.text)
    AtLibGs_FWUpgrade                        0x000022b5   Thumb Code    24  atcmdlib.o(.text)
    AtLibGs_BatteryChkStop                   0x000022cd   Thumb Code    16  atcmdlib.o(.text)
    AtLibGs_MultiCast                        0x000022dd   Thumb Code    18  atcmdlib.o(.text)
    AtLibGs_Version                          0x000022ef   Thumb Code    16  atcmdlib.o(.text)
    AtLibGs_Mode                             0x000022ff   Thumb Code    18  atcmdlib.o(.text)
    AtLibGs_UdpServer_Start                  0x00002311   Thumb Code    18  atcmdlib.o(.text)
    AtLibGs_TcpServer_Start                  0x00002323   Thumb Code    18  atcmdlib.o(.text)
    AtLibGs_DNSLookup                        0x00002335   Thumb Code    18  atcmdlib.o(.text)
    AtLibGs_Close                            0x00002347   Thumb Code    18  atcmdlib.o(.text)
    AtLibGs_SetWRetryCount                   0x00002359   Thumb Code    18  atcmdlib.o(.text)
    AtLibGs_GetErrCount                      0x0000236b   Thumb Code    16  atcmdlib.o(.text)
    AtLibGs_EnableRadio                      0x0000237b   Thumb Code    18  atcmdlib.o(.text)
    AtLibGs_EnablePwSave                     0x0000238d   Thumb Code    18  atcmdlib.o(.text)
    AtLibGs_SetTime                          0x0000239f   Thumb Code    20  atcmdlib.o(.text)
    AtLibGs_EnableExternalPA                 0x000023b3   Thumb Code    16  atcmdlib.o(.text)
    AtLibGs_SyncLossInterval                 0x000023c3   Thumb Code    18  atcmdlib.o(.text)
    AtLibGs_PSPollInterval                   0x000023d5   Thumb Code    18  atcmdlib.o(.text)
    AtLibGs_SetTxPower                       0x000023e7   Thumb Code    18  atcmdlib.o(.text)
    AtLibGs_SetDNSServerIP                   0x000023f9   Thumb Code    34  atcmdlib.o(.text)
    AtLibGs_EnableAutoConnect                0x0000241b   Thumb Code    18  atcmdlib.o(.text)
    AtLibGs_SwitchFromAutoToCmd              0x0000242d   Thumb Code    64  atcmdlib.o(.text)
    AtLibGs_StoreWAutoConn                   0x0000246d   Thumb Code    20  atcmdlib.o(.text)
    AtLibGs_StoreNAutoConn                   0x00002481   Thumb Code    20  atcmdlib.o(.text)
    AtLibGs_StoreATS                         0x00002495   Thumb Code    20  atcmdlib.o(.text)
    AtLibGs_BData                            0x000024a9   Thumb Code    18  atcmdlib.o(.text)
    AtLibGs_StartWPSPUSH                     0x000024bb   Thumb Code    16  atcmdlib.o(.text)
    AtLibGs_StartWPSPIN                      0x000024cb   Thumb Code    18  atcmdlib.o(.text)
    AtLib_ParseTcpClientCid                  0x000024dd   Thumb Code    20  atcmdlib.o(.text)
    AtLib_ParseUdpClientCid                  0x000024f1   Thumb Code    20  atcmdlib.o(.text)
    AtLib_ParseWlanConnStat                  0x00002505   Thumb Code    20  atcmdlib.o(.text)
    AtLib_strcasecmp                         0x00002519   Thumb Code    52  atcmdlib.o(.text)
    AtLib_ParseGetMacResponse                0x0000254d   Thumb Code   788  atcmdlib.o(.text)
    AtLib_ParseNodeIpAddress                 0x00002861   Thumb Code    46  atcmdlib.o(.text)
    AtLib_ParseRssiResponse                  0x0000288f   Thumb Code    26  atcmdlib.o(.text)
    AtLib_ParseUdpServerStartResponse        0x000028a9   Thumb Code    52  atcmdlib.o(.text)
    AtLib_ParseTcpServerStartResponse        0x000028dd   Thumb Code    52  atcmdlib.o(.text)
    AtLib_ParseDNSLookupResponse             0x00002911   Thumb Code    28  atcmdlib.o(.text)
    AtLib_ParseWPSPUSHResponse               0x0000292d   Thumb Code    18  atcmdlib.o(.text)
    AtLib_ParseWPSPINResponse                0x0000293f   Thumb Code    18  atcmdlib.o(.text)
    AtLib_DataSend                           0x00002951   Thumb Code     4  atcmdlib.o(.text)
    AtLib_ProcessRxChunk                     0x00002955   Thumb Code    30  atcmdlib.o(.text)
    AtLib_SendTcpData                        0x00002973   Thumb Code    94  atcmdlib.o(.text)
    AtLib_SendUdpData                        0x000029d1   Thumb Code   118  atcmdlib.o(.text)
    AtLib_RecieveDataHandle                  0x00002a47   Thumb Code    26  atcmdlib.o(.text)
    AtLib_ConvertNumberTo4DigitASCII         0x00002a61   Thumb Code    54  atcmdlib.o(.text)
    AtLib_BulkDataTransfer                   0x00002a97   Thumb Code    70  atcmdlib.o(.text)
    AtLib_LinkCheck                          0x00002add   Thumb Code     2  atcmdlib.o(.text)
    AtLib_ReadBootUpMessage                  0x00002adf   Thumb Code    16  atcmdlib.o(.text)
    AtLib_IsNodeResetDetected                0x00002aef   Thumb Code     6  atcmdlib.o(.text)
    AtLib_ClearNodeResetFlag                 0x00002af5   Thumb Code     8  atcmdlib.o(.text)
    AtLib_IsNodeAssociated                   0x00002afd   Thumb Code     6  atcmdlib.o(.text)
    AtLib_SetNodeAssociationFlag             0x00002b03   Thumb Code     8  atcmdlib.o(.text)
    AtLib_SaveTcpCid                         0x00002b0b   Thumb Code     6  atcmdlib.o(.text)
    AtLib_SaveUdpCid                         0x00002b11   Thumb Code     6  atcmdlib.o(.text)
    AtLib_GetTcpCid                          0x00002b17   Thumb Code     6  atcmdlib.o(.text)
    AtLib_GetUdpCid                          0x00002b1d   Thumb Code     6  atcmdlib.o(.text)
    GP_AC_Init                               0x00002b99   Thumb Code   114  gp_cmd.o(.text)
    GP_AP_Init                               0x00002c0b   Thumb Code   138  gp_cmd.o(.text)
    GP_Tcp_Assoc                             0x00002c95   Thumb Code    50  gp_cmd.o(.text)
    GP_Close_All                             0x00002cc7   Thumb Code    26  gp_cmd.o(.text)
    GP_Check                                 0x00002ce1   Thumb Code    76  gp_cmd.o(.text)
    RIT128x96x4Clear                         0x00002e3b   Thumb Code    68  rit128x96x4.o(.text)
    RIT128x96x4StringDraw                    0x00002e7f   Thumb Code   204  rit128x96x4.o(.text)
    RIT128x96x4ImageDraw                     0x00002f4b   Thumb Code    96  rit128x96x4.o(.text)
    RIT128x96x4Enable                        0x00002fab   Thumb Code    90  rit128x96x4.o(.text)
    RIT128x96x4Disable                       0x00003005   Thumb Code    92  rit128x96x4.o(.text)
    RIT128x96x4Init                          0x00003061   Thumb Code   140  rit128x96x4.o(.text)
    RIT128x96x4DisplayOn                     0x000030ed   Thumb Code    30  rit128x96x4.o(.text)
    RIT128x96x4DisplayOff                    0x0000310b   Thumb Code     8  rit128x96x4.o(.text)
    BSP_Uart_Init                            0x00003131   Thumb Code   244  util_uart.o(.text)
    BSP_Uart_Send                            0x00003225   Thumb Code    36  util_uart.o(.text)
    UART0_Int_Handler                        0x00003249   Thumb Code    94  util_uart.o(.text)
    BSP_Uart0_Read                           0x000032a7   Thumb Code    24  util_uart.o(.text)
    BSP_Timer0_Init                          0x000032e1   Thumb Code    30  util_timer.o(.text)
    BSP_Timer0_DelayMs                       0x000032ff   Thumb Code    60  util_timer.o(.text)
    tolower                                  0x00003345   Thumb Code    26  tolower.o(.text)
    __2sprintf                               0x00003361   Thumb Code    34  noretval__2sprintf.o(.text)
    _printf_pre_padding                      0x00003389   Thumb Code    46  _printf_pad.o(.text)
    _printf_post_padding                     0x000033b7   Thumb Code    36  _printf_pad.o(.text)
    _printf_str                              0x000033db   Thumb Code    82  _printf_str.o(.text)
    _printf_int_dec                          0x0000342d   Thumb Code   102  _printf_dec.o(.text)
    __printf                                 0x000034a5   Thumb Code   270  __printf_wp.o(.text)
    atoi                                     0x000035b3   Thumb Code    26  atoi.o(.text)
    strtok                                   0x000035cd   Thumb Code     6  strtok.o(.text)
    strstr                                   0x000035d9   Thumb Code    36  strstr.o(.text)
    strcpy                                   0x000035fd   Thumb Code    72  strcpy.o(.text)
    strlen                                   0x00003645   Thumb Code    62  strlen.o(.text)
    __aeabi_memcpy                           0x00003683   Thumb Code     0  rt_memcpy_v6.o(.text)
    __rt_memcpy                              0x00003683   Thumb Code   138  rt_memcpy_v6.o(.text)
    _memcpy_lastbytes                        0x000036e9   Thumb Code     0  rt_memcpy_v6.o(.text)
    __aeabi_memcpy4                          0x0000370d   Thumb Code     0  rt_memcpy_w.o(.text)
    __aeabi_memcpy8                          0x0000370d   Thumb Code     0  rt_memcpy_w.o(.text)
    __rt_memcpy_w                            0x0000370d   Thumb Code   100  rt_memcpy_w.o(.text)
    _memcpy_lastbytes_aligned                0x00003755   Thumb Code     0  rt_memcpy_w.o(.text)
    __aeabi_memclr                           0x00003771   Thumb Code     0  rt_memclr.o(.text)
    __rt_memclr                              0x00003771   Thumb Code    68  rt_memclr.o(.text)
    _memset                                  0x00003775   Thumb Code     0  rt_memclr.o(.text)
    __use_two_region_memory                  0x000037b5   Thumb Code     2  heapauxi.o(.text)
    __rt_heap_escrow$2region                 0x000037b7   Thumb Code     2  heapauxi.o(.text)
    __rt_heap_expand$2region                 0x000037b9   Thumb Code     2  heapauxi.o(.text)
    __rt_ctype_table                         0x000037bd   Thumb Code    16  rt_ctype_table.o(.text)
    __aeabi_errno_addr                       0x000037cd   Thumb Code     8  rt_errno_addr_intlibspace.o(.text)
    __errno$intlibspace                      0x000037cd   Thumb Code     0  rt_errno_addr_intlibspace.o(.text)
    __rt_errno_addr$intlibspace              0x000037cd   Thumb Code     0  rt_errno_addr_intlibspace.o(.text)
    _printf_int_common                       0x000037d5   Thumb Code   184  _printf_intcommon.o(.text)
    _printf_char_common                      0x00003897   Thumb Code    32  _printf_char_common.o(.text)
    _sputc                                   0x000038bd   Thumb Code    10  _sputc.o(.text)
    _printf_cs_common                        0x000038c7   Thumb Code    20  _printf_char.o(.text)
    _printf_char                             0x000038db   Thumb Code    16  _printf_char.o(.text)
    _printf_string                           0x000038eb   Thumb Code     8  _printf_char.o(.text)
    strtol                                   0x000038f3   Thumb Code   112  strtol.o(.text)
    __strtok_internal                        0x00003965   Thumb Code    64  strtok_int.o(.text)
    __aeabi_memclr4                          0x000039a9   Thumb Code     0  rt_memclr_w.o(.text)
    __aeabi_memclr8                          0x000039a9   Thumb Code     0  rt_memclr_w.o(.text)
    __rt_memclr_w                            0x000039a9   Thumb Code    78  rt_memclr_w.o(.text)
    _memset_w                                0x000039ad   Thumb Code     0  rt_memclr_w.o(.text)
    __user_libspace                          0x000039f9   Thumb Code     8  libspace.o(.text)
    __user_perproc_libspace                  0x000039f9   Thumb Code     0  libspace.o(.text)
    __user_perthread_libspace                0x000039f9   Thumb Code     0  libspace.o(.text)
    __rt_locale                              0x00003a01   Thumb Code     8  rt_locale_intlibspace.o(.text)
    _strtoul                                 0x00003a09   Thumb Code   158  _strtoul.o(.text)
    strcspn                                  0x00003aa7   Thumb Code    32  strcspn.o(.text)
    strspn                                   0x00003ac7   Thumb Code    28  strspn.o(.text)
    __user_setup_stackheap                   0x00003ae3   Thumb Code    74  sys_stackheap_outer.o(.text)
    _chval                                   0x00003b2d   Thumb Code    28  _chval.o(.text)
    exit                                     0x00003b49   Thumb Code    12  exit.o(.text)
    strcmp                                   0x00003b55   Thumb Code   128  strcmpv7m.o(.text)
    __rt_fp_status_addr                      0x00003bd5   Thumb Code     8  rt_fp_status_addr_intlibspace.o(.text)
    _sys_exit                                0x00003bdd   Thumb Code     8  sys_exit.o(.text)
    __I$use$semihosting                      0x00003be9   Thumb Code     0  use_no_semi.o(.text)
    __use_no_semihosting_swi                 0x00003be9   Thumb Code     2  use_no_semi.o(.text)
    __semihosting_library_function           0x00003beb   Thumb Code     0  indicate_semi.o(.text)
    _is_digit                                0x00003beb   Thumb Code    14  __printf_wp.o(i._is_digit)
    _get_lc_ctype                            0x00003bf9   Thumb Code    44  lc_ctype_c.o(locale$$code)
    _fp_init                                 0x00003c25   Thumb Code    14  fpinit.o(x$fpl$fpinit)
    __fplib_config_pureend_doubles           0x00003c31   Thumb Code     0  fpinit.o(x$fpl$fpinit)
    Region$$Table$$Base                      0x00004284   Number         0  anon$$obj.o(Region$$Table)
    Region$$Table$$Limit                     0x000042a4   Number         0  anon$$obj.o(Region$$Table)
    __ctype                                  0x000042b1   Data           0  lc_ctype_c.o(locale$$data)
    MRBufferIndex                            0x20000008   Data           2  atcmdlib.o(.data)
    gRB_TxHead                               0x2000000a   Data           2  atcmdlib.o(.data)
    gRB_TxTail                               0x2000000c   Data           2  atcmdlib.o(.data)
    gRB_RxHead                               0x2000000e   Data           2  atcmdlib.o(.data)
    gRB_RxTail                               0x20000010   Data           2  atcmdlib.o(.data)
    rxMsgId                                  0x20000018   Data           1  gp_cmd.o(.data)
    gRecieveBuffer                           0x2000066c   Data         512  atcmdlib.o(.bss)
    gTransmitBuffer                          0x2000086c   Data         512  atcmdlib.o(.bss)
    MRBuffer                                 0x20000a6c   Data        1024  atcmdlib.o(.bss)
    at_cmd_buf                               0x20000e6c   Data         128  atcmdlib.o(.bss)
    rxBuf                                    0x20000eec   Data         516  util_uart.o(.bss)
    __libspace_start                         0x200010f0   Data          96  libspace.o(.bss)
    __temporary_stack_top$libspace           0x20001150   Data           0  libspace.o(.bss)



==============================================================================

Memory Map of the image

  Image Entry point : 0x00000279

  Load Region LR_IROM1 (Base: 0x00000000, Size: 0x00004a20, Max: 0x00040000, ABSOLUTE, COMPRESSED[0x000043c8])

    Execution Region ER_IROM1 (Base: 0x00000000, Size: 0x000043b4, Max: 0x00040000, ABSOLUTE)

    Base Addr    Size         Type   Attr      Idx    E Section Name        Object

    0x00000000   0x00000278   Code   RO            3    RESET               startup.o
    0x00000278   0x00000008   Code   RO          424  * !!!main             c_w.l(__main.o)
    0x00000280   0x00000034   Code   RO          625    !!!scatter          c_w.l(__scatter.o)
    0x000002b4   0x0000003a   Code   RO          623    !!dczerorl          c_w.l(__dczerorl.o)
    0x000002ee   0x00000002   PAD
    0x000002f0   0x0000001c   Code   RO          627    !!handler_zi        c_w.l(__scatter_zi.o)
    0x0000030c   0x00000000   Code   RO          404    .ARM.Collect$$_printf_percent$$00000000  c_w.l(_printf_percent.o)
    0x0000030c   0x00000006   Code   RO          403    .ARM.Collect$$_printf_percent$$00000009  c_w.l(_printf_d.o)
    0x00000312   0x00000006   Code   RO          401    .ARM.Collect$$_printf_percent$$00000013  c_w.l(_printf_c.o)
    0x00000318   0x00000006   Code   RO          402    .ARM.Collect$$_printf_percent$$00000014  c_w.l(_printf_s.o)
    0x0000031e   0x00000004   Code   RO          442    .ARM.Collect$$_printf_percent$$00000017  c_w.l(_printf_percent_end.o)
    0x00000322   0x00000006   Code   RO          496    .ARM.Collect$$libinit$$00000000  c_w.l(libinit.o)
    0x00000328   0x00000000   Code   RO          499    .ARM.Collect$$libinit$$00000006  c_w.l(libinit2.o)
    0x00000328   0x00000000   Code   RO          501    .ARM.Collect$$libinit$$00000008  c_w.l(libinit2.o)
    0x00000328   0x00000000   Code   RO          503    .ARM.Collect$$libinit$$0000000A  c_w.l(libinit2.o)
    0x00000328   0x00000006   Code   RO          504    .ARM.Collect$$libinit$$0000000B  c_w.l(libinit2.o)
    0x0000032e   0x00000000   Code   RO          506    .ARM.Collect$$libinit$$0000000D  c_w.l(libinit2.o)
    0x0000032e   0x0000000c   Code   RO          507    .ARM.Collect$$libinit$$0000000E  c_w.l(libinit2.o)
    0x0000033a   0x00000000   Code   RO          508    .ARM.Collect$$libinit$$0000000F  c_w.l(libinit2.o)
    0x0000033a   0x00000000   Code   RO          510    .ARM.Collect$$libinit$$00000011  c_w.l(libinit2.o)
    0x0000033a   0x00000000   Code   RO          512    .ARM.Collect$$libinit$$00000013  c_w.l(libinit2.o)
    0x0000033a   0x00000000   Code   RO          514    .ARM.Collect$$libinit$$00000015  c_w.l(libinit2.o)
    0x0000033a   0x00000000   Code   RO          516    .ARM.Collect$$libinit$$00000017  c_w.l(libinit2.o)
    0x0000033a   0x00000000   Code   RO          518    .ARM.Collect$$libinit$$00000019  c_w.l(libinit2.o)
    0x0000033a   0x00000000   Code   RO          520    .ARM.Collect$$libinit$$0000001B  c_w.l(libinit2.o)
    0x0000033a   0x00000000   Code   RO          522    .ARM.Collect$$libinit$$0000001D  c_w.l(libinit2.o)
    0x0000033a   0x00000000   Code   RO          524    .ARM.Collect$$libinit$$0000001F  c_w.l(libinit2.o)
    0x0000033a   0x00000000   Code   RO          526    .ARM.Collect$$libinit$$00000021  c_w.l(libinit2.o)
    0x0000033a   0x00000000   Code   RO          530    .ARM.Collect$$libinit$$00000028  c_w.l(libinit2.o)
    0x0000033a   0x00000000   Code   RO          532    .ARM.Collect$$libinit$$0000002A  c_w.l(libinit2.o)
    0x0000033a   0x00000000   Code   RO          534    .ARM.Collect$$libinit$$0000002C  c_w.l(libinit2.o)
    0x0000033a   0x00000000   Code   RO          536    .ARM.Collect$$libinit$$0000002E  c_w.l(libinit2.o)
    0x0000033a   0x00000002   Code   RO          537    .ARM.Collect$$libinit$$0000002F  c_w.l(libinit2.o)
    0x0000033c   0x00000002   Code   RO          572    .ARM.Collect$$libshutdown$$00000000  c_w.l(libshutdown.o)
    0x0000033e   0x00000000   Code   RO          584    .ARM.Collect$$libshutdown$$00000003  c_w.l(libshutdown2.o)
    0x0000033e   0x00000000   Code   RO          587    .ARM.Collect$$libshutdown$$00000006  c_w.l(libshutdown2.o)
    0x0000033e   0x00000000   Code   RO          590    .ARM.Collect$$libshutdown$$00000009  c_w.l(libshutdown2.o)
    0x0000033e   0x00000000   Code   RO          592    .ARM.Collect$$libshutdown$$0000000B  c_w.l(libshutdown2.o)
    0x0000033e   0x00000000   Code   RO          595    .ARM.Collect$$libshutdown$$0000000E  c_w.l(libshutdown2.o)
    0x0000033e   0x00000002   Code   RO          596    .ARM.Collect$$libshutdown$$0000000F  c_w.l(libshutdown2.o)
    0x00000340   0x00000000   Code   RO          426    .ARM.Collect$$rtentry$$00000000  c_w.l(rtentry.o)
    0x00000340   0x00000000   Code   RO          453    .ARM.Collect$$rtentry$$00000002  c_w.l(rtentry2.o)
    0x00000340   0x00000006   Code   RO          465    .ARM.Collect$$rtentry$$00000004  c_w.l(rtentry4.o)
    0x00000346   0x00000000   Code   RO          455    .ARM.Collect$$rtentry$$00000009  c_w.l(rtentry2.o)
    0x00000346   0x00000004   Code   RO          456    .ARM.Collect$$rtentry$$0000000A  c_w.l(rtentry2.o)
    0x0000034a   0x00000000   Code   RO          458    .ARM.Collect$$rtentry$$0000000C  c_w.l(rtentry2.o)
    0x0000034a   0x00000008   Code   RO          459    .ARM.Collect$$rtentry$$0000000D  c_w.l(rtentry2.o)
    0x00000352   0x00000002   Code   RO          538    .ARM.Collect$$rtexit$$00000000  c_w.l(rtexit.o)
    0x00000354   0x00000000   Code   RO          545    .ARM.Collect$$rtexit$$00000002  c_w.l(rtexit2.o)
    0x00000354   0x00000004   Code   RO          546    .ARM.Collect$$rtexit$$00000003  c_w.l(rtexit2.o)
    0x00000358   0x00000006   Code   RO          547    .ARM.Collect$$rtexit$$00000004  c_w.l(rtexit2.o)
    0x0000035e   0x00000002   PAD
    0x00000360   0x00000026   Code   RO          108    .emb_text           cpu.o
    0x00000386   0x00000002   PAD
    0x00000388   0x00000006   Code   RO          121    .emb_text           sysctl.o
    0x0000038e   0x00000002   PAD
    0x00000390   0x00000018   Code   RO            4    .text               startup.o
    0x000003a8   0x000000bc   Code   RO           11    .text               main.o
    0x00000464   0x00000910   Code   RO          122    .text               sysctl.o
    0x00000d74   0x000002ac   Code   RO          151    .text               uart.o
    0x00001020   0x00000604   Code   RO          169    .text               gpio.o
    0x00001624   0x00000254   Code   RO          186    .text               interrupt.o
    0x00001878   0x00000124   Code   RO          201    .text               ssi.o
    0x0000199c   0x0000027c   Code   RO          221    .text               timer.o
    0x00001c18   0x00000f80   Code   RO          238    .text               atcmdlib.o
    0x00002b98   0x000001e8   Code   RO          267    .text               gp_cmd.o
    0x00002d80   0x000003b0   Code   RO          283    .text               rit128x96x4.o
    0x00003130   0x000001b0   Code   RO          301    .text               util_uart.o
    0x000032e0   0x00000064   Code   RO          341    .text               util_timer.o
    0x00003344   0x0000001a   Code   RO          367    .text               c_w.l(tolower.o)
    0x0000335e   0x00000002   PAD
    0x00003360   0x00000028   Code   RO          371    .text               c_w.l(noretval__2sprintf.o)
    0x00003388   0x00000052   Code   RO          375    .text               c_w.l(_printf_pad.o)
    0x000033da   0x00000052   Code   RO          377    .text               c_w.l(_printf_str.o)
    0x0000342c   0x00000078   Code   RO          379    .text               c_w.l(_printf_dec.o)
    0x000034a4   0x0000010e   Code   RO          389    .text               c_w.l(__printf_wp.o)
    0x000035b2   0x0000001a   Code   RO          405    .text               c_w.l(atoi.o)
    0x000035cc   0x0000000c   Code   RO          407    .text               c_w.l(strtok.o)
    0x000035d8   0x00000024   Code   RO          410    .text               c_w.l(strstr.o)
    0x000035fc   0x00000048   Code   RO          412    .text               c_w.l(strcpy.o)
    0x00003644   0x0000003e   Code   RO          414    .text               c_w.l(strlen.o)
    0x00003682   0x0000008a   Code   RO          416    .text               c_w.l(rt_memcpy_v6.o)
    0x0000370c   0x00000064   Code   RO          418    .text               c_w.l(rt_memcpy_w.o)
    0x00003770   0x00000044   Code   RO          420    .text               c_w.l(rt_memclr.o)
    0x000037b4   0x00000006   Code   RO          422    .text               c_w.l(heapauxi.o)
    0x000037ba   0x00000002   PAD
    0x000037bc   0x00000010   Code   RO          427    .text               c_w.l(rt_ctype_table.o)
    0x000037cc   0x00000008   Code   RO          432    .text               c_w.l(rt_errno_addr_intlibspace.o)
    0x000037d4   0x000000b8   Code   RO          434    .text               c_w.l(_printf_intcommon.o)
    0x0000388c   0x00000030   Code   RO          436    .text               c_w.l(_printf_char_common.o)
    0x000038bc   0x0000000a   Code   RO          438    .text               c_w.l(_sputc.o)
    0x000038c6   0x0000002c   Code   RO          440    .text               c_w.l(_printf_char.o)
    0x000038f2   0x00000070   Code   RO          443    .text               c_w.l(strtol.o)
    0x00003962   0x00000002   PAD
    0x00003964   0x00000044   Code   RO          445    .text               c_w.l(strtok_int.o)
    0x000039a8   0x0000004e   Code   RO          447    .text               c_w.l(rt_memclr_w.o)
    0x000039f6   0x00000002   PAD
    0x000039f8   0x00000008   Code   RO          449    .text               c_w.l(libspace.o)
    0x00003a00   0x00000008   Code   RO          470    .text               c_w.l(rt_locale_intlibspace.o)
    0x00003a08   0x0000009e   Code   RO          474    .text               c_w.l(_strtoul.o)
    0x00003aa6   0x00000020   Code   RO          479    .text               c_w.l(strcspn.o)
    0x00003ac6   0x0000001c   Code   RO          481    .text               c_w.l(strspn.o)
    0x00003ae2   0x0000004a   Code   RO          483    .text               c_w.l(sys_stackheap_outer.o)
    0x00003b2c   0x0000001c   Code   RO          485    .text               c_w.l(_chval.o)
    0x00003b48   0x0000000c   Code   RO          487    .text               c_w.l(exit.o)
    0x00003b54   0x00000080   Code   RO          489    .text               c_w.l(strcmpv7m.o)
    0x00003bd4   0x00000008   Code   RO          554    .text               c_w.l(rt_fp_status_addr_intlibspace.o)
    0x00003bdc   0x0000000c   Code   RO          562    .text               c_w.l(sys_exit.o)
    0x00003be8   0x00000002   Code   RO          573    .text               c_w.l(use_no_semi.o)
    0x00003bea   0x00000000   Code   RO          575    .text               c_w.l(indicate_semi.o)
    0x00003bea   0x0000000e   Code   RO          391    i._is_digit         c_w.l(__printf_wp.o)
    0x00003bf8   0x0000002c   Code   RO          477    locale$$code        c_w.l(lc_ctype_c.o)
    0x00003c24   0x0000000e   Code   RO          542    x$fpl$fpinit        fz_ws.l(fpinit.o)
    0x00003c32   0x00000002   PAD
    0x00003c34   0x000001c4   Data   RO          123    .constdata          sysctl.o
    0x00003df8   0x00000040   Data   RO          152    .constdata          uart.o
    0x00003e38   0x00000078   Data   RO          170    .constdata          gpio.o
    0x00003eb0   0x00000104   Data   RO          187    .constdata          interrupt.o
    0x00003fb4   0x00000020   Data   RO          202    .constdata          ssi.o
    0x00003fd4   0x00000060   Data   RO          222    .constdata          timer.o
    0x00004034   0x00000014   Data   RO          240    .constdata          atcmdlib.o
    0x00004048   0x0000023b   Data   RO          284    .constdata          rit128x96x4.o
    0x00004283   0x00000001   PAD
    0x00004284   0x00000020   Data   RO          621    Region$$Table       anon$$obj.o
    0x000042a4   0x00000110   Data   RO          476    locale$$data        c_w.l(lc_ctype_c.o)


    Execution Region RW_IRAM1 (Base: 0x20000000, Size: 0x00001250, Max: 0x00010000, ABSOLUTE, COMPRESSED[0x00000014])

    Base Addr    Size         Type   Attr      Idx    E Section Name        Object

    0x20000000   0x00000018   Data   RW          241    .data               atcmdlib.o
    0x20000018   0x00000002   Data   RW          268    .data               gp_cmd.o
    0x2000001a   0x00000002   PAD
    0x2000001c   0x0000000c   Data   RW          285    .data               rit128x96x4.o
    0x20000028   0x00000004   Data   RW          408    .data               c_w.l(strtok.o)
    0x2000002c   0x000003d4   PAD
    0x20000400   0x0000026c   Data   RW          188    vtable              interrupt.o
    0x2000066c   0x00000880   Zero   RW          239    .bss                atcmdlib.o
    0x20000eec   0x00000204   Zero   RW          302    .bss                util_uart.o
    0x200010f0   0x00000060   Zero   RW          450    .bss                c_w.l(libspace.o)
    0x20001150   0x00000000   Zero   RW            2    HEAP                startup.o
    0x20001150   0x00000100   Zero   RW            1    STACK               startup.o


==============================================================================

Image component sizes


      Code (inc. data)   RO Data    RW Data    ZI Data      Debug   Object Name

      3968       1282         20         24       2176      26665   atcmdlib.o
        38          0          0          0          0        508   cpu.o
       488         84          0          2          0       2447   gp_cmd.o
      1540         44        120          0          0      12073   gpio.o
       596         22        260        620          0       4389   interrupt.o
       188         72          0          0          0       9540   main.o
       944         30        571         12          0       4378   rit128x96x4.o
       292          4         32          0          0       5135   ssi.o
       656        636          0          0        256        396   startup.o
      2326        136        452          0          0      11907   sysctl.o
       636          4         96          0          0       8059   timer.o
       684          4         64          0          0      10170   uart.o
       100         10          0          0          0        649   util_timer.o
       432         34          0          0        516       2275   util_uart.o

    ----------------------------------------------------------------------
     12892       2362       1648        660       2948      98591   Object Totals
         0          0         32          0          0          0   (incl. Generated)
         4          0          1          2          0          0   (incl. Padding)

    ----------------------------------------------------------------------

      Code (inc. data)   RO Data    RW Data    ZI Data      Debug   Library Member Name

        58          0          0          0          0          0   __dczerorl.o
         8          0          0          0          0         68   __main.o
       284          0          0          0          0        156   __printf_wp.o
        52          8          0          0          0          0   __scatter.o
        28          0          0          0          0          0   __scatter_zi.o
        28          0          0          0          0         68   _chval.o
         6          0          0          0          0          0   _printf_c.o
        44          0          0          0          0        108   _printf_char.o
        48          6          0          0          0         96   _printf_char_common.o
         6          0          0          0          0          0   _printf_d.o
       120         18          0          0          0         92   _printf_dec.o
       184          0          0          0          0         88   _printf_intcommon.o
        82          0          0          0          0        108   _printf_pad.o
         0          0          0          0          0          0   _printf_percent.o
         4          0          0          0          0          0   _printf_percent_end.o
         6          0          0          0          0          0   _printf_s.o
        82          0          0          0          0         80   _printf_str.o
        10          0          0          0          0         68   _sputc.o
       158          0          0          0          0         92   _strtoul.o
        26          0          0          0          0         80   atoi.o
        12          0          0          0          0         72   exit.o
         6          0          0          0          0        152   heapauxi.o
         0          0          0          0          0          0   indicate_semi.o
        44         10        272          0          0         76   lc_ctype_c.o
         6          0          0          0          0          0   libinit.o
        20          0          0          0          0          0   libinit2.o
         2          0          0          0          0          0   libshutdown.o
         2          0          0          0          0          0   libshutdown2.o
         8          4          0          0         96         68   libspace.o
        40          6          0          0          0         84   noretval__2sprintf.o
        16          4          0          0          0         76   rt_ctype_table.o
         8          4          0          0          0         68   rt_errno_addr_intlibspace.o
         8          4          0          0          0         68   rt_fp_status_addr_intlibspace.o
         8          4          0          0          0         68   rt_locale_intlibspace.o
        68          0          0          0          0         68   rt_memclr.o
        78          0          0          0          0         80   rt_memclr_w.o
       138          0          0          0          0         68   rt_memcpy_v6.o
       100          0          0          0          0         80   rt_memcpy_w.o
         0          0          0          0          0          0   rtentry.o
        12          0          0          0          0          0   rtentry2.o
         6          0          0          0          0          0   rtentry4.o
         2          0          0          0          0          0   rtexit.o
        10          0          0          0          0          0   rtexit2.o
       128          0          0          0          0         68   strcmpv7m.o
        72          0          0          0          0         80   strcpy.o
        32          0          0          0          0         80   strcspn.o
        62          0          0          0          0         76   strlen.o
        28          0          0          0          0         80   strspn.o
        36          0          0          0          0         80   strstr.o
        12          6          0          4          0         68   strtok.o
        68          4          0          0          0         84   strtok_int.o
       112          0          0          0          0         88   strtol.o
        12          4          0          0          0         68   sys_exit.o
        74          0          0          0          0         80   sys_stackheap_outer.o
        26          0          0          0          0         76   tolower.o
         2          0          0          0          0         68   use_no_semi.o
        14          0          0          0          0         76   fpinit.o

    ----------------------------------------------------------------------
      2520         82        272        984         96       3204   Library Totals
        14          0          0        980          0          0   (incl. Padding)

    ----------------------------------------------------------------------

      Code (inc. data)   RO Data    RW Data    ZI Data      Debug   Library Name

      2492         82        272          4         96       3128   c_w.l
        14          0          0          0          0         76   fz_ws.l

    ----------------------------------------------------------------------
      2520         82        272        984         96       3204   Library Totals

    ----------------------------------------------------------------------

==============================================================================


      Code (inc. data)   RO Data    RW Data    ZI Data      Debug   

     15412       2444       1920       1644       3044      98051   Grand Totals
     15412       2444       1920         20       3044      98051   ELF Image Totals (compressed)
     15412       2444       1920         20          0          0   ROM Totals

==============================================================================

    Total RO  Size (Code + RO Data)                17332 (  16.93kB)
    Total RW  Size (RW Data + ZI Data)              4688 (   4.58kB)
    Total ROM Size (Code + RO Data + RW Data)      17352 (  16.95kB)

==============================================================================

