Archive member included because of file (symbol)

c:/program files/atmel/atmel studio 6.0/extensions/atmel/avrgcc/3.4.0.65/avrtoolchain/bin/../lib/gcc/avr/4.6.2/avrxmega6\libgcc.a(_mulsi3.o)
                              app.o (__mulsi3)
c:/program files/atmel/atmel studio 6.0/extensions/atmel/avrgcc/3.4.0.65/avrtoolchain/bin/../lib/gcc/avr/4.6.2/avrxmega6\libgcc.a(_udivmodsi4.o)
                              app.o (__udivmodsi4)
c:/program files/atmel/atmel studio 6.0/extensions/atmel/avrgcc/3.4.0.65/avrtoolchain/bin/../lib/gcc/avr/4.6.2/avrxmega6\libgcc.a(_exit.o)
                              c:/program files/atmel/atmel studio 6.0/extensions/atmel/avrgcc/3.4.0.65/avrtoolchain/bin/../lib/gcc/avr/4.6.2/../../../../avr/lib/avrxmega6/crtx128d4.o (exit)
c:/program files/atmel/atmel studio 6.0/extensions/atmel/avrgcc/3.4.0.65/avrtoolchain/bin/../lib/gcc/avr/4.6.2/avrxmega6\libgcc.a(_copy_data.o)
                              app.o (__do_copy_data)
c:/program files/atmel/atmel studio 6.0/extensions/atmel/avrgcc/3.4.0.65/avrtoolchain/bin/../lib/gcc/avr/4.6.2/avrxmega6\libgcc.a(_clear_bss.o)
                              app.o (__do_clear_bss)
c:/program files/atmel/atmel studio 6.0/extensions/atmel/avrgcc/3.4.0.65/avrtoolchain/bin/../lib/gcc/avr/4.6.2/../../../../avr/lib/avrxmega6\libc.a(vsprintf.o)
                              BSP/bsp.o (vsprintf)
c:/program files/atmel/atmel studio 6.0/extensions/atmel/avrgcc/3.4.0.65/avrtoolchain/bin/../lib/gcc/avr/4.6.2/../../../../avr/lib/avrxmega6\libc.a(vfprintf_std.o)
                              c:/program files/atmel/atmel studio 6.0/extensions/atmel/avrgcc/3.4.0.65/avrtoolchain/bin/../lib/gcc/avr/4.6.2/../../../../avr/lib/avrxmega6\libc.a(vsprintf.o) (vfprintf)
c:/program files/atmel/atmel studio 6.0/extensions/atmel/avrgcc/3.4.0.65/avrtoolchain/bin/../lib/gcc/avr/4.6.2/../../../../avr/lib/avrxmega6\libc.a(strnlen_P.o)
                              c:/program files/atmel/atmel studio 6.0/extensions/atmel/avrgcc/3.4.0.65/avrtoolchain/bin/../lib/gcc/avr/4.6.2/../../../../avr/lib/avrxmega6\libc.a(vfprintf_std.o) (strnlen_P)
c:/program files/atmel/atmel studio 6.0/extensions/atmel/avrgcc/3.4.0.65/avrtoolchain/bin/../lib/gcc/avr/4.6.2/../../../../avr/lib/avrxmega6\libc.a(strnlen.o)
                              c:/program files/atmel/atmel studio 6.0/extensions/atmel/avrgcc/3.4.0.65/avrtoolchain/bin/../lib/gcc/avr/4.6.2/../../../../avr/lib/avrxmega6\libc.a(vfprintf_std.o) (strnlen)
c:/program files/atmel/atmel studio 6.0/extensions/atmel/avrgcc/3.4.0.65/avrtoolchain/bin/../lib/gcc/avr/4.6.2/../../../../avr/lib/avrxmega6\libc.a(fputc.o)
                              c:/program files/atmel/atmel studio 6.0/extensions/atmel/avrgcc/3.4.0.65/avrtoolchain/bin/../lib/gcc/avr/4.6.2/../../../../avr/lib/avrxmega6\libc.a(vfprintf_std.o) (fputc)
c:/program files/atmel/atmel studio 6.0/extensions/atmel/avrgcc/3.4.0.65/avrtoolchain/bin/../lib/gcc/avr/4.6.2/../../../../avr/lib/avrxmega6\libc.a(ultoa_invert.o)
                              c:/program files/atmel/atmel studio 6.0/extensions/atmel/avrgcc/3.4.0.65/avrtoolchain/bin/../lib/gcc/avr/4.6.2/../../../../avr/lib/avrxmega6\libc.a(vfprintf_std.o) (__ultoa_invert)

Allocating common symbols
Common symbol       size              file

OSTmrFreeList       0x2               uCOS-II/source/os_core.o
OSTmrWheelTbl       0x20              uCOS-II/source/os_core.o
OSLockNesting       0x1               uCOS-II/source/os_core.o
OSTmrSemSignal      0x2               uCOS-II/source/os_core.o
OSRunning           0x1               uCOS-II/source/os_core.o
OSTaskStkSize       0x2               uCOS-II/os_cpu_c.o
OSIdleCtr           0x4               uCOS-II/source/os_core.o
OSTmrUsed           0x2               uCOS-II/source/os_core.o
OSPrioHighRdy       0x1               uCOS-II/source/os_core.o
OSFlagTbl           0x69              uCOS-II/source/os_core.o
OSTmrTbl            0x270             uCOS-II/source/os_core.o
OSPrioCur           0x1               uCOS-II/source/os_core.o
OSTaskStkSizeHard   0x2               uCOS-II/os_cpu_c.o
OSTCBList           0x2               uCOS-II/source/os_core.o
OSTickStepState     0x1               uCOS-II/source/os_core.o
OSTaskStatStk       0x168             uCOS-II/source/os_core.o
OSCtxSwCtr          0x4               uCOS-II/source/os_core.o
OSTmrFree           0x2               uCOS-II/source/os_core.o
OSIdleCtrMax        0x4               uCOS-II/source/os_core.o
OSTCBFreeList       0x2               uCOS-II/source/os_core.o
OSCPUUsage          0x1               uCOS-II/source/os_core.o
OSTaskCtr           0x1               uCOS-II/source/os_core.o
OSQTbl              0x38              uCOS-II/source/os_core.o
OSTCBHighRdy        0x2               uCOS-II/source/os_core.o
OSQFreeList         0x2               uCOS-II/source/os_core.o
OSRdyGrp            0x1               uCOS-II/source/os_core.o
OSRdyTbl            0x8               uCOS-II/source/os_core.o
OSTmrTaskStk        0x168             uCOS-II/source/os_core.o
OSEventFreeList     0x2               uCOS-II/source/os_core.o
OSIntNesting        0x1               uCOS-II/source/os_core.o
OSTCBCur            0x2               uCOS-II/source/os_core.o
OSTmrTime           0x4               uCOS-II/source/os_core.o
OSTime              0x4               uCOS-II/source/os_core.o
OSTmrSem            0x2               uCOS-II/source/os_core.o
OSTaskIdleStk       0x168             uCOS-II/source/os_core.o
OSEventTbl          0x12c             uCOS-II/source/os_core.o
OSTCBTbl            0x4c8             uCOS-II/source/os_core.o
OSFlagFreeList      0x2               uCOS-II/source/os_core.o
OSStatRdy           0x1               uCOS-II/source/os_core.o
OSTCBPrioTbl        0x80              uCOS-II/source/os_core.o
OSIdleCtrRun        0x4               uCOS-II/source/os_core.o

Memory Configuration

Name             Origin             Length             Attributes
text             0x00000000         0x00100000         xr
data             0x00802000         0x0000ffa0         rw !x
eeprom           0x00810000         0x00010000         rw !x
fuse             0x00820000         0x00000400         rw !x
lock             0x00830000         0x00000400         rw !x
signature        0x00840000         0x00000400         rw !x
*default*        0x00000000         0xffffffff

Linker script and memory map

LOAD c:/program files/atmel/atmel studio 6.0/extensions/atmel/avrgcc/3.4.0.65/avrtoolchain/bin/../lib/gcc/avr/4.6.2/../../../../avr/lib/avrxmega6/crtx128d4.o
LOAD app.o
LOAD app_vect.o
LOAD BSP/bsp.o
LOAD BSP/bsp_isr.o
LOAD uC-CPU/cpu_a.o
LOAD uC-LIB/lib_ascii.o
LOAD uC-LIB/lib_mem.o
LOAD uC-LIB/lib_str.o
LOAD uCOS-II/os_cpu_a.o
LOAD uCOS-II/os_cpu_c.o
LOAD uCOS-II/os_dbg.o
LOAD uCOS-II/source/os_core.o
LOAD uCOS-II/source/os_flag.o
LOAD uCOS-II/source/os_mbox.o
LOAD uCOS-II/source/os_mem.o
LOAD uCOS-II/source/os_mutex.o
LOAD uCOS-II/source/os_q.o
LOAD uCOS-II/source/os_sem.o
LOAD uCOS-II/source/os_task.o
LOAD uCOS-II/source/os_time.o
LOAD uCOS-II/source/os_tmr.o
START GROUP
LOAD c:/program files/atmel/atmel studio 6.0/extensions/atmel/avrgcc/3.4.0.65/avrtoolchain/bin/../lib/gcc/avr/4.6.2/../../../../avr/lib/avrxmega6\libm.a
END GROUP
LOAD c:/program files/atmel/atmel studio 6.0/extensions/atmel/avrgcc/3.4.0.65/avrtoolchain/bin/../lib/gcc/avr/4.6.2/avrxmega6\libgcc.a
LOAD c:/program files/atmel/atmel studio 6.0/extensions/atmel/avrgcc/3.4.0.65/avrtoolchain/bin/../lib/gcc/avr/4.6.2/../../../../avr/lib/avrxmega6\libc.a
LOAD c:/program files/atmel/atmel studio 6.0/extensions/atmel/avrgcc/3.4.0.65/avrtoolchain/bin/../lib/gcc/avr/4.6.2/avrxmega6\libgcc.a

.hash
 *(.hash)

.dynsym
 *(.dynsym)

.dynstr
 *(.dynstr)

.gnu.version
 *(.gnu.version)

.gnu.version_d
 *(.gnu.version_d)

.gnu.version_r
 *(.gnu.version_r)

.rel.init
 *(.rel.init)

.rela.init
 *(.rela.init)

.rel.text
 *(.rel.text)
 *(.rel.text.*)
 *(.rel.gnu.linkonce.t*)

.rela.text
 *(.rela.text)
 *(.rela.text.*)
 *(.rela.gnu.linkonce.t*)

.rel.fini
 *(.rel.fini)

.rela.fini
 *(.rela.fini)

.rel.rodata
 *(.rel.rodata)
 *(.rel.rodata.*)
 *(.rel.gnu.linkonce.r*)

.rela.rodata
 *(.rela.rodata)
 *(.rela.rodata.*)
 *(.rela.gnu.linkonce.r*)

.rel.data
 *(.rel.data)
 *(.rel.data.*)
 *(.rel.gnu.linkonce.d*)

.rela.data
 *(.rela.data)
 *(.rela.data.*)
 *(.rela.gnu.linkonce.d*)

.rel.ctors
 *(.rel.ctors)

.rela.ctors
 *(.rela.ctors)

.rel.dtors
 *(.rel.dtors)

.rela.dtors
 *(.rela.dtors)

.rel.got
 *(.rel.got)

.rela.got
 *(.rela.got)

.rel.bss
 *(.rel.bss)

.rela.bss
 *(.rela.bss)

.rel.plt
 *(.rel.plt)

.rela.plt
 *(.rela.plt)

.text           0x00000000     0xb3f6
 *(.vectors)
 .vectors       0x00000000      0x16c c:/program files/atmel/atmel studio 6.0/extensions/atmel/avrgcc/3.4.0.65/avrtoolchain/bin/../lib/gcc/avr/4.6.2/../../../../avr/lib/avrxmega6/crtx128d4.o
                0x00000000                __vector_default
                0x00000000                __vectors
 .vectors       0x0000016c      0x1f0 app_vect.o
                0x0000016c                __vector_1
                0x00000170                __vector_2
                0x00000174                __vector_3
                0x00000178                __vector_4
                0x0000017c                __vector_5
                0x00000180                __vector_6
                0x00000184                __vector_7
                0x00000188                __vector_8
                0x0000018c                __vector_9
                0x00000190                __vector_10
                0x00000194                __vector_11
                0x00000198                __vector_12
                0x0000019c                __vector_13
                0x000001a0                __vector_14
                0x000001a4                __vector_15
                0x000001a8                __vector_16
                0x000001ac                __vector_17
                0x000001b0                __vector_18
                0x000001b4                __vector_19
                0x000001b8                __vector_20
                0x000001bc                __vector_21
                0x000001c0                __vector_22
                0x000001c4                __vector_23
                0x000001c8                __vector_24
                0x000001cc                __vector_25
                0x000001d0                __vector_26
                0x000001d4                __vector_27
                0x000001d8                __vector_28
                0x000001dc                __vector_29
                0x000001e0                __vector_30
                0x000001e4                __vector_31
                0x000001e8                __vector_32
                0x000001ec                __vector_33
                0x000001f0                __vector_34
                0x000001f4                __vector_35
                0x000001f8                __vector_36
                0x000001fc                __vector_37
                0x00000200                __vector_38
                0x00000204                __vector_39
                0x00000208                __vector_40
                0x0000020c                __vector_41
                0x00000210                __vector_42
                0x00000214                __vector_43
                0x00000218                __vector_44
                0x0000021c                __vector_45
                0x00000220                __vector_46
                0x00000224                __vector_47
                0x00000228                __vector_48
                0x0000022c                __vector_49
                0x00000230                __vector_50
                0x00000234                __vector_51
                0x00000238                __vector_52
                0x0000023c                __vector_53
                0x00000240                __vector_54
                0x00000244                __vector_55
                0x00000248                __vector_56
                0x0000024c                __vector_57
                0x00000250                __vector_58
                0x00000254                __vector_59
                0x00000258                __vector_60
                0x0000025c                __vector_61
                0x00000260                __vector_62
                0x00000264                __vector_63
                0x00000268                __vector_64
                0x0000026c                __vector_65
                0x00000270                __vector_66
                0x00000274                __vector_67
                0x00000278                __vector_68
                0x0000027c                __vector_69
                0x00000280                __vector_70
                0x00000284                __vector_71
                0x00000288                __vector_72
                0x0000028c                __vector_73
                0x00000290                __vector_74
                0x00000294                __vector_75
                0x00000298                __vector_76
                0x0000029c                __vector_77
                0x000002a0                __vector_78
                0x000002a4                __vector_79
                0x000002a8                __vector_80
                0x000002ac                __vector_81
                0x000002b0                __vector_82
                0x000002b4                __vector_83
                0x000002b8                __vector_84
                0x000002bc                __vector_85
                0x000002c0                __vector_86
                0x000002c4                __vector_87
                0x000002c8                __vector_88
                0x000002cc                __vector_89
                0x000002d0                __vector_90
                0x000002d4                __vector_91
                0x000002d8                __vector_92
                0x000002dc                __vector_93
                0x000002e0                __vector_94
                0x000002e4                __vector_95
                0x000002e8                __vector_96
                0x000002ec                __vector_97
                0x000002f0                __vector_98
                0x000002f4                __vector_99
                0x000002f8                __vector_100
                0x000002fc                __vector_101
                0x00000300                __vector_102
                0x00000304                __vector_103
                0x00000308                __vector_104
                0x0000030c                __vector_105
                0x00000310                __vector_106
                0x00000314                __vector_107
                0x00000318                __vector_108
                0x0000031c                __vector_109
                0x00000320                __vector_110
                0x00000324                __vector_111
                0x00000328                __vector_112
                0x0000032c                __vector_113
                0x00000330                __vector_114
                0x00000334                __vector_115
                0x00000338                __vector_116
                0x0000033c                __vector_117
                0x00000340                __vector_118
                0x00000344                __vector_119
                0x00000348                __vector_120
                0x0000034c                __vector_121
                0x00000350                __vector_122
                0x00000354                __vector_123
                0x00000358                __vector_124
 *(.vectors)
 *(.progmem.gcc*)
 *(.progmem*)
                0x0000035c                . = ALIGN (0x2)
                0x0000035c                __trampolines_start = .
 *(.trampolines)
 .trampolines   0x0000035c        0x0 linker stubs
 *(.trampolines*)
                0x0000035c                __trampolines_end = .
 *(.jumptables)
 *(.jumptables*)
 *(.lowtext)
 *(.lowtext*)
                0x0000035c                __ctors_start = .
 *(.ctors)
                0x0000035c                __ctors_end = .
                0x0000035c                __dtors_start = .
 *(.dtors)
                0x0000035c                __dtors_end = .
 SORT(*)(.ctors)
 SORT(*)(.dtors)
 *(.init0)
 .init0         0x0000035c        0x0 c:/program files/atmel/atmel studio 6.0/extensions/atmel/avrgcc/3.4.0.65/avrtoolchain/bin/../lib/gcc/avr/4.6.2/../../../../avr/lib/avrxmega6/crtx128d4.o
                0x0000035c                __init
 *(.init0)
 *(.init1)
 *(.init1)
 *(.init2)
 .init2         0x0000035c       0x10 c:/program files/atmel/atmel studio 6.0/extensions/atmel/avrgcc/3.4.0.65/avrtoolchain/bin/../lib/gcc/avr/4.6.2/../../../../avr/lib/avrxmega6/crtx128d4.o
 *(.init2)
 *(.init3)
 *(.init3)
 *(.init4)
 .init4         0x0000036c       0x1a c:/program files/atmel/atmel studio 6.0/extensions/atmel/avrgcc/3.4.0.65/avrtoolchain/bin/../lib/gcc/avr/4.6.2/avrxmega6\libgcc.a(_copy_data.o)
                0x0000036c                __do_copy_data
 .init4         0x00000386       0x10 c:/program files/atmel/atmel studio 6.0/extensions/atmel/avrgcc/3.4.0.65/avrtoolchain/bin/../lib/gcc/avr/4.6.2/avrxmega6\libgcc.a(_clear_bss.o)
                0x00000386                __do_clear_bss
 *(.init4)
 *(.init5)
 *(.init5)
 *(.init6)
 *(.init6)
 *(.init7)
 *(.init7)
 *(.init8)
 *(.init8)
 *(.init9)
 .init9         0x00000396        0x8 c:/program files/atmel/atmel studio 6.0/extensions/atmel/avrgcc/3.4.0.65/avrtoolchain/bin/../lib/gcc/avr/4.6.2/../../../../avr/lib/avrxmega6/crtx128d4.o
 *(.init9)
 *(.text)
 .text          0x0000039e        0x4 c:/program files/atmel/atmel studio 6.0/extensions/atmel/avrgcc/3.4.0.65/avrtoolchain/bin/../lib/gcc/avr/4.6.2/../../../../avr/lib/avrxmega6/crtx128d4.o
                0x0000039e                __bad_interrupt
 .text          0x000003a2      0x81c app.o
                0x000003a2                main
                0x00000b38                App_TaskCreateHook
                0x00000b52                App_TaskDelHook
                0x00000b6c                App_TaskIdleHook
                0x00000b7a                App_TaskStatHook
                0x00000b88                App_TaskSwHook
                0x00000b96                App_TCBInitHook
                0x00000bb0                App_TimeTickHook
 .text          0x00000bbe        0x0 app_vect.o
 .text          0x00000bbe      0xe24 BSP/bsp.o
                0x00000bbe                BSP_Init
                0x00000bdc                BSP_IntDisAll
                0x00000bf2                BSP_CPU_ClkFreq
                0x00000c28                BSP_PLL_FreqGet
                0x00000c90                BSP_PLL_FreqSet
                0x00000d66                BSP_PLL_SrcGet
                0x00000db6                BSP_PLL_SrcGetFreq
                0x00000e30                BSP_PLL_SrcSet
                0x00000e92                BSP_SysClk_DevSetPre
                0x00000eec                BSP_SysClk_DevGetFreq
                0x000010b2                BSP_SysClk_FreqGet
                0x0000116e                BSP_SysClk_SrcEn
                0x00001244                BSP_SysClk_SrcSet
                0x000012b4                BSP_SysClk_SrcGet
                0x00001326                BSP_XOSC_SrcSet
                0x000013ac                BSP_XOSC_SrcGet
                0x00001414                BSP_XOSC_FreqGet
                0x0000145e                BSP_LED_On
                0x000014a8                BSP_LED_Off
                0x000014f2                BSP_LED_Toggle
                0x0000153c                BSP_PB_GetStatus
                0x00001586                BSP_Ser_Init
                0x0000165a                BSP_Ser_WrByte
                0x0000169a                BSP_Ser_RdByte
                0x000016da                BSP_Ser_WrStr
                0x0000171a                BSP_Ser_RdStr
                0x00001846                BSP_Ser_Printf
                0x0000199a                BSP_TmrHandler
 .text          0x000019e2       0xda BSP/bsp_isr.o
                0x000019e2                BSP_TickISR
 .text          0x00001abc        0xa uC-CPU/cpu_a.o
                0x00001abc                CPU_SR_Save
                0x00001ac2                CPU_SR_Restore
 .text          0x00001ac6      0x4c2 uC-LIB/lib_ascii.o
                0x00001ac6                ASCII_IsAlpha
                0x00001b24                ASCII_IsAlnum
                0x00001bae                ASCII_IsLower
                0x00001be0                ASCII_IsUpper
                0x00001c12                ASCII_IsDig
                0x00001c44                ASCII_IsDigHex
                0x00001c8e                ASCII_IsBlank
                0x00001cc0                ASCII_IsSpace
                0x00001d0a                ASCII_IsPrint
                0x00001d3c                ASCII_IsGraph
                0x00001d6e                ASCII_IsPunct
                0x00001e56                ASCII_IsCtrl
                0x00001e8e                ASCII_ToLower
                0x00001ece                ASCII_ToUpper
                0x00001f0e                ASCII_Cmp
 .text          0x00001f88      0x3f4 uC-LIB/lib_mem.o
                0x00001f88                Mem_Init
                0x00001f96                Mem_Clr
                0x00001fbe                Mem_Set
                0x000020b0                Mem_Copy
                0x000021f6                Mem_Cmp
 .text          0x0000237c      0xc8e uC-LIB/lib_str.o
                0x0000237c                Str_Len
                0x000023c0                Str_Copy
                0x00002470                Str_Copy_N
                0x0000253e                Str_Cat
                0x0000261c                Str_Cat_N
                0x00002718                Str_Cmp
                0x00002896                Str_Cmp_N
                0x00002a40                Str_Char
                0x00002ad0                Str_Char_N
                0x00002b7e                Str_Char_Last
                0x00002c0e                Str_Str
                0x00002cf8                Str_FmtNbr_Int32U
                0x00002f14                Str_FmtNbr_Int32S
 .text          0x0000300a      0x1e8 uCOS-II/os_cpu_a.o
                0x0000300a                OS_CPU_SR_Save
                0x00003010                OS_CPU_SR_Restore
                0x00003014                OSStartHighRdy
                0x0000308c                OSCtxSw
                0x00003174                OSIntCtxSw
 .text          0x000031f2      0x4b8 uCOS-II/os_cpu_c.o
                0x000031f2                OSInitHookBegin
                0x00003208                OSInitHookEnd
                0x00003216                OSTaskCreateHook
                0x00003238                OSTaskDelHook
                0x0000325a                OSTaskIdleHook
                0x0000326c                OSTaskStatHook
                0x0000327e                OSTaskStkInit
                0x00003638                OSTaskSwHook
                0x0000364a                OSTCBInitHook
                0x0000366c                OSTimeTickHook
 .text          0x000036aa      0x18e uCOS-II/os_dbg.o
                0x000036aa                OSDebugInit
 .text          0x00003838     0x1ab6 uCOS-II/source/os_core.o
                0x00003838                OSEventNameGet
                0x000038c6                OSEventNameSet
                0x0000396c                OSEventPendMulti
                0x00003eb2                OSInit
                0x00003ef0                OSIntEnter
                0x00003f18                OSIntExit
                0x00003fe0                OSSchedLock
                0x00004022                OSSchedUnlock
                0x00004088                OSStart
                0x000040dc                OSStatInit
                0x0000414e                OSTimeTick
                0x000042f0                OSVersion
                0x00004302                OS_Dummy
                0x00004310                OS_EventTaskRdy
                0x0000445e                OS_EventTaskWait
                0x0000455c                OS_EventTaskWaitMulti
                0x000046a6                OS_EventTaskRemove
                0x00004744                OS_EventTaskRemoveMulti
                0x00004824                OS_EventWaitListInit
                0x00004bf4                OS_MemClr
                0x00004c3a                OS_MemCopy
                0x00004c96                OS_Sched
                0x00004d90                OS_StrCopy
                0x00004df6                OS_StrLen
                0x00004e32                OS_TaskIdle
                0x00004e7a                OS_TaskStat
                0x00004f78                OS_TaskStatStkChk
                0x00005020                OS_TCBInit
 .text          0x000052ee     0x10dc uCOS-II/source/os_flag.o
                0x000052ee                OSFlagAccept
                0x00005510                OSFlagCreate
                0x000055d4                OSFlagDel
                0x00005782                OSFlagNameGet
                0x0000580c                OSFlagNameSet
                0x000058ae                OSFlagPend
                0x00005cf8                OSFlagPendGetFlagsRdy
                0x00005d32                OSFlagPost
                0x00005fc8                OSFlagQuery
                0x0000619c                OS_FlagInit
                0x0000631c                OS_FlagUnlink
 .text          0x000063ca      0x738 uCOS-II/source/os_mbox.o
                0x000063ca                OSMboxAccept
                0x00006424                OSMboxCreate
                0x000064d4                OSMboxDel
                0x00006670                OSMboxPend
                0x00006824                OSMboxPendAbort
                0x000068ee                OSMboxPost
                0x00006982                OSMboxPostOpt
                0x00006a54                OSMboxQuery
 .text          0x00006b02        0x0 uCOS-II/source/os_mem.o
 .text          0x00006b02      0xcb6 uCOS-II/source/os_mutex.o
                0x00006b02                OSMutexAccept
                0x00006c16                OSMutexCreate
                0x00006d46                OSMutexDel
                0x00006f76                OSMutexPend
                0x00007404                OSMutexPost
                0x0000757e                OSMutexQuery
 .text          0x000077b8      0xd14 uCOS-II/source/os_q.o
                0x000077b8                OSQAccept
                0x000078a8                OSQCreate
                0x00007a1c                OSQDel
                0x00007c12                OSQFlush
                0x00007c80                OSQPend
                0x00007e9e                OSQPendAbort
                0x00007f68                OSQPost
                0x00008074                OSQPostFront
                0x0000818a                OSQPostOpt
                0x00008342                OSQQuery
                0x00008446                OS_QInit
 .text          0x000084cc      0x6e8 uCOS-II/source/os_sem.o
                0x000084cc                OSSemAccept
                0x0000853e                OSSemCreate
                0x000085ee                OSSemDel
                0x0000878a                OSSemPend
                0x0000890a                OSSemPendAbort
                0x000089d4                OSSemPost
                0x00008a6e                OSSemQuery
                0x00008b1c                OSSemSet
 .text          0x00008bb4      0xf82 uCOS-II/source/os_task.o
                0x00008bb4                OSTaskChangePrio
                0x00008f62                OSTaskCreate
                0x0000907c                OSTaskCreateExt
                0x000091cc                OSTaskDel
                0x0000943a                OSTaskDelReq
                0x000094dc                OSTaskNameGet
                0x000095aa                OSTaskNameSet
                0x0000968c                OSTaskResume
                0x000097a2                OSTaskStkChk
                0x00009912                OSTaskSuspend
                0x00009a28                OSTaskQuery
                0x00009aba                OS_TaskStkClr
 .text          0x00009b36      0x3cc uCOS-II/source/os_time.o
                0x00009b36                OSTimeDly
                0x00009bf6                OSTimeDlyHMSM
                0x00009d3a                OSTimeDlyResume
                0x00009e6e                OSTimeGet
                0x00009eba                OSTimeSet
 .text          0x00009f02      0xee6 uCOS-II/source/os_tmr.o
                0x00009f02                OSTmrCreate
                0x0000a05e                OSTmrDel
                0x0000a130                OSTmrNameGet
                0x0000a1ec                OSTmrRemainGet
                0x0000a3aa                OSTmrStateGet
                0x0000a434                OSTmrStart
                0x0000a50a                OSTmrStop
                0x0000a676                OSTmrSignal
                0x0000a7d2                OSTmr_Init
 .text          0x0000ade8        0x0 c:/program files/atmel/atmel studio 6.0/extensions/atmel/avrgcc/3.4.0.65/avrtoolchain/bin/../lib/gcc/avr/4.6.2/avrxmega6\libgcc.a(_mulsi3.o)
 .text          0x0000ade8        0x0 c:/program files/atmel/atmel studio 6.0/extensions/atmel/avrgcc/3.4.0.65/avrtoolchain/bin/../lib/gcc/avr/4.6.2/avrxmega6\libgcc.a(_udivmodsi4.o)
 .text          0x0000ade8        0x0 c:/program files/atmel/atmel studio 6.0/extensions/atmel/avrgcc/3.4.0.65/avrtoolchain/bin/../lib/gcc/avr/4.6.2/avrxmega6\libgcc.a(_exit.o)
 .text          0x0000ade8        0x0 c:/program files/atmel/atmel studio 6.0/extensions/atmel/avrgcc/3.4.0.65/avrtoolchain/bin/../lib/gcc/avr/4.6.2/avrxmega6\libgcc.a(_copy_data.o)
 .text          0x0000ade8        0x0 c:/program files/atmel/atmel studio 6.0/extensions/atmel/avrgcc/3.4.0.65/avrtoolchain/bin/../lib/gcc/avr/4.6.2/avrxmega6\libgcc.a(_clear_bss.o)
 .text          0x0000ade8        0x0 c:/program files/atmel/atmel studio 6.0/extensions/atmel/avrgcc/3.4.0.65/avrtoolchain/bin/../lib/gcc/avr/4.6.2/../../../../avr/lib/avrxmega6\libc.a(vsprintf.o)
 .text          0x0000ade8        0x0 c:/program files/atmel/atmel studio 6.0/extensions/atmel/avrgcc/3.4.0.65/avrtoolchain/bin/../lib/gcc/avr/4.6.2/../../../../avr/lib/avrxmega6\libc.a(vfprintf_std.o)
 .text          0x0000ade8        0x0 c:/program files/atmel/atmel studio 6.0/extensions/atmel/avrgcc/3.4.0.65/avrtoolchain/bin/../lib/gcc/avr/4.6.2/../../../../avr/lib/avrxmega6\libc.a(strnlen_P.o)
 .text          0x0000ade8        0x0 c:/program files/atmel/atmel studio 6.0/extensions/atmel/avrgcc/3.4.0.65/avrtoolchain/bin/../lib/gcc/avr/4.6.2/../../../../avr/lib/avrxmega6\libc.a(strnlen.o)
 .text          0x0000ade8        0x0 c:/program files/atmel/atmel studio 6.0/extensions/atmel/avrgcc/3.4.0.65/avrtoolchain/bin/../lib/gcc/avr/4.6.2/../../../../avr/lib/avrxmega6\libc.a(fputc.o)
 .text          0x0000ade8        0x0 c:/program files/atmel/atmel studio 6.0/extensions/atmel/avrgcc/3.4.0.65/avrtoolchain/bin/../lib/gcc/avr/4.6.2/../../../../avr/lib/avrxmega6\libc.a(ultoa_invert.o)
                0x0000ade8                . = ALIGN (0x2)
 *(.text.*)
 .text.libgcc   0x0000ade8       0x3e c:/program files/atmel/atmel studio 6.0/extensions/atmel/avrgcc/3.4.0.65/avrtoolchain/bin/../lib/gcc/avr/4.6.2/avrxmega6\libgcc.a(_mulsi3.o)
                0x0000ade8                __mulsi3
 .text.libgcc   0x0000ae26       0x44 c:/program files/atmel/atmel studio 6.0/extensions/atmel/avrgcc/3.4.0.65/avrtoolchain/bin/../lib/gcc/avr/4.6.2/avrxmega6\libgcc.a(_udivmodsi4.o)
                0x0000ae26                __udivmodsi4
 .text.libgcc   0x0000ae6a        0x0 c:/program files/atmel/atmel studio 6.0/extensions/atmel/avrgcc/3.4.0.65/avrtoolchain/bin/../lib/gcc/avr/4.6.2/avrxmega6\libgcc.a(_exit.o)
 .text.libgcc   0x0000ae6a        0x0 c:/program files/atmel/atmel studio 6.0/extensions/atmel/avrgcc/3.4.0.65/avrtoolchain/bin/../lib/gcc/avr/4.6.2/avrxmega6\libgcc.a(_copy_data.o)
 .text.libgcc   0x0000ae6a        0x0 c:/program files/atmel/atmel studio 6.0/extensions/atmel/avrgcc/3.4.0.65/avrtoolchain/bin/../lib/gcc/avr/4.6.2/avrxmega6\libgcc.a(_clear_bss.o)
 .text.avr-libc
                0x0000ae6a       0x46 c:/program files/atmel/atmel studio 6.0/extensions/atmel/avrgcc/3.4.0.65/avrtoolchain/bin/../lib/gcc/avr/4.6.2/../../../../avr/lib/avrxmega6\libc.a(vsprintf.o)
                0x0000ae6a                vsprintf
 .text.avr-libc
                0x0000aeb0      0x402 c:/program files/atmel/atmel studio 6.0/extensions/atmel/avrgcc/3.4.0.65/avrtoolchain/bin/../lib/gcc/avr/4.6.2/../../../../avr/lib/avrxmega6\libc.a(vfprintf_std.o)
                0x0000aeb0                vfprintf
 .text.avr-libc
                0x0000b2b2       0x16 c:/program files/atmel/atmel studio 6.0/extensions/atmel/avrgcc/3.4.0.65/avrtoolchain/bin/../lib/gcc/avr/4.6.2/../../../../avr/lib/avrxmega6\libc.a(strnlen_P.o)
                0x0000b2b2                strnlen_P
 .text.avr-libc
                0x0000b2c8       0x16 c:/program files/atmel/atmel studio 6.0/extensions/atmel/avrgcc/3.4.0.65/avrtoolchain/bin/../lib/gcc/avr/4.6.2/../../../../avr/lib/avrxmega6\libc.a(strnlen.o)
                0x0000b2c8                strnlen
 .text.avr-libc
                0x0000b2de       0x58 c:/program files/atmel/atmel studio 6.0/extensions/atmel/avrgcc/3.4.0.65/avrtoolchain/bin/../lib/gcc/avr/4.6.2/../../../../avr/lib/avrxmega6\libc.a(fputc.o)
                0x0000b2de                fputc
 .text.avr-libc
                0x0000b336       0xbc c:/program files/atmel/atmel studio 6.0/extensions/atmel/avrgcc/3.4.0.65/avrtoolchain/bin/../lib/gcc/avr/4.6.2/../../../../avr/lib/avrxmega6\libc.a(ultoa_invert.o)
                0x0000b336                __ultoa_invert
                0x0000b3f2                . = ALIGN (0x2)
 *(.fini9)
 .fini9         0x0000b3f2        0x0 c:/program files/atmel/atmel studio 6.0/extensions/atmel/avrgcc/3.4.0.65/avrtoolchain/bin/../lib/gcc/avr/4.6.2/avrxmega6\libgcc.a(_exit.o)
                0x0000b3f2                _exit
                0x0000b3f2                exit
 *(.fini9)
 *(.fini8)
 *(.fini8)
 *(.fini7)
 *(.fini7)
 *(.fini6)
 *(.fini6)
 *(.fini5)
 *(.fini5)
 *(.fini4)
 *(.fini4)
 *(.fini3)
 *(.fini3)
 *(.fini2)
 *(.fini2)
 *(.fini1)
 *(.fini1)
 *(.fini0)
 .fini0         0x0000b3f2        0x4 c:/program files/atmel/atmel studio 6.0/extensions/atmel/avrgcc/3.4.0.65/avrtoolchain/bin/../lib/gcc/avr/4.6.2/avrxmega6\libgcc.a(_exit.o)
 *(.fini0)
                0x0000b3f6                _etext = .

.data           0x00802000      0x2f6 load address 0x0000b3f6
                0x00802000                PROVIDE (__data_start, .)
 *(.data)
 .data          0x00802000        0x0 c:/program files/atmel/atmel studio 6.0/extensions/atmel/avrgcc/3.4.0.65/avrtoolchain/bin/../lib/gcc/avr/4.6.2/../../../../avr/lib/avrxmega6/crtx128d4.o
 .data          0x00802000       0xbb app.o
 .data          0x008020bb        0x0 app_vect.o
 .data          0x008020bb        0x9 BSP/bsp.o
 .data          0x008020c4        0x0 BSP/bsp_isr.o
 .data          0x008020c4        0x0 uC-CPU/cpu_a.o
 .data          0x008020c4        0x0 uC-LIB/lib_ascii.o
 .data          0x008020c4        0x0 uC-LIB/lib_mem.o
 .data          0x008020c4       0x94 uC-LIB/lib_str.o
 .data          0x00802158        0x0 uCOS-II/os_cpu_a.o
 .data          0x00802158        0x0 uCOS-II/os_cpu_c.o
 .data          0x00802158       0x60 uCOS-II/os_dbg.o
                0x00802158                OSDebugEn
                0x0080215a                OSEndiannessTest
                0x0080215e                OSEventMax
                0x00802160                OSEventNameSize
                0x00802162                OSEventEn
                0x00802164                OSEventSize
                0x00802166                OSEventTblSize
                0x00802168                OSFlagEn
                0x0080216a                OSFlagGrpSize
                0x0080216c                OSFlagNodeSize
                0x0080216e                OSFlagWidth
                0x00802170                OSFlagMax
                0x00802172                OSFlagNameSize
                0x00802174                OSLowestPrio
                0x00802176                OSMboxEn
                0x00802178                OSMemEn
                0x0080217a                OSMemMax
                0x0080217c                OSMemNameSize
                0x0080217e                OSMemSize
                0x00802180                OSMemTblSize
                0x00802182                OSMutexEn
                0x00802184                OSPtrSize
                0x00802186                OSQEn
                0x00802188                OSQMax
                0x0080218a                OSQSize
                0x0080218c                OSRdyTblSize
                0x0080218e                OSSemEn
                0x00802190                OSStkWidth
                0x00802192                OSTaskCreateEn
                0x00802194                OSTaskCreateExtEn
                0x00802196                OSTaskDelEn
                0x00802198                OSTaskIdleStkSize
                0x0080219a                OSTaskProfileEn
                0x0080219c                OSTaskMax
                0x0080219e                OSTaskNameSize
                0x008021a0                OSTaskStatEn
                0x008021a2                OSTaskStatStkSize
                0x008021a4                OSTaskStatStkChkEn
                0x008021a6                OSTaskSwHookEn
                0x008021a8                OSTCBPrioTblMax
                0x008021aa                OSTCBSize
                0x008021ac                OSTicksPerSec
                0x008021ae                OSTimeTickHookEn
                0x008021b0                OSTmrTblSize
                0x008021b2                OSTmrWheelTblSize
                0x008021b4                OSVersionNbr
                0x008021b6                OSDataSize
 .data          0x008021b8      0x11c uCOS-II/source/os_core.o
                0x008021b8                OSUnMapTbl
 .data          0x008022d4        0x0 uCOS-II/source/os_flag.o
 .data          0x008022d4        0x0 uCOS-II/source/os_mbox.o
 .data          0x008022d4        0x0 uCOS-II/source/os_mem.o
 .data          0x008022d4        0x0 uCOS-II/source/os_mutex.o
 .data          0x008022d4        0x0 uCOS-II/source/os_q.o
 .data          0x008022d4        0x0 uCOS-II/source/os_sem.o
 .data          0x008022d4        0x0 uCOS-II/source/os_task.o
 .data          0x008022d4        0x0 uCOS-II/source/os_time.o
 .data          0x008022d4       0x22 uCOS-II/source/os_tmr.o
 .data          0x008022f6        0x0 c:/program files/atmel/atmel studio 6.0/extensions/atmel/avrgcc/3.4.0.65/avrtoolchain/bin/../lib/gcc/avr/4.6.2/avrxmega6\libgcc.a(_mulsi3.o)
 .data          0x008022f6        0x0 c:/program files/atmel/atmel studio 6.0/extensions/atmel/avrgcc/3.4.0.65/avrtoolchain/bin/../lib/gcc/avr/4.6.2/avrxmega6\libgcc.a(_udivmodsi4.o)
 .data          0x008022f6        0x0 c:/program files/atmel/atmel studio 6.0/extensions/atmel/avrgcc/3.4.0.65/avrtoolchain/bin/../lib/gcc/avr/4.6.2/avrxmega6\libgcc.a(_exit.o)
 .data          0x008022f6        0x0 c:/program files/atmel/atmel studio 6.0/extensions/atmel/avrgcc/3.4.0.65/avrtoolchain/bin/../lib/gcc/avr/4.6.2/avrxmega6\libgcc.a(_copy_data.o)
 .data          0x008022f6        0x0 c:/program files/atmel/atmel studio 6.0/extensions/atmel/avrgcc/3.4.0.65/avrtoolchain/bin/../lib/gcc/avr/4.6.2/avrxmega6\libgcc.a(_clear_bss.o)
 .data          0x008022f6        0x0 c:/program files/atmel/atmel studio 6.0/extensions/atmel/avrgcc/3.4.0.65/avrtoolchain/bin/../lib/gcc/avr/4.6.2/../../../../avr/lib/avrxmega6\libc.a(vsprintf.o)
 .data          0x008022f6        0x0 c:/program files/atmel/atmel studio 6.0/extensions/atmel/avrgcc/3.4.0.65/avrtoolchain/bin/../lib/gcc/avr/4.6.2/../../../../avr/lib/avrxmega6\libc.a(vfprintf_std.o)
 .data          0x008022f6        0x0 c:/program files/atmel/atmel studio 6.0/extensions/atmel/avrgcc/3.4.0.65/avrtoolchain/bin/../lib/gcc/avr/4.6.2/../../../../avr/lib/avrxmega6\libc.a(strnlen_P.o)
 .data          0x008022f6        0x0 c:/program files/atmel/atmel studio 6.0/extensions/atmel/avrgcc/3.4.0.65/avrtoolchain/bin/../lib/gcc/avr/4.6.2/../../../../avr/lib/avrxmega6\libc.a(strnlen.o)
 .data          0x008022f6        0x0 c:/program files/atmel/atmel studio 6.0/extensions/atmel/avrgcc/3.4.0.65/avrtoolchain/bin/../lib/gcc/avr/4.6.2/../../../../avr/lib/avrxmega6\libc.a(fputc.o)
 .data          0x008022f6        0x0 c:/program files/atmel/atmel studio 6.0/extensions/atmel/avrgcc/3.4.0.65/avrtoolchain/bin/../lib/gcc/avr/4.6.2/../../../../avr/lib/avrxmega6\libc.a(ultoa_invert.o)
 *(.data*)
 *(.rodata)
 *(.rodata*)
 *(.gnu.linkonce.d*)
                0x008022f6                . = ALIGN (0x2)
                0x008022f6                _edata = .
                0x008022f6                PROVIDE (__data_end, .)

.bss            0x008022f6     0x1301
                0x008022f6                PROVIDE (__bss_start, .)
 *(.bss)
 .bss           0x008022f6        0x0 c:/program files/atmel/atmel studio 6.0/extensions/atmel/avrgcc/3.4.0.65/avrtoolchain/bin/../lib/gcc/avr/4.6.2/../../../../avr/lib/avrxmega6/crtx128d4.o
 .bss           0x008022f6      0x48b app.o
 .bss           0x00802781        0x0 app_vect.o
 .bss           0x00802781       0x51 BSP/bsp.o
 .bss           0x008027d2        0x0 BSP/bsp_isr.o
 .bss           0x008027d2        0x0 uC-CPU/cpu_a.o
 .bss           0x008027d2        0x0 uC-LIB/lib_ascii.o
 .bss           0x008027d2        0x0 uC-LIB/lib_mem.o
 .bss           0x008027d2        0x0 uC-LIB/lib_str.o
 .bss           0x008027d2        0x0 uCOS-II/os_cpu_a.o
 .bss           0x008027d2        0x2 uCOS-II/os_cpu_c.o
 .bss           0x008027d4        0x0 uCOS-II/os_dbg.o
 .bss           0x008027d4        0x0 uCOS-II/source/os_core.o
 .bss           0x008027d4        0x0 uCOS-II/source/os_flag.o
 .bss           0x008027d4        0x0 uCOS-II/source/os_mbox.o
 .bss           0x008027d4        0x0 uCOS-II/source/os_mem.o
 .bss           0x008027d4        0x0 uCOS-II/source/os_mutex.o
 .bss           0x008027d4        0x0 uCOS-II/source/os_q.o
 .bss           0x008027d4        0x0 uCOS-II/source/os_sem.o
 .bss           0x008027d4        0x0 uCOS-II/source/os_task.o
 .bss           0x008027d4        0x0 uCOS-II/source/os_time.o
 .bss           0x008027d4        0x0 uCOS-II/source/os_tmr.o
 .bss           0x008027d4        0x0 c:/program files/atmel/atmel studio 6.0/extensions/atmel/avrgcc/3.4.0.65/avrtoolchain/bin/../lib/gcc/avr/4.6.2/avrxmega6\libgcc.a(_mulsi3.o)
 .bss           0x008027d4        0x0 c:/program files/atmel/atmel studio 6.0/extensions/atmel/avrgcc/3.4.0.65/avrtoolchain/bin/../lib/gcc/avr/4.6.2/avrxmega6\libgcc.a(_udivmodsi4.o)
 .bss           0x008027d4        0x0 c:/program files/atmel/atmel studio 6.0/extensions/atmel/avrgcc/3.4.0.65/avrtoolchain/bin/../lib/gcc/avr/4.6.2/avrxmega6\libgcc.a(_exit.o)
 .bss           0x008027d4        0x0 c:/program files/atmel/atmel studio 6.0/extensions/atmel/avrgcc/3.4.0.65/avrtoolchain/bin/../lib/gcc/avr/4.6.2/avrxmega6\libgcc.a(_copy_data.o)
 .bss           0x008027d4        0x0 c:/program files/atmel/atmel studio 6.0/extensions/atmel/avrgcc/3.4.0.65/avrtoolchain/bin/../lib/gcc/avr/4.6.2/avrxmega6\libgcc.a(_clear_bss.o)
 .bss           0x008027d4        0x0 c:/program files/atmel/atmel studio 6.0/extensions/atmel/avrgcc/3.4.0.65/avrtoolchain/bin/../lib/gcc/avr/4.6.2/../../../../avr/lib/avrxmega6\libc.a(vsprintf.o)
 .bss           0x008027d4        0x0 c:/program files/atmel/atmel studio 6.0/extensions/atmel/avrgcc/3.4.0.65/avrtoolchain/bin/../lib/gcc/avr/4.6.2/../../../../avr/lib/avrxmega6\libc.a(vfprintf_std.o)
 .bss           0x008027d4        0x0 c:/program files/atmel/atmel studio 6.0/extensions/atmel/avrgcc/3.4.0.65/avrtoolchain/bin/../lib/gcc/avr/4.6.2/../../../../avr/lib/avrxmega6\libc.a(strnlen_P.o)
 .bss           0x008027d4        0x0 c:/program files/atmel/atmel studio 6.0/extensions/atmel/avrgcc/3.4.0.65/avrtoolchain/bin/../lib/gcc/avr/4.6.2/../../../../avr/lib/avrxmega6\libc.a(strnlen.o)
 .bss           0x008027d4        0x0 c:/program files/atmel/atmel studio 6.0/extensions/atmel/avrgcc/3.4.0.65/avrtoolchain/bin/../lib/gcc/avr/4.6.2/../../../../avr/lib/avrxmega6\libc.a(fputc.o)
 .bss           0x008027d4        0x0 c:/program files/atmel/atmel studio 6.0/extensions/atmel/avrgcc/3.4.0.65/avrtoolchain/bin/../lib/gcc/avr/4.6.2/../../../../avr/lib/avrxmega6\libc.a(ultoa_invert.o)
 *(.bss*)
 *(COMMON)
 COMMON         0x008027d4        0x4 uCOS-II/os_cpu_c.o
                0x008027d4                OSTaskStkSize
                0x008027d6                OSTaskStkSizeHard
 COMMON         0x008027d8      0xe1f uCOS-II/source/os_core.o
                0x008027d8                OSTmrFreeList
                0x008027da                OSTmrWheelTbl
                0x008027fa                OSLockNesting
                0x008027fb                OSTmrSemSignal
                0x008027fd                OSRunning
                0x008027fe                OSIdleCtr
                0x00802802                OSTmrUsed
                0x00802804                OSPrioHighRdy
                0x00802805                OSFlagTbl
                0x0080286e                OSTmrTbl
                0x00802ade                OSPrioCur
                0x00802adf                OSTCBList
                0x00802ae1                OSTickStepState
                0x00802ae2                OSTaskStatStk
                0x00802c4a                OSCtxSwCtr
                0x00802c4e                OSTmrFree
                0x00802c50                OSIdleCtrMax
                0x00802c54                OSTCBFreeList
                0x00802c56                OSCPUUsage
                0x00802c57                OSTaskCtr
                0x00802c58                OSQTbl
                0x00802c90                OSTCBHighRdy
                0x00802c92                OSQFreeList
                0x00802c94                OSRdyGrp
                0x00802c95                OSRdyTbl
                0x00802c9d                OSTmrTaskStk
                0x00802e05                OSEventFreeList
                0x00802e07                OSIntNesting
                0x00802e08                OSTCBCur
                0x00802e0a                OSTmrTime
                0x00802e0e                OSTime
                0x00802e12                OSTmrSem
                0x00802e14                OSTaskIdleStk
                0x00802f7c                OSEventTbl
                0x008030a8                OSTCBTbl
                0x00803570                OSFlagFreeList
                0x00803572                OSStatRdy
                0x00803573                OSTCBPrioTbl
                0x008035f3                OSIdleCtrRun
                0x008035f7                PROVIDE (__bss_end, .)
                0x0000b3f6                __data_load_start = LOADADDR (.data)
                0x0000b6ec                __data_load_end = (__data_load_start + SIZEOF (.data))

.noinit         0x008035f7        0x0
                0x008035f7                PROVIDE (__noinit_start, .)
 *(.noinit*)
                0x008035f7                PROVIDE (__noinit_end, .)
                0x008035f7                _end = .
                0x008035f7                PROVIDE (__heap_start, .)

.eeprom         0x00810000        0x0
 *(.eeprom*)
                0x00810000                __eeprom_end = .

.fuse
 *(.fuse)
 *(.lfuse)
 *(.hfuse)
 *(.efuse)

.lock
 *(.lock*)

.signature
 *(.signature*)

.stab           0x00000000      0xc9c
 *(.stab)
 .stab          0x00000000      0x6e4 c:/program files/atmel/atmel studio 6.0/extensions/atmel/avrgcc/3.4.0.65/avrtoolchain/bin/../lib/gcc/avr/4.6.2/../../../../avr/lib/avrxmega6/crtx128d4.o
 .stab          0x000006e4       0x9c c:/program files/atmel/atmel studio 6.0/extensions/atmel/avrgcc/3.4.0.65/avrtoolchain/bin/../lib/gcc/avr/4.6.2/../../../../avr/lib/avrxmega6\libc.a(strnlen_P.o)
                                 0xa8 (size before relaxing)
 .stab          0x00000780       0x9c c:/program files/atmel/atmel studio 6.0/extensions/atmel/avrgcc/3.4.0.65/avrtoolchain/bin/../lib/gcc/avr/4.6.2/../../../../avr/lib/avrxmega6\libc.a(strnlen.o)
                                 0xa8 (size before relaxing)
 .stab          0x0000081c      0x480 c:/program files/atmel/atmel studio 6.0/extensions/atmel/avrgcc/3.4.0.65/avrtoolchain/bin/../lib/gcc/avr/4.6.2/../../../../avr/lib/avrxmega6\libc.a(ultoa_invert.o)
                                0x48c (size before relaxing)

.stabstr        0x00000000      0x1b6
 *(.stabstr)
 .stabstr       0x00000000      0x1b6 c:/program files/atmel/atmel studio 6.0/extensions/atmel/avrgcc/3.4.0.65/avrtoolchain/bin/../lib/gcc/avr/4.6.2/../../../../avr/lib/avrxmega6/crtx128d4.o

.stab.excl
 *(.stab.excl)

.stab.exclstr
 *(.stab.exclstr)

.stab.index
 *(.stab.index)

.stab.indexstr
 *(.stab.indexstr)

.comment
 *(.comment)

.debug
 *(.debug)

.line
 *(.line)

.debug_srcinfo
 *(.debug_srcinfo)

.debug_sfnames
 *(.debug_sfnames)

.debug_aranges  0x00000000      0x380
 *(.debug_aranges)
 .debug_aranges
                0x00000000       0x20 app.o
 .debug_aranges
                0x00000020       0x20 app_vect.o
 .debug_aranges
                0x00000040       0x20 BSP/bsp.o
 .debug_aranges
                0x00000060       0x20 BSP/bsp_isr.o
 .debug_aranges
                0x00000080       0x20 uC-CPU/cpu_a.o
 .debug_aranges
                0x000000a0       0x20 uC-LIB/lib_ascii.o
 .debug_aranges
                0x000000c0       0x20 uC-LIB/lib_mem.o
 .debug_aranges
                0x000000e0       0x20 uC-LIB/lib_str.o
 .debug_aranges
                0x00000100       0x20 uCOS-II/os_cpu_a.o
 .debug_aranges
                0x00000120       0x20 uCOS-II/os_cpu_c.o
 .debug_aranges
                0x00000140       0x20 uCOS-II/os_dbg.o
 .debug_aranges
                0x00000160       0x20 uCOS-II/source/os_core.o
 .debug_aranges
                0x00000180       0x20 uCOS-II/source/os_flag.o
 .debug_aranges
                0x000001a0       0x20 uCOS-II/source/os_mbox.o
 .debug_aranges
                0x000001c0       0x20 uCOS-II/source/os_mutex.o
 .debug_aranges
                0x000001e0       0x20 uCOS-II/source/os_q.o
 .debug_aranges
                0x00000200       0x20 uCOS-II/source/os_sem.o
 .debug_aranges
                0x00000220       0x20 uCOS-II/source/os_task.o
 .debug_aranges
                0x00000240       0x20 uCOS-II/source/os_time.o
 .debug_aranges
                0x00000260       0x20 uCOS-II/source/os_tmr.o
 .debug_aranges
                0x00000280       0x20 c:/program files/atmel/atmel studio 6.0/extensions/atmel/avrgcc/3.4.0.65/avrtoolchain/bin/../lib/gcc/avr/4.6.2/avrxmega6\libgcc.a(_mulsi3.o)
 .debug_aranges
                0x000002a0       0x20 c:/program files/atmel/atmel studio 6.0/extensions/atmel/avrgcc/3.4.0.65/avrtoolchain/bin/../lib/gcc/avr/4.6.2/avrxmega6\libgcc.a(_udivmodsi4.o)
 .debug_aranges
                0x000002c0       0x20 c:/program files/atmel/atmel studio 6.0/extensions/atmel/avrgcc/3.4.0.65/avrtoolchain/bin/../lib/gcc/avr/4.6.2/avrxmega6\libgcc.a(_exit.o)
 .debug_aranges
                0x000002e0       0x20 c:/program files/atmel/atmel studio 6.0/extensions/atmel/avrgcc/3.4.0.65/avrtoolchain/bin/../lib/gcc/avr/4.6.2/avrxmega6\libgcc.a(_copy_data.o)
 .debug_aranges
                0x00000300       0x20 c:/program files/atmel/atmel studio 6.0/extensions/atmel/avrgcc/3.4.0.65/avrtoolchain/bin/../lib/gcc/avr/4.6.2/avrxmega6\libgcc.a(_clear_bss.o)
 .debug_aranges
                0x00000320       0x20 c:/program files/atmel/atmel studio 6.0/extensions/atmel/avrgcc/3.4.0.65/avrtoolchain/bin/../lib/gcc/avr/4.6.2/../../../../avr/lib/avrxmega6\libc.a(vsprintf.o)
 .debug_aranges
                0x00000340       0x20 c:/program files/atmel/atmel studio 6.0/extensions/atmel/avrgcc/3.4.0.65/avrtoolchain/bin/../lib/gcc/avr/4.6.2/../../../../avr/lib/avrxmega6\libc.a(vfprintf_std.o)
 .debug_aranges
                0x00000360       0x20 c:/program files/atmel/atmel studio 6.0/extensions/atmel/avrgcc/3.4.0.65/avrtoolchain/bin/../lib/gcc/avr/4.6.2/../../../../avr/lib/avrxmega6\libc.a(fputc.o)

.debug_pubnames
 *(.debug_pubnames)

.debug_info     0x00000000     0xa44d
 *(.debug_info)
 .debug_info    0x00000000      0x824 app.o
 .debug_info    0x00000824       0x65 app_vect.o
 .debug_info    0x00000889     0x112f BSP/bsp.o
 .debug_info    0x000019b8       0x66 BSP/bsp_isr.o
 .debug_info    0x00001a1e       0x67 uC-CPU/cpu_a.o
 .debug_info    0x00001a85      0x415 uC-LIB/lib_ascii.o
 .debug_info    0x00001e9a      0x34e uC-LIB/lib_mem.o
 .debug_info    0x000021e8      0x733 uC-LIB/lib_str.o
 .debug_info    0x0000291b       0x6b uCOS-II/os_cpu_a.o
 .debug_info    0x00002986      0x524 uCOS-II/os_cpu_c.o
 .debug_info    0x00002eaa     0x1058 uCOS-II/os_dbg.o
 .debug_info    0x00003f02     0x140a uCOS-II/source/os_core.o
 .debug_info    0x0000530c      0xa9f uCOS-II/source/os_flag.o
 .debug_info    0x00005dab      0x74c uCOS-II/source/os_mbox.o
 .debug_info    0x000064f7       0x5b uCOS-II/source/os_mem.o
 .debug_info    0x00006552      0x7f2 uCOS-II/source/os_mutex.o
 .debug_info    0x00006d44      0x9ad uCOS-II/source/os_q.o
 .debug_info    0x000076f1      0x726 uCOS-II/source/os_sem.o
 .debug_info    0x00007e17      0xabc uCOS-II/source/os_task.o
 .debug_info    0x000088d3      0x5b5 uCOS-II/source/os_time.o
 .debug_info    0x00008e88      0xaf6 uCOS-II/source/os_tmr.o
 .debug_info    0x0000997e       0xe2 c:/program files/atmel/atmel studio 6.0/extensions/atmel/avrgcc/3.4.0.65/avrtoolchain/bin/../lib/gcc/avr/4.6.2/avrxmega6\libgcc.a(_mulsi3.o)
 .debug_info    0x00009a60       0xe2 c:/program files/atmel/atmel studio 6.0/extensions/atmel/avrgcc/3.4.0.65/avrtoolchain/bin/../lib/gcc/avr/4.6.2/avrxmega6\libgcc.a(_udivmodsi4.o)
 .debug_info    0x00009b42       0xe2 c:/program files/atmel/atmel studio 6.0/extensions/atmel/avrgcc/3.4.0.65/avrtoolchain/bin/../lib/gcc/avr/4.6.2/avrxmega6\libgcc.a(_exit.o)
 .debug_info    0x00009c24       0xe2 c:/program files/atmel/atmel studio 6.0/extensions/atmel/avrgcc/3.4.0.65/avrtoolchain/bin/../lib/gcc/avr/4.6.2/avrxmega6\libgcc.a(_copy_data.o)
 .debug_info    0x00009d06       0xe2 c:/program files/atmel/atmel studio 6.0/extensions/atmel/avrgcc/3.4.0.65/avrtoolchain/bin/../lib/gcc/avr/4.6.2/avrxmega6\libgcc.a(_clear_bss.o)
 .debug_info    0x00009de8      0x1bc c:/program files/atmel/atmel studio 6.0/extensions/atmel/avrgcc/3.4.0.65/avrtoolchain/bin/../lib/gcc/avr/4.6.2/../../../../avr/lib/avrxmega6\libc.a(vsprintf.o)
 .debug_info    0x00009fa4      0x342 c:/program files/atmel/atmel studio 6.0/extensions/atmel/avrgcc/3.4.0.65/avrtoolchain/bin/../lib/gcc/avr/4.6.2/../../../../avr/lib/avrxmega6\libc.a(vfprintf_std.o)
 .debug_info    0x0000a2e6      0x167 c:/program files/atmel/atmel studio 6.0/extensions/atmel/avrgcc/3.4.0.65/avrtoolchain/bin/../lib/gcc/avr/4.6.2/../../../../avr/lib/avrxmega6\libc.a(fputc.o)
 *(.gnu.linkonce.wi.*)

.debug_abbrev   0x00000000     0x1962
 *(.debug_abbrev)
 .debug_abbrev  0x00000000      0x192 app.o
 .debug_abbrev  0x00000192       0x14 app_vect.o
 .debug_abbrev  0x000001a6      0x1eb BSP/bsp.o
 .debug_abbrev  0x00000391       0x14 BSP/bsp_isr.o
 .debug_abbrev  0x000003a5       0x14 uC-CPU/cpu_a.o
 .debug_abbrev  0x000003b9       0xc2 uC-LIB/lib_ascii.o
 .debug_abbrev  0x0000047b       0xd4 uC-LIB/lib_mem.o
 .debug_abbrev  0x0000054f       0xf6 uC-LIB/lib_str.o
 .debug_abbrev  0x00000645       0x14 uCOS-II/os_cpu_a.o
 .debug_abbrev  0x00000659      0x163 uCOS-II/os_cpu_c.o
 .debug_abbrev  0x000007bc      0x106 uCOS-II/os_dbg.o
 .debug_abbrev  0x000008c2      0x1fd uCOS-II/source/os_core.o
 .debug_abbrev  0x00000abf      0x166 uCOS-II/source/os_flag.o
 .debug_abbrev  0x00000c25      0x132 uCOS-II/source/os_mbox.o
 .debug_abbrev  0x00000d57       0x2c uCOS-II/source/os_mem.o
 .debug_abbrev  0x00000d83      0x15e uCOS-II/source/os_mutex.o
 .debug_abbrev  0x00000ee1      0x158 uCOS-II/source/os_q.o
 .debug_abbrev  0x00001039      0x158 uCOS-II/source/os_sem.o
 .debug_abbrev  0x00001191      0x159 uCOS-II/source/os_task.o
 .debug_abbrev  0x000012ea      0x13f uCOS-II/source/os_time.o
 .debug_abbrev  0x00001429      0x1b0 uCOS-II/source/os_tmr.o
 .debug_abbrev  0x000015d9       0x14 c:/program files/atmel/atmel studio 6.0/extensions/atmel/avrgcc/3.4.0.65/avrtoolchain/bin/../lib/gcc/avr/4.6.2/avrxmega6\libgcc.a(_mulsi3.o)
 .debug_abbrev  0x000015ed       0x14 c:/program files/atmel/atmel studio 6.0/extensions/atmel/avrgcc/3.4.0.65/avrtoolchain/bin/../lib/gcc/avr/4.6.2/avrxmega6\libgcc.a(_udivmodsi4.o)
 .debug_abbrev  0x00001601       0x14 c:/program files/atmel/atmel studio 6.0/extensions/atmel/avrgcc/3.4.0.65/avrtoolchain/bin/../lib/gcc/avr/4.6.2/avrxmega6\libgcc.a(_exit.o)
 .debug_abbrev  0x00001615       0x14 c:/program files/atmel/atmel studio 6.0/extensions/atmel/avrgcc/3.4.0.65/avrtoolchain/bin/../lib/gcc/avr/4.6.2/avrxmega6\libgcc.a(_copy_data.o)
 .debug_abbrev  0x00001629       0x14 c:/program files/atmel/atmel studio 6.0/extensions/atmel/avrgcc/3.4.0.65/avrtoolchain/bin/../lib/gcc/avr/4.6.2/avrxmega6\libgcc.a(_clear_bss.o)
 .debug_abbrev  0x0000163d       0xeb c:/program files/atmel/atmel studio 6.0/extensions/atmel/avrgcc/3.4.0.65/avrtoolchain/bin/../lib/gcc/avr/4.6.2/../../../../avr/lib/avrxmega6\libc.a(vsprintf.o)
 .debug_abbrev  0x00001728      0x161 c:/program files/atmel/atmel studio 6.0/extensions/atmel/avrgcc/3.4.0.65/avrtoolchain/bin/../lib/gcc/avr/4.6.2/../../../../avr/lib/avrxmega6\libc.a(vfprintf_std.o)
 .debug_abbrev  0x00001889       0xd9 c:/program files/atmel/atmel studio 6.0/extensions/atmel/avrgcc/3.4.0.65/avrtoolchain/bin/../lib/gcc/avr/4.6.2/../../../../avr/lib/avrxmega6\libc.a(fputc.o)

.debug_line     0x00000000     0x36c7
 *(.debug_line)
 .debug_line    0x00000000      0x50b app.o
 .debug_line    0x0000050b       0xb8 app_vect.o
 .debug_line    0x000005c3      0x5ab BSP/bsp.o
 .debug_line    0x00000b6e       0x4f BSP/bsp_isr.o
 .debug_line    0x00000bbd       0x43 uC-CPU/cpu_a.o
 .debug_line    0x00000c00      0x41b uC-LIB/lib_ascii.o
 .debug_line    0x0000101b      0x180 uC-LIB/lib_mem.o
 .debug_line    0x0000119b      0x4b3 uC-LIB/lib_str.o
 .debug_line    0x0000164e       0x79 uCOS-II/os_cpu_a.o
 .debug_line    0x000016c7       0xec uCOS-II/os_cpu_c.o
 .debug_line    0x000017b3      0x418 uCOS-II/os_dbg.o
 .debug_line    0x00001bcb      0x414 uCOS-II/source/os_core.o
 .debug_line    0x00001fdf      0x283 uCOS-II/source/os_flag.o
 .debug_line    0x00002262      0x193 uCOS-II/source/os_mbox.o
 .debug_line    0x000023f5       0x7b uCOS-II/source/os_mem.o
 .debug_line    0x00002470      0x1c3 uCOS-II/source/os_mutex.o
 .debug_line    0x00002633      0x215 uCOS-II/source/os_q.o
 .debug_line    0x00002848      0x17e uCOS-II/source/os_sem.o
 .debug_line    0x000029c6      0x220 uCOS-II/source/os_task.o
 .debug_line    0x00002be6       0xe8 uCOS-II/source/os_time.o
 .debug_line    0x00002cce      0x23a uCOS-II/source/os_tmr.o
 .debug_line    0x00002f08       0xa5 c:/program files/atmel/atmel studio 6.0/extensions/atmel/avrgcc/3.4.0.65/avrtoolchain/bin/../lib/gcc/avr/4.6.2/avrxmega6\libgcc.a(_mulsi3.o)
 .debug_line    0x00002fad       0xa8 c:/program files/atmel/atmel studio 6.0/extensions/atmel/avrgcc/3.4.0.65/avrtoolchain/bin/../lib/gcc/avr/4.6.2/avrxmega6\libgcc.a(_udivmodsi4.o)
 .debug_line    0x00003055       0x88 c:/program files/atmel/atmel studio 6.0/extensions/atmel/avrgcc/3.4.0.65/avrtoolchain/bin/../lib/gcc/avr/4.6.2/avrxmega6\libgcc.a(_exit.o)
 .debug_line    0x000030dd       0x93 c:/program files/atmel/atmel studio 6.0/extensions/atmel/avrgcc/3.4.0.65/avrtoolchain/bin/../lib/gcc/avr/4.6.2/avrxmega6\libgcc.a(_copy_data.o)
 .debug_line    0x00003170       0x8e c:/program files/atmel/atmel studio 6.0/extensions/atmel/avrgcc/3.4.0.65/avrtoolchain/bin/../lib/gcc/avr/4.6.2/avrxmega6\libgcc.a(_clear_bss.o)
 .debug_line    0x000031fe      0x157 c:/program files/atmel/atmel studio 6.0/extensions/atmel/avrgcc/3.4.0.65/avrtoolchain/bin/../lib/gcc/avr/4.6.2/../../../../avr/lib/avrxmega6\libc.a(vsprintf.o)
 .debug_line    0x00003355      0x291 c:/program files/atmel/atmel studio 6.0/extensions/atmel/avrgcc/3.4.0.65/avrtoolchain/bin/../lib/gcc/avr/4.6.2/../../../../avr/lib/avrxmega6\libc.a(vfprintf_std.o)
 .debug_line    0x000035e6       0xe1 c:/program files/atmel/atmel studio 6.0/extensions/atmel/avrgcc/3.4.0.65/avrtoolchain/bin/../lib/gcc/avr/4.6.2/../../../../avr/lib/avrxmega6\libc.a(fputc.o)

.debug_frame    0x00000000     0x1ed0
 *(.debug_frame)
 .debug_frame   0x00000000      0x2cc app.o
 .debug_frame   0x000002cc      0x41c BSP/bsp.o
 .debug_frame   0x000006e8      0x1f4 uC-LIB/lib_ascii.o
 .debug_frame   0x000008dc       0xb4 uC-LIB/lib_mem.o
 .debug_frame   0x00000990      0x1e4 uC-LIB/lib_str.o
 .debug_frame   0x00000b74      0x154 uCOS-II/os_cpu_c.o
 .debug_frame   0x00000cc8       0x34 uCOS-II/os_dbg.o
 .debug_frame   0x00000cfc      0x514 uCOS-II/source/os_core.o
 .debug_frame   0x00001210      0x1c4 uCOS-II/source/os_flag.o
 .debug_frame   0x000013d4      0x114 uCOS-II/source/os_mbox.o
 .debug_frame   0x000014e8       0xf4 uCOS-II/source/os_mutex.o
 .debug_frame   0x000015dc      0x174 uCOS-II/source/os_q.o
 .debug_frame   0x00001750      0x114 uCOS-II/source/os_sem.o
 .debug_frame   0x00001864      0x200 uCOS-II/source/os_task.o
 .debug_frame   0x00001a64       0xc8 uCOS-II/source/os_time.o
 .debug_frame   0x00001b2c      0x2ac uCOS-II/source/os_tmr.o
 .debug_frame   0x00001dd8       0x3c c:/program files/atmel/atmel studio 6.0/extensions/atmel/avrgcc/3.4.0.65/avrtoolchain/bin/../lib/gcc/avr/4.6.2/../../../../avr/lib/avrxmega6\libc.a(vsprintf.o)
 .debug_frame   0x00001e14       0x84 c:/program files/atmel/atmel studio 6.0/extensions/atmel/avrgcc/3.4.0.65/avrtoolchain/bin/../lib/gcc/avr/4.6.2/../../../../avr/lib/avrxmega6\libc.a(vfprintf_std.o)
 .debug_frame   0x00001e98       0x38 c:/program files/atmel/atmel studio 6.0/extensions/atmel/avrgcc/3.4.0.65/avrtoolchain/bin/../lib/gcc/avr/4.6.2/../../../../avr/lib/avrxmega6\libc.a(fputc.o)

.debug_str      0x00000000     0x22d3
 *(.debug_str)
 .debug_str     0x00000000      0x4ee app.o
                                0x53a (size before relaxing)
 .debug_str     0x000004ee      0x77f BSP/bsp.o
                                0x8af (size before relaxing)
 .debug_str     0x00000c6d      0x13c uC-LIB/lib_ascii.o
                                0x1f1 (size before relaxing)
 .debug_str     0x00000da9      0x18f uC-LIB/lib_mem.o
                                0x250 (size before relaxing)
 .debug_str     0x00000f38      0x1ef uC-LIB/lib_str.o
                                0x31a (size before relaxing)
 .debug_str     0x00001127       0xdc uCOS-II/os_cpu_c.o
                                0x3bb (size before relaxing)
 .debug_str     0x00001203      0x562 uCOS-II/os_dbg.o
                                0x8a9 (size before relaxing)
 .debug_str     0x00001765      0x307 uCOS-II/source/os_core.o
                                0x931 (size before relaxing)
 .debug_str     0x00001a6c      0x14a uCOS-II/source/os_flag.o
                                0x4f6 (size before relaxing)
 .debug_str     0x00001bb6       0xc4 uCOS-II/source/os_mbox.o
                                0x417 (size before relaxing)
 .debug_str     0x00001c7a       0x1b uCOS-II/source/os_mem.o
                                 0x9e (size before relaxing)
 .debug_str     0x00001c95       0xc9 uCOS-II/source/os_mutex.o
                                0x456 (size before relaxing)
 .debug_str     0x00001d5e       0xaf uCOS-II/source/os_q.o
                                0x479 (size before relaxing)
 .debug_str     0x00001e0d       0x9c uCOS-II/source/os_sem.o
                                0x402 (size before relaxing)
 .debug_str     0x00001ea9      0x11a uCOS-II/source/os_task.o
                                0x505 (size before relaxing)
 .debug_str     0x00001fc3       0x7a uCOS-II/source/os_time.o
                                0x3a5 (size before relaxing)
 .debug_str     0x0000203d      0x132 uCOS-II/source/os_tmr.o
                                0x577 (size before relaxing)
 .debug_str     0x0000216f       0x6f c:/program files/atmel/atmel studio 6.0/extensions/atmel/avrgcc/3.4.0.65/avrtoolchain/bin/../lib/gcc/avr/4.6.2/../../../../avr/lib/avrxmega6\libc.a(vsprintf.o)
                                0x123 (size before relaxing)
 .debug_str     0x000021de       0x9f c:/program files/atmel/atmel studio 6.0/extensions/atmel/avrgcc/3.4.0.65/avrtoolchain/bin/../lib/gcc/avr/4.6.2/../../../../avr/lib/avrxmega6\libc.a(vfprintf_std.o)
                                0x16b (size before relaxing)
 .debug_str     0x0000227d       0x56 c:/program files/atmel/atmel studio 6.0/extensions/atmel/avrgcc/3.4.0.65/avrtoolchain/bin/../lib/gcc/avr/4.6.2/../../../../avr/lib/avrxmega6\libc.a(fputc.o)
                                 0xfb (size before relaxing)

.debug_loc      0x00000000     0x41bd
 *(.debug_loc)
 .debug_loc     0x00000000      0x5ac app.o
 .debug_loc     0x000005ac      0x84a BSP/bsp.o
 .debug_loc     0x00000df6      0x42b uC-LIB/lib_ascii.o
 .debug_loc     0x00001221      0x134 uC-LIB/lib_mem.o
 .debug_loc     0x00001355      0x39b uC-LIB/lib_str.o
 .debug_loc     0x000016f0      0x275 uCOS-II/os_cpu_c.o
 .debug_loc     0x00001965       0x48 uCOS-II/os_dbg.o
 .debug_loc     0x000019ad      0xa74 uCOS-II/source/os_core.o
 .debug_loc     0x00002421      0x34d uCOS-II/source/os_flag.o
 .debug_loc     0x0000276e      0x1e5 uCOS-II/source/os_mbox.o
 .debug_loc     0x00002953      0x1c4 uCOS-II/source/os_mutex.o
 .debug_loc     0x00002b17      0x296 uCOS-II/source/os_q.o
 .debug_loc     0x00002dad      0x1e5 uCOS-II/source/os_sem.o
 .debug_loc     0x00002f92      0x416 uCOS-II/source/os_task.o
 .debug_loc     0x000033a8      0x175 uCOS-II/source/os_time.o
 .debug_loc     0x0000351d      0x571 uCOS-II/source/os_tmr.o
 .debug_loc     0x00003a8e       0xad c:/program files/atmel/atmel studio 6.0/extensions/atmel/avrgcc/3.4.0.65/avrtoolchain/bin/../lib/gcc/avr/4.6.2/../../../../avr/lib/avrxmega6\libc.a(vsprintf.o)
 .debug_loc     0x00003b3b      0x5e9 c:/program files/atmel/atmel studio 6.0/extensions/atmel/avrgcc/3.4.0.65/avrtoolchain/bin/../lib/gcc/avr/4.6.2/../../../../avr/lib/avrxmega6\libc.a(vfprintf_std.o)
 .debug_loc     0x00004124       0x99 c:/program files/atmel/atmel studio 6.0/extensions/atmel/avrgcc/3.4.0.65/avrtoolchain/bin/../lib/gcc/avr/4.6.2/../../../../avr/lib/avrxmega6\libc.a(fputc.o)

.debug_macinfo  0x00000000    0x8fb9f
 *(.debug_macinfo)
 .debug_macinfo
                0x00000000    0x1ac55 app.o
 .debug_macinfo
                0x0001ac55    0x1b1f3 BSP/bsp.o
 .debug_macinfo
                0x00035e48     0x5700 uC-LIB/lib_ascii.o
 .debug_macinfo
                0x0003b548     0x55e0 uC-LIB/lib_mem.o
 .debug_macinfo
                0x00040b28     0x54a6 uC-LIB/lib_str.o
 .debug_macinfo
                0x00045fce     0x4453 uCOS-II/os_cpu_c.o
 .debug_macinfo
                0x0004a421    0x1ac08 uCOS-II/os_dbg.o
 .debug_macinfo
                0x00065029     0x444f uCOS-II/source/os_core.o
 .debug_macinfo
                0x00069478     0x4447 uCOS-II/source/os_flag.o
 .debug_macinfo
                0x0006d8bf     0x4447 uCOS-II/source/os_mbox.o
 .debug_macinfo
                0x00071d06     0x4447 uCOS-II/source/os_mem.o
 .debug_macinfo
                0x0007614d     0x44c2 uCOS-II/source/os_mutex.o
 .debug_macinfo
                0x0007a60f     0x4447 uCOS-II/source/os_q.o
 .debug_macinfo
                0x0007ea56     0x4447 uCOS-II/source/os_sem.o
 .debug_macinfo
                0x00082e9d     0x4447 uCOS-II/source/os_task.o
 .debug_macinfo
                0x000872e4     0x4447 uCOS-II/source/os_time.o
 .debug_macinfo
                0x0008b72b     0x4474 uCOS-II/source/os_tmr.o
OUTPUT(uCOS-II-ATXmega128D3.elf elf32-avr)
LOAD linker stubs

.debug_ranges   0x00000000       0x30
 .debug_ranges  0x00000000       0x10 c:/program files/atmel/atmel studio 6.0/extensions/atmel/avrgcc/3.4.0.65/avrtoolchain/bin/../lib/gcc/avr/4.6.2/../../../../avr/lib/avrxmega6\libc.a(vsprintf.o)
 .debug_ranges  0x00000010       0x10 c:/program files/atmel/atmel studio 6.0/extensions/atmel/avrgcc/3.4.0.65/avrtoolchain/bin/../lib/gcc/avr/4.6.2/../../../../avr/lib/avrxmega6\libc.a(vfprintf_std.o)
 .debug_ranges  0x00000020       0x10 c:/program files/atmel/atmel studio 6.0/extensions/atmel/avrgcc/3.4.0.65/avrtoolchain/bin/../lib/gcc/avr/4.6.2/../../../../avr/lib/avrxmega6\libc.a(fputc.o)
